Change Component Designator: Old Designator=C28 New Designator=C36
Change Component Designator: Old Designator=D11 New Designator=D8
Change Component Designator: Old Designator=D12 New Designator=D9
Change Component Designator: Old Designator=D13 New Designator=D10
Change Component Designator: Old Designator=D14 New Designator=D11
Change Component Designator: Old Designator=FB1 New Designator=FB2
Change Component Designator: Old Designator=Q7 New Designator=Q6
Change Component Designator: Old Designator=Q8 New Designator=Q7
Change Component Designator: Old Designator=Q9 New Designator=Q8
Change Component Designator: Old Designator=Q10 New Designator=Q9
Change Component Designator: Old Designator=R81 New Designator=R85
Change Component Designator: Old Designator=R82 New Designator=R86
Change Component Designator: Old Designator=R83 New Designator=R87
Change Component Designator: Old Designator=R84 New Designator=R88
Change Component Designator: Old Designator=R85 New Designator=R89
Change Component Designator: Old Designator=R86 New Designator=R90
Change Component Designator: Old Designator=R87 New Designator=R91
Change Component Designator: Old Designator=R88 New Designator=R92
Change Component Designator: Old Designator=R89 New Designator=R93
Change Component Designator: Old Designator=R90 New Designator=R94
Change Component Designator: Old Designator=U7 New Designator=U12
Change Component Designator: Old Designator=U7 New Designator=U12
Change Component Designator: Old Designator=U8 New Designator=U13
Change Component Designator: Old Designator=U9 New Designator=U14
