Removed Pin From Net: NetName=GND Pin=R94-2
Removed Pin From Net: NetName=PB3 Pin=R100-1
Removed Member From Class: ClassName=TCPP Member=C72
Change Component DesignItemId : Designator=R93 Old DesignItemId=RES SMD 0 OHM JUMPER 1/16W 0402 New DesignItemId=Net Tie Line
Change Component Footprint: Designator=R93 Old Footprint=R0402 New Footprint=Net Tie 1x3mm
Change Component Comment : Designator=R93 Old Comment=RES SMD 0 OHM JUMPER 1/16W 0402 New Comment=Net Tie
Change Component Designator: OldDesignator=C68 NewDesignator=C147
Change Component Designator: OldDesignator=C69 NewDesignator=C146
Change Component Designator: OldDesignator=C70 NewDesignator=C66
Change Component Designator: OldDesignator=C71 NewDesignator=C67
Change Component Designator: OldDesignator=C72 NewDesignator=C68
Change Component Designator: OldDesignator=C73 NewDesignator=C69
Change Component Designator: OldDesignator=C74 NewDesignator=C70
Change Component Designator: OldDesignator=C75 NewDesignator=C71
Change Component Designator: OldDesignator=C76 NewDesignator=C72
Change Component Designator: OldDesignator=C77 NewDesignator=C73
Change Component Designator: OldDesignator=C78 NewDesignator=C74
Change Component Designator: OldDesignator=C79 NewDesignator=C75
Change Component Designator: OldDesignator=C80 NewDesignator=C76
Change Component Designator: OldDesignator=C81 NewDesignator=C77
Change Component Designator: OldDesignator=C82 NewDesignator=C78
Change Component Designator: OldDesignator=C83 NewDesignator=C79
Change Component Designator: OldDesignator=C84 NewDesignator=C80
Change Component Designator: OldDesignator=C85 NewDesignator=C81
Change Component Designator: OldDesignator=C86 NewDesignator=C82
Change Component Designator: OldDesignator=C87 NewDesignator=C83
Change Component Designator: OldDesignator=C88 NewDesignator=C84
Change Component Designator: OldDesignator=C89 NewDesignator=C85
Change Component Designator: OldDesignator=C90 NewDesignator=C86
Change Component Designator: OldDesignator=C91 NewDesignator=C87
Change Component Designator: OldDesignator=C92 NewDesignator=C88
Change Component Designator: OldDesignator=C93 NewDesignator=C89
Change Component Designator: OldDesignator=C94 NewDesignator=C90
Change Component Designator: OldDesignator=C95 NewDesignator=C91
Change Component Designator: OldDesignator=C96 NewDesignator=C92
Change Component Designator: OldDesignator=C97 NewDesignator=C93
Change Component Designator: OldDesignator=C98 NewDesignator=C94
Change Component Designator: OldDesignator=C99 NewDesignator=C95
Change Component Designator: OldDesignator=C100 NewDesignator=C96
Change Component Designator: OldDesignator=C101 NewDesignator=C97
Change Component Designator: OldDesignator=C102 NewDesignator=C98
Change Component Designator: OldDesignator=C103 NewDesignator=C99
Change Component Designator: OldDesignator=C104 NewDesignator=C100
Change Component Designator: OldDesignator=C105 NewDesignator=C101
Change Component Designator: OldDesignator=C106 NewDesignator=C102
Change Component Designator: OldDesignator=C107 NewDesignator=C103
Change Component Designator: OldDesignator=C108 NewDesignator=C104
Change Component Designator: OldDesignator=C109 NewDesignator=C105
Change Component Designator: OldDesignator=C110 NewDesignator=C106
Change Component Designator: OldDesignator=C111 NewDesignator=C107
Change Component Designator: OldDesignator=C112 NewDesignator=C108
Change Component Designator: OldDesignator=C113 NewDesignator=C109
Change Component Designator: OldDesignator=C114 NewDesignator=C110
Change Component Designator: OldDesignator=C115 NewDesignator=C111
Change Component Designator: OldDesignator=C116 NewDesignator=C112
Change Component Designator: OldDesignator=C117 NewDesignator=C113
Change Component Designator: OldDesignator=C118 NewDesignator=C114
Change Component Designator: OldDesignator=C119 NewDesignator=C115
Change Component Designator: OldDesignator=C120 NewDesignator=C116
Change Component Designator: OldDesignator=C121 NewDesignator=C117
Change Component Designator: OldDesignator=C122 NewDesignator=C118
Change Component Designator: OldDesignator=C123 NewDesignator=C119
Change Component Designator: OldDesignator=C124 NewDesignator=C120
Change Component Designator: OldDesignator=C125 NewDesignator=C121
Change Component Designator: OldDesignator=C126 NewDesignator=C122
Change Component Designator: OldDesignator=C127 NewDesignator=C123
Change Component Designator: OldDesignator=C128 NewDesignator=C124
Change Component Designator: OldDesignator=C129 NewDesignator=C125
Change Component Designator: OldDesignator=C130 NewDesignator=C126
Change Component Designator: OldDesignator=C131 NewDesignator=C127
Change Component Designator: OldDesignator=C132 NewDesignator=C128
Change Component Designator: OldDesignator=C133 NewDesignator=C129
Change Component Designator: OldDesignator=C134 NewDesignator=C130
Change Component Designator: OldDesignator=C135 NewDesignator=C131
Change Component Designator: OldDesignator=C136 NewDesignator=C132
Change Component Designator: OldDesignator=C137 NewDesignator=C133
Change Component Designator: OldDesignator=C138 NewDesignator=C134
Change Component Designator: OldDesignator=C139 NewDesignator=C135
Change Component Designator: OldDesignator=C140 NewDesignator=C136
Change Component Designator: OldDesignator=C141 NewDesignator=C137
Change Component Designator: OldDesignator=C142 NewDesignator=C138
Change Component Designator: OldDesignator=C143 NewDesignator=C139
Change Component Designator: OldDesignator=C144 NewDesignator=C140
Change Component Designator: OldDesignator=C145 NewDesignator=C141
Change Component Designator: OldDesignator=C146 NewDesignator=C142
Change Component Designator: OldDesignator=C147 NewDesignator=C143
Change Component Designator: OldDesignator=C148 NewDesignator=C144
Change Component Designator: OldDesignator=C149 NewDesignator=C145
Change Component Designator: OldDesignator=D13 NewDesignator=D12
Change Component Designator: OldDesignator=D14 NewDesignator=D13
Change Component Designator: OldDesignator=D15 NewDesignator=D14
Change Component Designator: OldDesignator=D16 NewDesignator=D15
Change Component Designator: OldDesignator=NT3 NewDesignator=NT4
Change Component Designator: OldDesignator=NT4 NewDesignator=NT5
Change Component Designator: OldDesignator=NT5 NewDesignator=NT6
Change Component Designator: OldDesignator=NT6 NewDesignator=NT7
Change Component Designator: OldDesignator=R93 NewDesignator=NT3
Change Component Designator: OldDesignator=R95 NewDesignator=R93
Change Component Designator: OldDesignator=R96 NewDesignator=R94
Change Component Designator: OldDesignator=R102 NewDesignator=R95
Change Component Designator: OldDesignator=R103 NewDesignator=R96
Change Component Designator: OldDesignator=R104 NewDesignator=R97
Change Component Designator: OldDesignator=R105 NewDesignator=R98
Change Component Designator: OldDesignator=R106 NewDesignator=R99
Change Component Designator: OldDesignator=R107 NewDesignator=R100
Change Component Designator: OldDesignator=R108 NewDesignator=R101
Change Component Designator: OldDesignator=R109 NewDesignator=R102
Change Component Designator: OldDesignator=R110 NewDesignator=R103
Change Component Designator: OldDesignator=R111 NewDesignator=R104
Change Component Designator: OldDesignator=R112 NewDesignator=R105
Change Component Designator: OldDesignator=R113 NewDesignator=R106
Change Component Designator: OldDesignator=R114 NewDesignator=R107
Change Component Designator: OldDesignator=R115 NewDesignator=R108
Change Component Designator: OldDesignator=R116 NewDesignator=R109
Change Component Designator: OldDesignator=R117 NewDesignator=R110
Change Component Designator: OldDesignator=R118 NewDesignator=R111
Change Component Designator: OldDesignator=R119 NewDesignator=R112
Change Component Designator: OldDesignator=R120 NewDesignator=R113
Change Component Designator: OldDesignator=R121 NewDesignator=R114
Change Component Designator: OldDesignator=R122 NewDesignator=R115
Change Component Designator: OldDesignator=R123 NewDesignator=R116
Change Component Designator: OldDesignator=R124 NewDesignator=R117
Change Component Designator: OldDesignator=R125 NewDesignator=R118
Change Component Designator: OldDesignator=R126 NewDesignator=R119
Change Component Designator: OldDesignator=R127 NewDesignator=R120
Change Component Designator: OldDesignator=R128 NewDesignator=R121
Change Component Designator: OldDesignator=R129 NewDesignator=R122
Change Component Designator: OldDesignator=R130 NewDesignator=R123
Change Component Designator: OldDesignator=R131 NewDesignator=R124
Change Component Designator: OldDesignator=R132 NewDesignator=R125
Change Component Designator: OldDesignator=R133 NewDesignator=R126
Change Component Designator: OldDesignator=R134 NewDesignator=R127
Change Component Designator: OldDesignator=R135 NewDesignator=R128
Change Component Designator: OldDesignator=R136 NewDesignator=R129
Change Component Designator: OldDesignator=R137 NewDesignator=R130
Change Component Designator: OldDesignator=R138 NewDesignator=R131
Change Component Designator: OldDesignator=R139 NewDesignator=R132
Change Component Designator: OldDesignator=R140 NewDesignator=R133
Change Component Designator: OldDesignator=R141 NewDesignator=R134
Change Component Designator: OldDesignator=R142 NewDesignator=R135
Change Component Designator: OldDesignator=R143 NewDesignator=R136
Change Component Designator: OldDesignator=R144 NewDesignator=R137
Change Component Designator: OldDesignator=R145 NewDesignator=R138
Change Component Designator: OldDesignator=U23 NewDesignator=U41
Change Component Designator: OldDesignator=U24 NewDesignator=U22
Change Component Designator: OldDesignator=U25 NewDesignator=U23
Change Component Designator: OldDesignator=U26 NewDesignator=U24
Change Component Designator: OldDesignator=U27 NewDesignator=U25
Change Component Designator: OldDesignator=U28 NewDesignator=U26
Change Component Designator: OldDesignator=U29 NewDesignator=U27
Change Component Designator: OldDesignator=U30 NewDesignator=U28
Change Component Designator: OldDesignator=U31 NewDesignator=U29
Change Component Designator: OldDesignator=U32 NewDesignator=U30
Change Component Designator: OldDesignator=U33 NewDesignator=U31
Change Component Designator: OldDesignator=U34 NewDesignator=U32
Change Component Designator: OldDesignator=U35 NewDesignator=U33
Change Component Designator: OldDesignator=U36 NewDesignator=U34
Change Component Designator: OldDesignator=U37 NewDesignator=U35
Change Component Designator: OldDesignator=U38 NewDesignator=U36
Change Component Designator: OldDesignator=U39 NewDesignator=U37
Change Component Designator: OldDesignator=U40 NewDesignator=U38
Change Component Designator: OldDesignator=U41 NewDesignator=U39
Change Component Designator: OldDesignator=U42 NewDesignator=U40
Change Component Description : Designator=NT3 Old Description=0 Ohms Jumper 0.063W, 1/16W Chip Resistor 0402 (1005 Metric) Moisture Resistant Thick Film New Description=
Change Component Library : Designator=NT3 Old Library=resistors_smd.SchLib New Library=BLDC_Motor_Driver.SCHLIB
Change Component Kind : Designator=NT3 Old Kind=Standard New Kind=Net Tie
Change component parameters: Designator = "NT3"; Footprint = "Net Tie 1x3mm"; UniqueID = "\IYPESPDM\SLYIUMFP"
Change component parameters. Clean all parameters for all variants
Change component parameters (AddParameter): Name = "ClassName"; Value = "Net Tie"; VariantName = "[No Variations]"
Added Pin To Net: NetName=PB3 Pin=U27-4
Change Net Name : Old Net Name=NetC69_2 New Net Name=NetC146_2
Change Net Name : Old Net Name=NetC77_2 New Net Name=NetC73_2
Change Net Name : Old Net Name=NetC79_1 New Net Name=NetC75_1
Change Net Name : Old Net Name=NetC80_2 New Net Name=NetC76_2
Change Net Name : Old Net Name=NetC81_2 New Net Name=NetC77_2
Change Net Name : Old Net Name=NetC84_2 New Net Name=NetC80_2
Change Net Name : Old Net Name=NetC85_2 New Net Name=NetC81_2
Change Net Name : Old Net Name=NetC86_1 New Net Name=NetC82_1
Change Net Name : Old Net Name=NetC86_2 New Net Name=NetC82_2
Change Net Name : Old Net Name=NetC95_1 New Net Name=NetC91_1
Change Net Name : Old Net Name=NetC95_2 New Net Name=NetC91_2
Change Net Name : Old Net Name=NetC98_1 New Net Name=NetC94_1
Change Net Name : Old Net Name=NetC106_2 New Net Name=NetC102_2
Change Net Name : Old Net Name=NetC107_2 New Net Name=NetC103_2
Change Net Name : Old Net Name=NetC126_2 New Net Name=NetC122_2
Change Net Name : Old Net Name=NetC132_1 New Net Name=NetC128_1
Change Net Name : Old Net Name=NetC136_1 New Net Name=NetC132_1
Change Net Name : Old Net Name=NetC139_2 New Net Name=NetC135_2
Change Net Name : Old Net Name=NetC144_2 New Net Name=NetC140_2
Change Net Name : Old Net Name=NetC146_1 New Net Name=NetC142_1
Change Net Name : Old Net Name=NetC146_2 New Net Name=NetC142_2
Change Net Name : Old Net Name=NetC149_2 New Net Name=NetC145_2
Change Net Name : Old Net Name=NetNT3_2 New Net Name=NetNT4_2
Change Net Name : Old Net Name=NetNT4_2 New Net Name=NetNT5_2
Change Net Name : Old Net Name=NetNT5_1 New Net Name=NetNT6_1
Change Net Name : Old Net Name=NetNT6_1 New Net Name=NetNT7_1
Change Net Name : Old Net Name=NetR93_2 New Net Name=NetNT3_2
Change Net Name : Old Net Name=NetR113_2 New Net Name=NetR106_2
Change Net Name : Old Net Name=NetR116_1 New Net Name=NetR109_1
Change Net Name : Old Net Name=NetR123_1 New Net Name=NetR116_1
Change Net Name : Old Net Name=NetR124_1 New Net Name=NetR117_1
Change Net Name : Old Net Name=NetR125_1 New Net Name=NetR118_1
Change Net Name : Old Net Name=NetR126_1 New Net Name=NetR119_1
Change Net Name : Old Net Name=NetR137_1 New Net Name=NetR130_1
Change Net Name : Old Net Name=NetR145_2 New Net Name=NetR138_2
Change Net Name : Old Net Name=NetU29_2 New Net Name=NetU27_2
Change Net Name : Old Net Name=NetU29_3 New Net Name=NetU27_3
Change Net Name : Old Net Name=NetU33_2 New Net Name=NetU31_2
Change Net Name : Old Net Name=NetU33_3 New Net Name=NetU31_3
Change Net Name : Old Net Name=NetU33_9 New Net Name=NetU31_9
Change Net Name : Old Net Name=NetU33_10 New Net Name=NetU31_10
Change Net Name : Old Net Name=NetU33_11 New Net Name=NetU31_11
Change Net Name : Old Net Name=NetU34_1 New Net Name=NetU32_1
Change Net Name : Old Net Name=NetU34_23 New Net Name=NetU32_23
Added Member To Class: ClassName=TCPP Member=Component C147 (C1) CAP CER 1UF 16V X5R 0402
Added Member To Class: ClassName=Net Tie Member=Component NT5 Net Tie
