Removed Pin From Net: NetName=+3V3 Pin=C82-1
Removed Pin From Net: NetName=GND Pin=C82-2
Removed Pin From Net: NetName=GND Pin=U27-4
Removed Pin From Net: NetName=GPIO19 Pin=U27-5
Removed Pin From Net: NetName=GPIO18 Pin=U27-6
Removed Pin From Net: NetName=+3V3 Pin=U27-8
Removed Pin From Net: NetName=GND Pin=U27-9
Change Component Designator: OldDesignator=C70 NewDesignator=C146
Change Component Designator: OldDesignator=C71 NewDesignator=C147
Change Component Designator: OldDesignator=C72 NewDesignator=C148
Change Component Designator: OldDesignator=C73 NewDesignator=C149
Change Component Designator: OldDesignator=C74 NewDesignator=C150
Change Component Designator: OldDesignator=C75 NewDesignator=C70
Change Component Designator: OldDesignator=C76 NewDesignator=C71
Change Component Designator: OldDesignator=C77 NewDesignator=C72
Change Component Designator: OldDesignator=C78 NewDesignator=C73
Change Component Designator: OldDesignator=C79 NewDesignator=C74
Change Component Designator: OldDesignator=C80 NewDesignator=C75
Change Component Designator: OldDesignator=C81 NewDesignator=C76
Change Component Designator: OldDesignator=C83 NewDesignator=C77
Change Component Designator: OldDesignator=C84 NewDesignator=C78
Change Component Designator: OldDesignator=C85 NewDesignator=C79
Change Component Designator: OldDesignator=C86 NewDesignator=C80
Change Component Designator: OldDesignator=C87 NewDesignator=C81
Change Component Designator: OldDesignator=C88 NewDesignator=C82
Change Component Designator: OldDesignator=C89 NewDesignator=C83
Change Component Designator: OldDesignator=C90 NewDesignator=C84
Change Component Designator: OldDesignator=C91 NewDesignator=C85
Change Component Designator: OldDesignator=C92 NewDesignator=C86
Change Component Designator: OldDesignator=C93 NewDesignator=C87
Change Component Designator: OldDesignator=C94 NewDesignator=C88
Change Component Designator: OldDesignator=C95 NewDesignator=C89
Change Component Designator: OldDesignator=C96 NewDesignator=C90
Change Component Designator: OldDesignator=C97 NewDesignator=C91
Change Component Designator: OldDesignator=C98 NewDesignator=C92
Change Component Designator: OldDesignator=C99 NewDesignator=C93
Change Component Designator: OldDesignator=C100 NewDesignator=C94
Change Component Designator: OldDesignator=C101 NewDesignator=C95
Change Component Designator: OldDesignator=C102 NewDesignator=C96
Change Component Designator: OldDesignator=C103 NewDesignator=C97
Change Component Designator: OldDesignator=C104 NewDesignator=C98
Change Component Designator: OldDesignator=C105 NewDesignator=C99
Change Component Designator: OldDesignator=C106 NewDesignator=C100
Change Component Designator: OldDesignator=C107 NewDesignator=C101
Change Component Designator: OldDesignator=C108 NewDesignator=C102
Change Component Designator: OldDesignator=C109 NewDesignator=C103
Change Component Designator: OldDesignator=C110 NewDesignator=C104
Change Component Designator: OldDesignator=C111 NewDesignator=C105
Change Component Designator: OldDesignator=C112 NewDesignator=C106
Change Component Designator: OldDesignator=C113 NewDesignator=C107
Change Component Designator: OldDesignator=C114 NewDesignator=C108
Change Component Designator: OldDesignator=C115 NewDesignator=C109
Change Component Designator: OldDesignator=C116 NewDesignator=C110
Change Component Designator: OldDesignator=C117 NewDesignator=C111
Change Component Designator: OldDesignator=C118 NewDesignator=C112
Change Component Designator: OldDesignator=C119 NewDesignator=C113
Change Component Designator: OldDesignator=C120 NewDesignator=C114
Change Component Designator: OldDesignator=C121 NewDesignator=C115
Change Component Designator: OldDesignator=C122 NewDesignator=C116
Change Component Designator: OldDesignator=C123 NewDesignator=C117
Change Component Designator: OldDesignator=C124 NewDesignator=C118
Change Component Designator: OldDesignator=C125 NewDesignator=C119
Change Component Designator: OldDesignator=C126 NewDesignator=C120
Change Component Designator: OldDesignator=C127 NewDesignator=C121
Change Component Designator: OldDesignator=C128 NewDesignator=C122
Change Component Designator: OldDesignator=C129 NewDesignator=C123
Change Component Designator: OldDesignator=C130 NewDesignator=C124
Change Component Designator: OldDesignator=C131 NewDesignator=C125
Change Component Designator: OldDesignator=C132 NewDesignator=C126
Change Component Designator: OldDesignator=C133 NewDesignator=C127
Change Component Designator: OldDesignator=C134 NewDesignator=C128
Change Component Designator: OldDesignator=C135 NewDesignator=C129
Change Component Designator: OldDesignator=C136 NewDesignator=C130
Change Component Designator: OldDesignator=C137 NewDesignator=C131
Change Component Designator: OldDesignator=C138 NewDesignator=C132
Change Component Designator: OldDesignator=C139 NewDesignator=C133
Change Component Designator: OldDesignator=C140 NewDesignator=C134
Change Component Designator: OldDesignator=C141 NewDesignator=C135
Change Component Designator: OldDesignator=C142 NewDesignator=C136
Change Component Designator: OldDesignator=C143 NewDesignator=C137
Change Component Designator: OldDesignator=C144 NewDesignator=C138
Change Component Designator: OldDesignator=C145 NewDesignator=C139
Change Component Designator: OldDesignator=C146 NewDesignator=C140
Change Component Designator: OldDesignator=C147 NewDesignator=C141
Change Component Designator: OldDesignator=C148 NewDesignator=C142
Change Component Designator: OldDesignator=C149 NewDesignator=C143
Change Component Designator: OldDesignator=C150 NewDesignator=C144
Change Component Designator: OldDesignator=C151 NewDesignator=C145
Change Component Designator: OldDesignator=D11 NewDesignator=D15
Change Component Designator: OldDesignator=D12 NewDesignator=D16
Change Component Designator: OldDesignator=D13 NewDesignator=D11
Change Component Designator: OldDesignator=D14 NewDesignator=D12
Change Component Designator: OldDesignator=D15 NewDesignator=D13
Change Component Designator: OldDesignator=D16 NewDesignator=D14
Change Component Designator: OldDesignator=FB4 NewDesignator=FB8
Change Component Designator: OldDesignator=FB5 NewDesignator=FB4
Change Component Designator: OldDesignator=FB6 NewDesignator=FB5
Change Component Designator: OldDesignator=FB7 NewDesignator=FB6
Change Component Designator: OldDesignator=FB8 NewDesignator=FB7
Change Component Designator: OldDesignator=L4 NewDesignator=L5
Change Component Designator: OldDesignator=L5 NewDesignator=L4
Change Component Designator: OldDesignator=R87 NewDesignator=R147
Change Component Designator: OldDesignator=R89 NewDesignator=R87
Change Component Designator: OldDesignator=R90 NewDesignator=R88
Change Component Designator: OldDesignator=R91 NewDesignator=R89
Change Component Designator: OldDesignator=R92 NewDesignator=R90
Change Component Designator: OldDesignator=R93 NewDesignator=R91
Change Component Designator: OldDesignator=R94 NewDesignator=R92
Change Component Designator: OldDesignator=R95 NewDesignator=R93
Change Component Designator: OldDesignator=R96 NewDesignator=R94
Change Component Designator: OldDesignator=R97 NewDesignator=R95
Change Component Designator: OldDesignator=R98 NewDesignator=R96
Change Component Designator: OldDesignator=R99 NewDesignator=R97
Change Component Designator: OldDesignator=R100 NewDesignator=R98
Change Component Designator: OldDesignator=R101 NewDesignator=R99
Change Component Designator: OldDesignator=R102 NewDesignator=R100
Change Component Designator: OldDesignator=R103 NewDesignator=R101
Change Component Designator: OldDesignator=R104 NewDesignator=R102
Change Component Designator: OldDesignator=R105 NewDesignator=R103
Change Component Designator: OldDesignator=R106 NewDesignator=R104
Change Component Designator: OldDesignator=R107 NewDesignator=R105
Change Component Designator: OldDesignator=R108 NewDesignator=R106
Change Component Designator: OldDesignator=R109 NewDesignator=R107
Change Component Designator: OldDesignator=R110 NewDesignator=R108
Change Component Designator: OldDesignator=R111 NewDesignator=R109
Change Component Designator: OldDesignator=R112 NewDesignator=R110
Change Component Designator: OldDesignator=R113 NewDesignator=R111
Change Component Designator: OldDesignator=R114 NewDesignator=R112
Change Component Designator: OldDesignator=R115 NewDesignator=R113
Change Component Designator: OldDesignator=R116 NewDesignator=R114
Change Component Designator: OldDesignator=R117 NewDesignator=R115
Change Component Designator: OldDesignator=R118 NewDesignator=R116
Change Component Designator: OldDesignator=R119 NewDesignator=R117
Change Component Designator: OldDesignator=R120 NewDesignator=R118
Change Component Designator: OldDesignator=R121 NewDesignator=R119
Change Component Designator: OldDesignator=R122 NewDesignator=R120
Change Component Designator: OldDesignator=R123 NewDesignator=R121
Change Component Designator: OldDesignator=R124 NewDesignator=R122
Change Component Designator: OldDesignator=R125 NewDesignator=R123
Change Component Designator: OldDesignator=R126 NewDesignator=R124
Change Component Designator: OldDesignator=R127 NewDesignator=R125
Change Component Designator: OldDesignator=R128 NewDesignator=R126
Change Component Designator: OldDesignator=R129 NewDesignator=R127
Change Component Designator: OldDesignator=R130 NewDesignator=R128
Change Component Designator: OldDesignator=R131 NewDesignator=R129
Change Component Designator: OldDesignator=R132 NewDesignator=R130
Change Component Designator: OldDesignator=R133 NewDesignator=R131
Change Component Designator: OldDesignator=R134 NewDesignator=R132
Change Component Designator: OldDesignator=R135 NewDesignator=R133
Change Component Designator: OldDesignator=R136 NewDesignator=R134
Change Component Designator: OldDesignator=R137 NewDesignator=R135
Change Component Designator: OldDesignator=R138 NewDesignator=R136
Change Component Designator: OldDesignator=R139 NewDesignator=R137
Change Component Designator: OldDesignator=R140 NewDesignator=R138
Change Component Designator: OldDesignator=R141 NewDesignator=R139
Change Component Designator: OldDesignator=R142 NewDesignator=R140
Change Component Designator: OldDesignator=R143 NewDesignator=R141
Change Component Designator: OldDesignator=R144 NewDesignator=R142
Change Component Designator: OldDesignator=R145 NewDesignator=R143
Change Component Designator: OldDesignator=R146 NewDesignator=R144
Change Component Designator: OldDesignator=R147 NewDesignator=R145
Change Component Designator: OldDesignator=R148 NewDesignator=R146
Change Component Designator: OldDesignator=U24 NewDesignator=U43
Change Component Designator: OldDesignator=U25 NewDesignator=U24
Change Component Designator: OldDesignator=U26 NewDesignator=U25
Change Component Designator: OldDesignator=U28 NewDesignator=U26
Change Component Designator: OldDesignator=U29 NewDesignator=U27
Change Component Designator: OldDesignator=U30 NewDesignator=U28
Change Component Designator: OldDesignator=U31 NewDesignator=U29
Change Component Designator: OldDesignator=U32 NewDesignator=U30
Change Component Designator: OldDesignator=U33 NewDesignator=U31
Change Component Designator: OldDesignator=U34 NewDesignator=U32
Change Component Designator: OldDesignator=U35 NewDesignator=U33
Change Component Designator: OldDesignator=U36 NewDesignator=U34
Change Component Designator: OldDesignator=U37 NewDesignator=U35
Change Component Designator: OldDesignator=U38 NewDesignator=U36
Change Component Designator: OldDesignator=U39 NewDesignator=U37
Change Component Designator: OldDesignator=U40 NewDesignator=U38
Change Component Designator: OldDesignator=U41 NewDesignator=U39
Change Component Designator: OldDesignator=U42 NewDesignator=U40
Change Component Designator: OldDesignator=U43 NewDesignator=U41
Change Component Designator: OldDesignator=U44 NewDesignator=U42
Change Net Name : Old Net Name=NetC70_2 New Net Name=NetC146_2
Change Net Name : Old Net Name=NetC72_1 New Net Name=NetC148_1
Change Net Name : Old Net Name=NetC72_2 New Net Name=NetC148_2
Change Net Name : Old Net Name=NetC83_2 New Net Name=NetC77_2
Change Net Name : Old Net Name=NetC85_1 New Net Name=NetC79_1
Change Net Name : Old Net Name=NetC86_2 New Net Name=NetC80_2
Change Net Name : Old Net Name=NetC87_2 New Net Name=NetC81_2
Change Net Name : Old Net Name=NetC90_2 New Net Name=NetC84_2
Change Net Name : Old Net Name=NetC91_2 New Net Name=NetC85_2
Change Net Name : Old Net Name=NetC92_1 New Net Name=NetC86_1
Change Net Name : Old Net Name=NetC92_2 New Net Name=NetC86_2
Change Net Name : Old Net Name=NetC101_1 New Net Name=NetC95_1
Change Net Name : Old Net Name=NetC101_2 New Net Name=NetC95_2
Change Net Name : Old Net Name=NetC104_1 New Net Name=NetC98_1
Change Net Name : Old Net Name=NetC112_2 New Net Name=NetC106_2
Change Net Name : Old Net Name=NetC113_2 New Net Name=NetC107_2
Change Net Name : Old Net Name=NetC120_2 New Net Name=NetC114_2
Change Net Name : Old Net Name=NetC121_2 New Net Name=NetC115_2
Change Net Name : Old Net Name=NetC134_2 New Net Name=NetC128_2
Change Net Name : Old Net Name=NetC140_1 New Net Name=NetC134_1
Change Net Name : Old Net Name=NetC144_1 New Net Name=NetC138_1
Change Net Name : Old Net Name=NetC147_2 New Net Name=NetC141_2
Change Net Name : Old Net Name=NetD14_1 New Net Name=NetD12_1
Change Net Name : Old Net Name=NetR96_2 New Net Name=NetR94_2
Change Net Name : Old Net Name=NetR101_2 New Net Name=NetR99_2
Change Net Name : Old Net Name=NetR102_2 New Net Name=NetR100_2
Change Net Name : Old Net Name=NetR104_1 New Net Name=NetR102_1
Change Net Name : Old Net Name=NetR116_2 New Net Name=NetR114_2
Change Net Name : Old Net Name=NetR119_1 New Net Name=NetR117_1
Change Net Name : Old Net Name=NetR126_1 New Net Name=NetR124_1
Change Net Name : Old Net Name=NetR127_1 New Net Name=NetR125_1
Change Net Name : Old Net Name=NetR128_1 New Net Name=NetR126_1
Change Net Name : Old Net Name=NetR129_1 New Net Name=NetR127_1
Change Net Name : Old Net Name=NetR135_2 New Net Name=NetR133_2
Change Net Name : Old Net Name=NetR136_2 New Net Name=NetR134_2
Change Net Name : Old Net Name=NetR142_1 New Net Name=NetR140_1
Change Net Name : Old Net Name=NetU31_2 New Net Name=NetU29_2
Change Net Name : Old Net Name=NetU31_3 New Net Name=NetU29_3
Change Net Name : Old Net Name=NetU35_2 New Net Name=NetU33_2
Change Net Name : Old Net Name=NetU35_3 New Net Name=NetU33_3
Change Net Name : Old Net Name=NetU35_9 New Net Name=NetU33_9
Change Net Name : Old Net Name=NetU35_10 New Net Name=NetU33_10
Change Net Name : Old Net Name=NetU35_11 New Net Name=NetU33_11
Change Net Name : Old Net Name=NetU36_1 New Net Name=NetU34_1
Change Net Name : Old Net Name=NetU36_23 New Net Name=NetU34_23
