Removed Member From Class: ClassName=U_TPS22810 2 Member=C127
Removed Member From Class: ClassName=U_TPS22810 2 Member=C130
Removed Member From Class: ClassName=USB-to-UART_Bridge Member=C139
Removed Member From Class: ClassName=USB-to-UART_Bridge Member=C140
Removed Member From Class: ClassName=USB-to-UART_Bridge Member=C141
Removed Member From Class: ClassName=DISP_PS Member=C142
Removed Member From Class: ClassName=DISP_PS Member=C143
Removed Member From Class: ClassName=MIC1 Member=C145
Removed Member From Class: ClassName=STM32G473CETx Member=R21
Removed Member From Class: ClassName=P109 Member=R33
Removed Member From Class: ClassName=UART_MUX Member=R33
Removed Member From Class: ClassName=P109 Member=R44
Removed Member From Class: ClassName=P109 Member=R48
Removed Member From Class: ClassName=U_ESP32-WROOM32D_Module Member=R52
Removed Member From Class: ClassName=P110 Member=R67
Removed Member From Class: ClassName=+4V2_PS Member=R80
Removed Member From Class: ClassName=+3V3_PS Member=R83
Removed Member From Class: ClassName=TCPP Member=R85
Removed Member From Class: ClassName=U_TS3USBCA410_USB_C_SBU_Multiplexer Member=R91
Removed Member From Class: ClassName=USB_MUX Member=R94
Removed Member From Class: ClassName=USB_SW Member=R96
Removed Member From Class: ClassName=STM32G473CETx Member=R99
Removed Member From Class: ClassName=U_TS3USBCA410_USB_C_SBU_Multiplexer Member=R99
Removed Member From Class: ClassName=P26 Member=R108
Removed Member From Class: ClassName=P103 Member=R112
Removed Member From Class: ClassName=U_DRV10975 3-ph Sensorless BLDC Motor Driver Member=R118
Removed Member From Class: ClassName=+3V3_PS Member=R122
Removed Member From Class: ClassName=CODEC Member=R126
Removed Member From Class: ClassName=FLASH Member=R130
Removed Member From Class: ClassName=STM32G473QETx Member=R132
Removed Member From Class: ClassName=DISP_PS Member=R141
Removed Member From Class: ClassName=MIC1 Member=R142
Removed Member From Class: ClassName=USB-to-UART_Bridge Member=U38
Removed Member From Class: ClassName=MIC1 Member=U40
Change Class Name : Old Net Name=USB-to-UART_Bridge New Net Name=+3V3_AUDIO_PS
Added Class: Name=USB-to-UART_Bridge
Added Member To Class: ClassName=+1V8_PS Member=Component C93 (C1) CAP CER 2.2UF 6.3V X5R 0402
Added Member To Class: ClassName=+1V8_PS Member=Component C94 (C2) CAP CER 2.2UF 6.3V X5R 0402
Added Member To Class: ClassName=FLASH Member=Component C114 (C1) CAP CER 0.1UF 50V X7R 0402
Added Member To Class: ClassName=MCU Member=Component C115 (C12) CAP CER 0.1UF 50V X7R 0402
Added Member To Class: ClassName=RTC_XTAL Member=Component C115 (C12) CAP CER 0.1UF 50V X7R 0402
Added Member To Class: ClassName=STM32G473QETx Member=Component C129 (C15) CAP CER 1UF 16V X5R 0402
Added Member To Class: ClassName=STM32G473QETx Member=Component C130 (C1) CAP CER 0.1UF 50V X7R 0402
Added Member To Class: ClassName=U_TPS22810 2 Member=Component C132 (C2) CAP CER 0.1UF 16V X7R 0402
Added Member To Class: ClassName=U_TPS22810 2 Member=Component C133 (C3) CAP CER 2.2UF 35V X5R 0603
Added Member To Class: ClassName=+3V3_AUDIO_PS Member=Component C134 (C1) CAP CER 10UF 16V X5R 0603
Added Member To Class: ClassName=+3V3_AUDIO_PS Member=Component C137 (C4) CAP CER 10UF 16V X5R 0603
Added Member To Class: ClassName=+3V3_AUDIO_PS Member=Component C138 (C5) CAP CER 10UF 16V X5R 0603
Added Member To Class: ClassName=DISP_PS Member=Component C147 (C4) CAP CER 10UF 16V X5R 0603
Added Member To Class: ClassName=DISP_PS Member=Component C148 (C5) CAP CER 10UF 16V X5R 0603
Added Member To Class: ClassName=MIC1 Member=Component C149 (C33) CAP CER 0.1UF 50V X7R 0402
Added Member To Class: ClassName=STM32G473QETx Member=Component FB5 (FB1) FERRITE BEAD 1 KOHM 0402 1LN
Added Member To Class: ClassName=DISP_PS Member=Component FB6 (FB1) FERRITE BEAD 470 OHM 0603 1LN
Added Member To Class: ClassName=MIC1 Member=Component FB7 (FB1) FERRITE BEAD 1 KOHM 0402 1LN
Added Member To Class: ClassName=Net Tie Member=Component NT4 (NT5) Net Tie
Added Member To Class: ClassName=P128 Member=Component NT6 (NT7) Net Tie
Added Member To Class: ClassName=STM32G473CETx Member=Component R25 (R44) RES SMD 0 OHM JUMPER 1/16W 0402
Added Member To Class: ClassName=UART_MUX Member=Component R36 (R83) RES SMD 10K OHM 1% 1/16W 0402
Added Member To Class: ClassName=P109 Member=Component R40 (R87) RES SMD 10K OHM 1% 1/16W 0402
Added Member To Class: ClassName=P109 Member=Component R46 (R89) RES SMD 0 OHM JUMPER 1/16W 0402
Added Member To Class: ClassName=P109 Member=Component R52 (R99) RES SMD 100K OHM 1% 1/16W 0402
Added Member To Class: ClassName=U_ESP32-WROOM32D_Module Member=Component R57 (R77) RES SMD 2.7K OHM 1% 1/16W 0402
Added Member To Class: ClassName=P110 Member=Component R80 (R13) RES SMD 2.2 OHM 5% 1W 2512
Added Member To Class: ClassName=+4V2_PS Member=Component R83 (R3) RES SMD 536K OHM 1% 1/16W 0402
Added Member To Class: ClassName=+3V3_PS Member=Component R85 (R2) RES SMD 402 OHM 1% 1/16W 0402
Added Member To Class: ClassName=TCPP Member=Component R87 (R4) RES SMD 100K OHM 1% 1/16W 0402
Added Member To Class: ClassName=U_TS3USBCA410_USB_C_SBU_Multiplexer Member=Component R94 (R11) DNP*
Added Member To Class: ClassName=USB_MUX Member=Component R96 (R13) RES SMD 10K OHM 1% 1/16W 0402
Added Member To Class: ClassName=U_TS3USBCA410_USB_C_SBU_Multiplexer Member=Component R100 (R17) DNP*
Added Member To Class: ClassName=USB_SW Member=Component R101 (R18) RES SMD 0 OHM JUMPER 1/16W 0402
Added Member To Class: ClassName=STM32G473CETx Member=Component R109 (R52) RES SMD 75K OHM 1% 1/16W 0402
Added Member To Class: ClassName=P26 Member=Component R112 (R3) RES SMD 10K OHM 1% 1/16W 0402
Added Member To Class: ClassName=P103 Member=Component R119 (R7) RES SMD 11K OHM 1% 1/16W 0402
Added Member To Class: ClassName=U_DRV10975 3-ph Sensorless BLDC Motor Driver Member=Component R123 (R5) RES SMD 39 OHM 1% 1/4W 1206
Added Member To Class: ClassName=+3V3_PS Member=Component R124 (R1) RES SMD 0 OHM JUMPER 1/16W 0402
Added Member To Class: ClassName=+1V8_PS Member=Component R125 (R2) RES SMD 0 OHM JUMPER 1/16W 0402
Added Member To Class: ClassName=CODEC Member=Component R129 (R70) RES SMD 100K OHM 1% 1/16W 0402
Added Member To Class: ClassName=FLASH Member=Component R132 (R1) RES SMD 10K OHM 1% 1/16W 0402
Added Member To Class: ClassName=FLASH Member=Component R133 (R2) RES SMD 10K OHM 1% 1/16W 0402
Added Member To Class: ClassName=FLASH Member=Component R134 (R3) RES SMD 10K OHM 1% 1/16W 0402
Added Member To Class: ClassName=STM32G473QETx Member=Component R135 (R1) RES SMD 100 OHM 1% 1/16W 0402
Added Member To Class: ClassName=U_TPS22810 2 Member=Component R136 (R1) RES SMD 10K OHM 1% 1/16W 0402
Added Member To Class: ClassName=U_TPS22810 2 Member=Component R137 (R2) RES SMD 100 OHM 1% 1/2W 0805
Added Member To Class: ClassName=+3V3_AUDIO_PS Member=Component R140 (R3) RES SMD 88.7K OHM 1% 1/16W 0402
Added Member To Class: ClassName=DISP_PS Member=Component R144 (R1) RES SMD 2.26 OHM 1% 1/10W 0603
Added Member To Class: ClassName=MIC1 Member=Component R145 (R71) RES SMD 100 OHM 1% 1/16W 0402
Added Member To Class: ClassName=+1V8_PS Member=Component U30 (U1) LDLN025PU18R
Added Member To Class: ClassName=FLASH Member=Component U35 (U1) MT29F1G01ABAFDWB-IT:F TR
Added Member To Class: ClassName=MCU Member=Component U36 (U3) IC SIT1533AI-H4-DCC-32.768E MEMS OSC XO 32.7680KHZ LVCMOS
Added Member To Class: ClassName=RTC_XTAL Member=Component U36 (U3) IC SIT1533AI-H4-DCC-32.768E MEMS OSC XO 32.7680KHZ LVCMOS
Added Member To Class: ClassName=STM32G473QETx Member=Component U37 (U1A) STM32G473QET6
Added Member To Class: ClassName=U_TPS22810 2 Member=Component U38 (U1) TPS22810DRVT
Added Member To Class: ClassName=+3V3_AUDIO_PS Member=Component U39 (U1) TPSM82822SILR
Added Member To Class: ClassName=DISP_PS Member=Component U41 (U1) TPS61169DCKR
Added Member To Class: ClassName=MIC1 Member=Component U42 (U8) IM69D130V01XTSA1
