Change Component Physical Designator: Old Designator=C33 New Designator=C149
Change Component Physical Designator: Old Designator=C116 New Designator=C114
Change Component Physical Designator: Old Designator=C117 New Designator=C115
Change Component Physical Designator: Old Designator=C118 New Designator=C116
Change Component Physical Designator: Old Designator=C119 New Designator=C117
Change Component Physical Designator: Old Designator=C120 New Designator=C118
Change Component Physical Designator: Old Designator=C121 New Designator=C119
Change Component Physical Designator: Old Designator=C122 New Designator=C120
Change Component Physical Designator: Old Designator=C123 New Designator=C121
Change Component Physical Designator: Old Designator=C124 New Designator=C122
Change Component Physical Designator: Old Designator=C125 New Designator=C123
Change Component Physical Designator: Old Designator=C126 New Designator=C124
Change Component Physical Designator: Old Designator=C127 New Designator=C125
Change Component Physical Designator: Old Designator=C128 New Designator=C126
Change Component Physical Designator: Old Designator=C129 New Designator=C127
Change Component Physical Designator: Old Designator=C130 New Designator=C128
Change Component Physical Designator: Old Designator=C131 New Designator=C129
Change Component Physical Designator: Old Designator=C132 New Designator=C130
Change Component Physical Designator: Old Designator=C133 New Designator=C131
Change Component Physical Designator: Old Designator=C134 New Designator=C132
Change Component Physical Designator: Old Designator=C135 New Designator=C133
Change Component Physical Designator: Old Designator=C136 New Designator=C134
Change Component Physical Designator: Old Designator=C137 New Designator=C135
Change Component Physical Designator: Old Designator=C138 New Designator=C136
Change Component Physical Designator: Old Designator=C139 New Designator=C137
Change Component Physical Designator: Old Designator=C140 New Designator=C138
Change Component Physical Designator: Old Designator=C141 New Designator=C139
Change Component Physical Designator: Old Designator=C142 New Designator=C140
Change Component Physical Designator: Old Designator=C143 New Designator=C141
Change Component Physical Designator: Old Designator=C144 New Designator=C142
Change Component Physical Designator: Old Designator=C145 New Designator=C143
Change Component Physical Designator: Old Designator=C146 New Designator=C144
Change Component Physical Designator: Old Designator=C147 New Designator=C145
Change Component Physical Designator: Old Designator=C148 New Designator=C146
Change Component Physical Designator: Old Designator=C149 New Designator=C147
Change Component Physical Designator: Old Designator=C150 New Designator=C148
Change Component Physical Designator: Old Designator=D2 New Designator=D3
Change Component Physical Designator: Old Designator=D3 New Designator=D4
Change Component Physical Designator: Old Designator=D4 New Designator=D2
Change Component Physical Designator: Old Designator=FB1 New Designator=FB7
Change Component Physical Designator: Old Designator=FB7 New Designator=FB5
Change Component Physical Designator: Old Designator=FB8 New Designator=FB6
Change Component Physical Designator: Old Designator=NT5 New Designator=NT4
Change Component Physical Designator: Old Designator=NT6 New Designator=NT5
Change Component Physical Designator: Old Designator=NT7 New Designator=NT6
Change Component Physical Designator: Old Designator=R12 New Designator=R11
Change Component Physical Designator: Old Designator=R13 New Designator=R12
Change Component Physical Designator: Old Designator=R14 New Designator=R13
Change Component Physical Designator: Old Designator=R15 New Designator=R14
Change Component Physical Designator: Old Designator=R16 New Designator=R15
Change Component Physical Designator: Old Designator=R17 New Designator=R16
Change Component Physical Designator: Old Designator=R18 New Designator=R17
Change Component Physical Designator: Old Designator=R19 New Designator=R18
Change Component Physical Designator: Old Designator=R20 New Designator=R19
Change Component Physical Designator: Old Designator=R21 New Designator=R20
Change Component Physical Designator: Old Designator=R22 New Designator=R21
Change Component Physical Designator: Old Designator=R23 New Designator=R22
Change Component Physical Designator: Old Designator=R24 New Designator=R23
Change Component Physical Designator: Old Designator=R25 New Designator=R24
Change Component Physical Designator: Old Designator=R26 New Designator=R25
Change Component Physical Designator: Old Designator=R27 New Designator=R26
Change Component Physical Designator: Old Designator=R28 New Designator=R27
Change Component Physical Designator: Old Designator=R29 New Designator=R28
Change Component Physical Designator: Old Designator=R30 New Designator=R29
Change Component Physical Designator: Old Designator=R31 New Designator=R30
Change Component Physical Designator: Old Designator=R32 New Designator=R31
Change Component Physical Designator: Old Designator=R33 New Designator=R32
Change Component Physical Designator: Old Designator=R34 New Designator=R33
Change Component Physical Designator: Old Designator=R35 New Designator=R34
Change Component Physical Designator: Old Designator=R36 New Designator=R35
Change Component Physical Designator: Old Designator=R37 New Designator=R36
Change Component Physical Designator: Old Designator=R38 New Designator=R37
Change Component Physical Designator: Old Designator=R39 New Designator=R38
Change Component Physical Designator: Old Designator=R40 New Designator=R39
Change Component Physical Designator: Old Designator=R41 New Designator=R40
Change Component Physical Designator: Old Designator=R42 New Designator=R41
Change Component Physical Designator: Old Designator=R43 New Designator=R42
Change Component Physical Designator: Old Designator=R44 New Designator=R43
Change Component Physical Designator: Old Designator=R45 New Designator=R44
Change Component Physical Designator: Old Designator=R46 New Designator=R45
Change Component Physical Designator: Old Designator=R47 New Designator=R46
Change Component Physical Designator: Old Designator=R48 New Designator=R47
Change Component Physical Designator: Old Designator=R49 New Designator=R48
Change Component Physical Designator: Old Designator=R50 New Designator=R49
Change Component Physical Designator: Old Designator=R51 New Designator=R50
Change Component Physical Designator: Old Designator=R52 New Designator=R51
Change Component Physical Designator: Old Designator=R53 New Designator=R52
Change Component Physical Designator: Old Designator=R54 New Designator=R53
Change Component Physical Designator: Old Designator=R55 New Designator=R54
Change Component Physical Designator: Old Designator=R56 New Designator=R55
Change Component Physical Designator: Old Designator=R57 New Designator=R56
Change Component Physical Designator: Old Designator=R58 New Designator=R57
Change Component Physical Designator: Old Designator=R59 New Designator=R58
Change Component Physical Designator: Old Designator=R60 New Designator=R59
Change Component Physical Designator: Old Designator=R61 New Designator=R60
Change Component Physical Designator: Old Designator=R62 New Designator=R61
Change Component Physical Designator: Old Designator=R63 New Designator=R62
Change Component Physical Designator: Old Designator=R64 New Designator=R63
Change Component Physical Designator: Old Designator=R65 New Designator=R64
Change Component Physical Designator: Old Designator=R66 New Designator=R65
Change Component Physical Designator: Old Designator=R67 New Designator=R66
Change Component Physical Designator: Old Designator=R68 New Designator=R67
Change Component Physical Designator: Old Designator=R69 New Designator=R68
Change Component Physical Designator: Old Designator=R70 New Designator=R69
Change Component Physical Designator: Old Designator=R71 New Designator=R145
Change Component Physical Designator: Old Designator=R71 New Designator=R70
Change Component Physical Designator: Old Designator=R72 New Designator=R71
Change Component Physical Designator: Old Designator=R73 New Designator=R72
Change Component Physical Designator: Old Designator=R74 New Designator=R73
Change Component Physical Designator: Old Designator=R75 New Designator=R74
Change Component Physical Designator: Old Designator=R76 New Designator=R75
Change Component Physical Designator: Old Designator=R77 New Designator=R76
Change Component Physical Designator: Old Designator=R78 New Designator=R77
Change Component Physical Designator: Old Designator=R79 New Designator=R78
Change Component Physical Designator: Old Designator=R80 New Designator=R79
Change Component Physical Designator: Old Designator=R81 New Designator=R80
Change Component Physical Designator: Old Designator=R82 New Designator=R81
Change Component Physical Designator: Old Designator=R83 New Designator=R82
Change Component Physical Designator: Old Designator=R84 New Designator=R83
Change Component Physical Designator: Old Designator=R85 New Designator=R84
Change Component Physical Designator: Old Designator=R86 New Designator=R85
Change Component Physical Designator: Old Designator=R87 New Designator=R86
Change Component Physical Designator: Old Designator=R88 New Designator=R87
Change Component Physical Designator: Old Designator=R89 New Designator=R88
Change Component Physical Designator: Old Designator=R90 New Designator=R89
Change Component Physical Designator: Old Designator=R91 New Designator=R90
Change Component Physical Designator: Old Designator=R92 New Designator=R91
Change Component Physical Designator: Old Designator=R93 New Designator=R92
Change Component Physical Designator: Old Designator=R94 New Designator=R93
Change Component Physical Designator: Old Designator=R95 New Designator=R94
Change Component Physical Designator: Old Designator=R96 New Designator=R95
Change Component Physical Designator: Old Designator=R97 New Designator=R96
Change Component Physical Designator: Old Designator=R98 New Designator=R97
Change Component Physical Designator: Old Designator=R99 New Designator=R98
Change Component Physical Designator: Old Designator=R100 New Designator=R99
Change Component Physical Designator: Old Designator=R101 New Designator=R100
Change Component Physical Designator: Old Designator=R102 New Designator=R101
Change Component Physical Designator: Old Designator=R103 New Designator=R102
Change Component Physical Designator: Old Designator=R104 New Designator=R103
Change Component Physical Designator: Old Designator=R105 New Designator=R104
Change Component Physical Designator: Old Designator=R106 New Designator=R105
Change Component Physical Designator: Old Designator=R107 New Designator=R106
Change Component Physical Designator: Old Designator=R108 New Designator=R107
Change Component Physical Designator: Old Designator=R109 New Designator=R108
Change Component Physical Designator: Old Designator=R110 New Designator=R109
Change Component Physical Designator: Old Designator=R111 New Designator=R110
Change Component Physical Designator: Old Designator=R112 New Designator=R111
Change Component Physical Designator: Old Designator=R113 New Designator=R112
Change Component Physical Designator: Old Designator=R114 New Designator=R113
Change Component Physical Designator: Old Designator=R115 New Designator=R114
Change Component Physical Designator: Old Designator=R116 New Designator=R115
Change Component Physical Designator: Old Designator=R117 New Designator=R116
Change Component Physical Designator: Old Designator=R118 New Designator=R117
Change Component Physical Designator: Old Designator=R119 New Designator=R118
Change Component Physical Designator: Old Designator=R120 New Designator=R119
Change Component Physical Designator: Old Designator=R121 New Designator=R120
Change Component Physical Designator: Old Designator=R122 New Designator=R121
Change Component Physical Designator: Old Designator=R123 New Designator=R122
Change Component Physical Designator: Old Designator=R124 New Designator=R123
Change Component Physical Designator: Old Designator=R125 New Designator=R124
Change Component Physical Designator: Old Designator=R126 New Designator=R125
Change Component Physical Designator: Old Designator=R127 New Designator=R126
Change Component Physical Designator: Old Designator=R128 New Designator=R127
Change Component Physical Designator: Old Designator=R129 New Designator=R128
Change Component Physical Designator: Old Designator=R130 New Designator=R129
Change Component Physical Designator: Old Designator=R131 New Designator=R130
Change Component Physical Designator: Old Designator=R132 New Designator=R131
Change Component Physical Designator: Old Designator=R135 New Designator=R132
Change Component Physical Designator: Old Designator=R136 New Designator=R133
Change Component Physical Designator: Old Designator=R137 New Designator=R134
Change Component Physical Designator: Old Designator=R138 New Designator=R135
Change Component Physical Designator: Old Designator=R139 New Designator=R136
Change Component Physical Designator: Old Designator=R140 New Designator=R137
Change Component Physical Designator: Old Designator=R141 New Designator=R138
Change Component Physical Designator: Old Designator=R142 New Designator=R139
Change Component Physical Designator: Old Designator=R143 New Designator=R140
Change Component Physical Designator: Old Designator=R144 New Designator=R141
Change Component Physical Designator: Old Designator=R145 New Designator=R142
Change Component Physical Designator: Old Designator=R146 New Designator=R143
Change Component Physical Designator: Old Designator=R147 New Designator=R144
Change Component Physical Designator: Old Designator=U8 New Designator=U42
Change Component Physical Designator: Old Designator=U37 New Designator=U35
Change Component Physical Designator: Old Designator=U38 New Designator=U36
Change Component Physical Designator: Old Designator=U39 New Designator=U37
Change Component Physical Designator: Old Designator=U39 New Designator=U37
Change Component Physical Designator: Old Designator=U39 New Designator=U37
Change Component Physical Designator: Old Designator=U40 New Designator=U38
Change Component Physical Designator: Old Designator=U41 New Designator=U39
Change Component Physical Designator: Old Designator=U42 New Designator=U40
Change Component Physical Designator: Old Designator=U43 New Designator=U41
