Removed Member From Class: ClassName=BG95_PWR Member=NetC21_1
Removed Member From Class: ClassName=BG95_PWR Member=NetC22_2
Change Component Footprint: Designator=NT? Old Footprint=Net Tie 1x3mm New Footprint=Net Tie 8x30mil
Change Component Designator: OldDesignator=C19 NewDesignator=C25
Change Component Designator: OldDesignator=C20 NewDesignator=C26
Change Component Designator: OldDesignator=C21 NewDesignator=C19
Change Component Designator: OldDesignator=C22 NewDesignator=C20
Change Component Designator: OldDesignator=C23 NewDesignator=C21
Change Component Designator: OldDesignator=C24 NewDesignator=C22
Change Component Designator: OldDesignator=C25 NewDesignator=C23
Change Component Designator: OldDesignator=C26 NewDesignator=C24
Change Component Designator: OldDesignator=D3 NewDesignator=D2
Change Component Designator: OldDesignator=D5 NewDesignator=D3
Change Component Designator: OldDesignator=D6 NewDesignator=D4
Change Component Designator: OldDesignator=D7 NewDesignator=D5
Change Component Designator: OldDesignator=D8 NewDesignator=D6
Change Component Designator: OldDesignator=D9 NewDesignator=D7
Change Component Designator: OldDesignator=D10 NewDesignator=D8
Change Component Designator: OldDesignator=D11 NewDesignator=D9
Change Component Designator: OldDesignator=D12 NewDesignator=D10
Change Component Designator: OldDesignator=D13 NewDesignator=D11
Change Component Designator: OldDesignator=D14 NewDesignator=D12
Change Component Designator: OldDesignator=NT1 NewDesignator=NT2
Change Component Designator: OldDesignator=NT2 NewDesignator=NT3
Change Component Designator: OldDesignator=NT3 NewDesignator=NT4
Change Component Designator: OldDesignator=NT4 NewDesignator=NT5
Change Component Designator: OldDesignator=NT5 NewDesignator=NT6
Change Component Designator: OldDesignator=NT6 NewDesignator=NT7
Change Component Designator: OldDesignator=NT7 NewDesignator=NT8
Change Component Designator: OldDesignator=NT? NewDesignator=NT1
Change Net Name : Old Net Name=NetC19_1 New Net Name=NetC25_1
Change Net Name : Old Net Name=NetC21_1 New Net Name=NetC19_1
Change Net Name : Old Net Name=NetC22_2 New Net Name=NetC20_2
Change Net Name : Old Net Name=NetD6_1 New Net Name=NetD4_1
Change Net Name : Old Net Name=NetNT3_2 New Net Name=NetNT4_2
Change Net Name : Old Net Name=NetNT4_2 New Net Name=NetNT5_2
Change Net Name : Old Net Name=NetNT5_2 New Net Name=NetNT6_2
Change Net Name : Old Net Name=NetNT6_1 New Net Name=NetNT7_1
Change Net Name : Old Net Name=NetNT7_1 New Net Name=NetNT8_1
Change Net Name : Old Net Name=NetNT?_1 New Net Name=NetNT1_1
Added Member To Class: ClassName=BG95_PWR Member=Wire NetC19_1
Added Member To Class: ClassName=BG95_PWR Member=Wire NetC20_2
