Change Component Physical Designator: Old Designator=C1 New Designator=C149
Change Component Physical Designator: Old Designator=C51 New Designator=C50
Change Component Physical Designator: Old Designator=C52 New Designator=C51
Change Component Physical Designator: Old Designator=C53 New Designator=C52
Change Component Physical Designator: Old Designator=C54 New Designator=C53
Change Component Physical Designator: Old Designator=C55 New Designator=C54
Change Component Physical Designator: Old Designator=C56 New Designator=C55
Change Component Physical Designator: Old Designator=C57 New Designator=C56
Change Component Physical Designator: Old Designator=C58 New Designator=C57
Change Component Physical Designator: Old Designator=C59 New Designator=C58
Change Component Physical Designator: Old Designator=C60 New Designator=C59
Change Component Physical Designator: Old Designator=C61 New Designator=C60
Change Component Physical Designator: Old Designator=C62 New Designator=C61
Change Component Physical Designator: Old Designator=C63 New Designator=C62
Change Component Physical Designator: Old Designator=C64 New Designator=C63
Change Component Physical Designator: Old Designator=C65 New Designator=C64
Change Component Physical Designator: Old Designator=C66 New Designator=C65
Change Component Physical Designator: Old Designator=C67 New Designator=C66
Change Component Physical Designator: Old Designator=C68 New Designator=C67
Change Component Physical Designator: Old Designator=C69 New Designator=C150
Change Component Physical Designator: Old Designator=C70 New Designator=C151
Change Component Physical Designator: Old Designator=C71 New Designator=C152
Change Component Physical Designator: Old Designator=C72 New Designator=C153
Change Component Physical Designator: Old Designator=C73 New Designator=C68
Change Component Physical Designator: Old Designator=C74 New Designator=C69
Change Component Physical Designator: Old Designator=C75 New Designator=C70
Change Component Physical Designator: Old Designator=C76 New Designator=C71
Change Component Physical Designator: Old Designator=C77 New Designator=C72
Change Component Physical Designator: Old Designator=C78 New Designator=C73
Change Component Physical Designator: Old Designator=C79 New Designator=C74
Change Component Physical Designator: Old Designator=C80 New Designator=C75
Change Component Physical Designator: Old Designator=C81 New Designator=C76
Change Component Physical Designator: Old Designator=C82 New Designator=C77
Change Component Physical Designator: Old Designator=C83 New Designator=C78
Change Component Physical Designator: Old Designator=C84 New Designator=C79
Change Component Physical Designator: Old Designator=C85 New Designator=C80
Change Component Physical Designator: Old Designator=C86 New Designator=C81
Change Component Physical Designator: Old Designator=C87 New Designator=C82
Change Component Physical Designator: Old Designator=C88 New Designator=C83
Change Component Physical Designator: Old Designator=C89 New Designator=C84
Change Component Physical Designator: Old Designator=C90 New Designator=C85
Change Component Physical Designator: Old Designator=C91 New Designator=C86
Change Component Physical Designator: Old Designator=C92 New Designator=C87
Change Component Physical Designator: Old Designator=C93 New Designator=C88
Change Component Physical Designator: Old Designator=C94 New Designator=C89
Change Component Physical Designator: Old Designator=C95 New Designator=C90
Change Component Physical Designator: Old Designator=C96 New Designator=C91
Change Component Physical Designator: Old Designator=C97 New Designator=C92
Change Component Physical Designator: Old Designator=C98 New Designator=C93
Change Component Physical Designator: Old Designator=C99 New Designator=C94
Change Component Physical Designator: Old Designator=C100 New Designator=C95
Change Component Physical Designator: Old Designator=C101 New Designator=C96
Change Component Physical Designator: Old Designator=C102 New Designator=C97
Change Component Physical Designator: Old Designator=C103 New Designator=C98
Change Component Physical Designator: Old Designator=C106 New Designator=C99
Change Component Physical Designator: Old Designator=C107 New Designator=C100
Change Component Physical Designator: Old Designator=C108 New Designator=C101
Change Component Physical Designator: Old Designator=C109 New Designator=C102
Change Component Physical Designator: Old Designator=C110 New Designator=C103
Change Component Physical Designator: Old Designator=C111 New Designator=C104
Change Component Physical Designator: Old Designator=C112 New Designator=C105
Change Component Physical Designator: Old Designator=C113 New Designator=C106
Change Component Physical Designator: Old Designator=C114 New Designator=C107
Change Component Physical Designator: Old Designator=C115 New Designator=C108
Change Component Physical Designator: Old Designator=C116 New Designator=C109
Change Component Physical Designator: Old Designator=C117 New Designator=C110
Change Component Physical Designator: Old Designator=C118 New Designator=C111
Change Component Physical Designator: Old Designator=C119 New Designator=C112
Change Component Physical Designator: Old Designator=C120 New Designator=C113
Change Component Physical Designator: Old Designator=C121 New Designator=C114
Change Component Physical Designator: Old Designator=C122 New Designator=C115
Change Component Physical Designator: Old Designator=C123 New Designator=C116
Change Component Physical Designator: Old Designator=C124 New Designator=C117
Change Component Physical Designator: Old Designator=C125 New Designator=C118
Change Component Physical Designator: Old Designator=C126 New Designator=C119
Change Component Physical Designator: Old Designator=C127 New Designator=C120
Change Component Physical Designator: Old Designator=C128 New Designator=C121
Change Component Physical Designator: Old Designator=C129 New Designator=C122
Change Component Physical Designator: Old Designator=C130 New Designator=C123
Change Component Physical Designator: Old Designator=C131 New Designator=C124
Change Component Physical Designator: Old Designator=C132 New Designator=C125
Change Component Physical Designator: Old Designator=C133 New Designator=C126
Change Component Physical Designator: Old Designator=C134 New Designator=C127
Change Component Physical Designator: Old Designator=C135 New Designator=C128
Change Component Physical Designator: Old Designator=C136 New Designator=C129
Change Component Physical Designator: Old Designator=C137 New Designator=C130
Change Component Physical Designator: Old Designator=C138 New Designator=C131
Change Component Physical Designator: Old Designator=C139 New Designator=C132
Change Component Physical Designator: Old Designator=C140 New Designator=C133
Change Component Physical Designator: Old Designator=C141 New Designator=C134
Change Component Physical Designator: Old Designator=C142 New Designator=C135
Change Component Physical Designator: Old Designator=C143 New Designator=C136
Change Component Physical Designator: Old Designator=C144 New Designator=C137
Change Component Physical Designator: Old Designator=C145 New Designator=C138
Change Component Physical Designator: Old Designator=C146 New Designator=C139
Change Component Physical Designator: Old Designator=C147 New Designator=C140
Change Component Physical Designator: Old Designator=C148 New Designator=C141
Change Component Physical Designator: Old Designator=C149 New Designator=C142
Change Component Physical Designator: Old Designator=C150 New Designator=C143
Change Component Physical Designator: Old Designator=C151 New Designator=C144
Change Component Physical Designator: Old Designator=C152 New Designator=C145
Change Component Physical Designator: Old Designator=C153 New Designator=C146
Change Component Physical Designator: Old Designator=C154 New Designator=C147
Change Component Physical Designator: Old Designator=C155 New Designator=C148
Change Component Physical Designator: Old Designator=D14 New Designator=D13
Change Component Physical Designator: Old Designator=D15 New Designator=D14
Change Component Physical Designator: Old Designator=D16 New Designator=D15
Change Component Physical Designator: Old Designator=D17 New Designator=D16
Change Component Physical Designator: Old Designator=D18 New Designator=D17
Change Component Physical Designator: Old Designator=D19 New Designator=D18
Change Component Physical Designator: Old Designator=D22 New Designator=D19
Change Component Physical Designator: Old Designator=J2 New Designator=J1
Change Component Physical Designator: Old Designator=R3 New Designator=R155
Change Component Physical Designator: Old Designator=R94 New Designator=R89
Change Component Physical Designator: Old Designator=R95 New Designator=R90
Change Component Physical Designator: Old Designator=R96 New Designator=R91
Change Component Physical Designator: Old Designator=R97 New Designator=R92
Change Component Physical Designator: Old Designator=R98 New Designator=R93
Change Component Physical Designator: Old Designator=R99 New Designator=R153
Change Component Physical Designator: Old Designator=R104 New Designator=R154
Change Component Physical Designator: Old Designator=R106 New Designator=R94
Change Component Physical Designator: Old Designator=R107 New Designator=R95
Change Component Physical Designator: Old Designator=R108 New Designator=R96
Change Component Physical Designator: Old Designator=R109 New Designator=R97
Change Component Physical Designator: Old Designator=R110 New Designator=R98
Change Component Physical Designator: Old Designator=R111 New Designator=R99
Change Component Physical Designator: Old Designator=R112 New Designator=R100
Change Component Physical Designator: Old Designator=R113 New Designator=R101
Change Component Physical Designator: Old Designator=R114 New Designator=R102
Change Component Physical Designator: Old Designator=R115 New Designator=R103
Change Component Physical Designator: Old Designator=R116 New Designator=R104
Change Component Physical Designator: Old Designator=R117 New Designator=R105
Change Component Physical Designator: Old Designator=R118 New Designator=R106
Change Component Physical Designator: Old Designator=R119 New Designator=R107
Change Component Physical Designator: Old Designator=R120 New Designator=R108
Change Component Physical Designator: Old Designator=R121 New Designator=R109
Change Component Physical Designator: Old Designator=R122 New Designator=R110
Change Component Physical Designator: Old Designator=R123 New Designator=R111
Change Component Physical Designator: Old Designator=R124 New Designator=R112
Change Component Physical Designator: Old Designator=R125 New Designator=R113
Change Component Physical Designator: Old Designator=R126 New Designator=R114
Change Component Physical Designator: Old Designator=R127 New Designator=R115
Change Component Physical Designator: Old Designator=R128 New Designator=R116
Change Component Physical Designator: Old Designator=R129 New Designator=R117
Change Component Physical Designator: Old Designator=R130 New Designator=R118
Change Component Physical Designator: Old Designator=R131 New Designator=R119
Change Component Physical Designator: Old Designator=R132 New Designator=R120
Change Component Physical Designator: Old Designator=R133 New Designator=R121
Change Component Physical Designator: Old Designator=R134 New Designator=R122
Change Component Physical Designator: Old Designator=R135 New Designator=R123
Change Component Physical Designator: Old Designator=R136 New Designator=R124
Change Component Physical Designator: Old Designator=R137 New Designator=R125
Change Component Physical Designator: Old Designator=R138 New Designator=R126
Change Component Physical Designator: Old Designator=R139 New Designator=R127
Change Component Physical Designator: Old Designator=R140 New Designator=R128
Change Component Physical Designator: Old Designator=R141 New Designator=R129
Change Component Physical Designator: Old Designator=R142 New Designator=R130
Change Component Physical Designator: Old Designator=R143 New Designator=R131
Change Component Physical Designator: Old Designator=R144 New Designator=R132
Change Component Physical Designator: Old Designator=R145 New Designator=R133
Change Component Physical Designator: Old Designator=R146 New Designator=R134
Change Component Physical Designator: Old Designator=R147 New Designator=R135
Change Component Physical Designator: Old Designator=R148 New Designator=R136
Change Component Physical Designator: Old Designator=R149 New Designator=R137
Change Component Physical Designator: Old Designator=R150 New Designator=R138
Change Component Physical Designator: Old Designator=R151 New Designator=R139
Change Component Physical Designator: Old Designator=R152 New Designator=R140
Change Component Physical Designator: Old Designator=R153 New Designator=R141
Change Component Physical Designator: Old Designator=R154 New Designator=R142
Change Component Physical Designator: Old Designator=R155 New Designator=R143
Change Component Physical Designator: Old Designator=R156 New Designator=R144
Change Component Physical Designator: Old Designator=R157 New Designator=R145
Change Component Physical Designator: Old Designator=R158 New Designator=R146
Change Component Physical Designator: Old Designator=R159 New Designator=R147
Change Component Physical Designator: Old Designator=R160 New Designator=R148
Change Component Physical Designator: Old Designator=R161 New Designator=R149
Change Component Physical Designator: Old Designator=R162 New Designator=R150
Change Component Physical Designator: Old Designator=R163 New Designator=R151
Change Component Physical Designator: Old Designator=R164 New Designator=R152
Change Component Physical Designator: Old Designator=U23 New Designator=U45
Change Component Physical Designator: Old Designator=U24 New Designator=U23
Change Component Physical Designator: Old Designator=U25 New Designator=U24
Change Component Physical Designator: Old Designator=U26 New Designator=U25
Change Component Physical Designator: Old Designator=U27 New Designator=U26
Change Component Physical Designator: Old Designator=U28 New Designator=U27
Change Component Physical Designator: Old Designator=U29 New Designator=U28
Change Component Physical Designator: Old Designator=U30 New Designator=U29
Change Component Physical Designator: Old Designator=U31 New Designator=U30
Change Component Physical Designator: Old Designator=U32 New Designator=U31
Change Component Physical Designator: Old Designator=U33 New Designator=U32
Change Component Physical Designator: Old Designator=U34 New Designator=U33
Change Component Physical Designator: Old Designator=U35 New Designator=U34
Change Component Physical Designator: Old Designator=U36 New Designator=U35
Change Component Physical Designator: Old Designator=U37 New Designator=U36
Change Component Physical Designator: Old Designator=U38 New Designator=U37
Change Component Physical Designator: Old Designator=U39 New Designator=U38
Change Component Physical Designator: Old Designator=U40 New Designator=U39
Change Component Physical Designator: Old Designator=U41 New Designator=U40
Change Component Physical Designator: Old Designator=U42 New Designator=U41
Change Component Physical Designator: Old Designator=U43 New Designator=U42
Change Component Physical Designator: Old Designator=U43 New Designator=U42
Change Component Physical Designator: Old Designator=U43 New Designator=U42
Change Component Physical Designator: Old Designator=U45 New Designator=U43
Change Component Physical Designator: Old Designator=U46 New Designator=U44
Change Component Physical Designator: Old Designator=X8 New Designator=X7
