Removed Pin From Net: NetName=GPIO18 Pin=R56-1
Removed Pin From Net: NetName=+3V3 Pin=R56-2
Removed Pin From Net: NetName=GPIO19 Pin=R57-1
Removed Pin From Net: NetName=+3V3 Pin=R57-2
Removed Member From Class: ClassName=U_ESP32-WROOM32D_Module Member=R56
Removed Member From Class: ClassName=U_ESP32-WROOM32D_Module Member=R57
Removed Member From Class: ClassName=BG95_PWR Member=NetC20_1
Removed Member From Class: ClassName=BG95_PWR Member=NetC21_1
Change Component Designator: OldDesignator=C9 NewDesignator=C147
Change Component Designator: OldDesignator=C10 NewDesignator=C148
Change Component Designator: OldDesignator=C11 NewDesignator=C9
Change Component Designator: OldDesignator=C12 NewDesignator=C10
Change Component Designator: OldDesignator=C13 NewDesignator=C11
Change Component Designator: OldDesignator=C14 NewDesignator=C12
Change Component Designator: OldDesignator=C15 NewDesignator=C13
Change Component Designator: OldDesignator=C16 NewDesignator=C14
Change Component Designator: OldDesignator=C17 NewDesignator=C15
Change Component Designator: OldDesignator=C18 NewDesignator=C16
Change Component Designator: OldDesignator=C19 NewDesignator=C17
Change Component Designator: OldDesignator=C20 NewDesignator=C18
Change Component Designator: OldDesignator=C21 NewDesignator=C19
Change Component Designator: OldDesignator=C22 NewDesignator=C20
Change Component Designator: OldDesignator=C23 NewDesignator=C21
Change Component Designator: OldDesignator=C24 NewDesignator=C22
Change Component Designator: OldDesignator=C25 NewDesignator=C23
Change Component Designator: OldDesignator=C26 NewDesignator=C24
Change Component Designator: OldDesignator=C27 NewDesignator=C25
Change Component Designator: OldDesignator=C28 NewDesignator=C26
Change Component Designator: OldDesignator=C29 NewDesignator=C27
Change Component Designator: OldDesignator=C30 NewDesignator=C28
Change Component Designator: OldDesignator=C31 NewDesignator=C29
Change Component Designator: OldDesignator=C32 NewDesignator=C30
Change Component Designator: OldDesignator=C33 NewDesignator=C31
Change Component Designator: OldDesignator=C34 NewDesignator=C32
Change Component Designator: OldDesignator=C35 NewDesignator=C33
Change Component Designator: OldDesignator=C36 NewDesignator=C34
Change Component Designator: OldDesignator=C37 NewDesignator=C35
Change Component Designator: OldDesignator=C38 NewDesignator=C36
Change Component Designator: OldDesignator=C39 NewDesignator=C37
Change Component Designator: OldDesignator=C40 NewDesignator=C38
Change Component Designator: OldDesignator=C41 NewDesignator=C39
Change Component Designator: OldDesignator=C42 NewDesignator=C40
Change Component Designator: OldDesignator=C43 NewDesignator=C41
Change Component Designator: OldDesignator=C44 NewDesignator=C42
Change Component Designator: OldDesignator=C45 NewDesignator=C43
Change Component Designator: OldDesignator=C46 NewDesignator=C44
Change Component Designator: OldDesignator=C47 NewDesignator=C45
Change Component Designator: OldDesignator=C48 NewDesignator=C46
Change Component Designator: OldDesignator=C49 NewDesignator=C47
Change Component Designator: OldDesignator=C50 NewDesignator=C48
Change Component Designator: OldDesignator=C51 NewDesignator=C49
Change Component Designator: OldDesignator=C52 NewDesignator=C50
Change Component Designator: OldDesignator=C53 NewDesignator=C51
Change Component Designator: OldDesignator=C54 NewDesignator=C52
Change Component Designator: OldDesignator=C55 NewDesignator=C53
Change Component Designator: OldDesignator=C56 NewDesignator=C54
Change Component Designator: OldDesignator=C57 NewDesignator=C55
Change Component Designator: OldDesignator=C58 NewDesignator=C56
Change Component Designator: OldDesignator=C59 NewDesignator=C57
Change Component Designator: OldDesignator=C60 NewDesignator=C58
Change Component Designator: OldDesignator=C61 NewDesignator=C59
Change Component Designator: OldDesignator=C62 NewDesignator=C60
Change Component Designator: OldDesignator=C63 NewDesignator=C61
Change Component Designator: OldDesignator=C64 NewDesignator=C62
Change Component Designator: OldDesignator=C65 NewDesignator=C63
Change Component Designator: OldDesignator=C66 NewDesignator=C64
Change Component Designator: OldDesignator=C67 NewDesignator=C65
Change Component Designator: OldDesignator=C68 NewDesignator=C66
Change Component Designator: OldDesignator=C69 NewDesignator=C67
Change Component Designator: OldDesignator=C70 NewDesignator=C68
Change Component Designator: OldDesignator=C71 NewDesignator=C69
Change Component Designator: OldDesignator=C72 NewDesignator=C70
Change Component Designator: OldDesignator=C73 NewDesignator=C71
Change Component Designator: OldDesignator=C74 NewDesignator=C72
Change Component Designator: OldDesignator=C75 NewDesignator=C73
Change Component Designator: OldDesignator=C76 NewDesignator=C74
Change Component Designator: OldDesignator=C77 NewDesignator=C75
Change Component Designator: OldDesignator=C78 NewDesignator=C76
Change Component Designator: OldDesignator=C79 NewDesignator=C77
Change Component Designator: OldDesignator=C80 NewDesignator=C78
Change Component Designator: OldDesignator=C81 NewDesignator=C79
Change Component Designator: OldDesignator=C82 NewDesignator=C80
Change Component Designator: OldDesignator=C83 NewDesignator=C81
Change Component Designator: OldDesignator=C84 NewDesignator=C82
Change Component Designator: OldDesignator=C85 NewDesignator=C83
Change Component Designator: OldDesignator=C86 NewDesignator=C84
Change Component Designator: OldDesignator=C87 NewDesignator=C85
Change Component Designator: OldDesignator=C88 NewDesignator=C86
Change Component Designator: OldDesignator=C89 NewDesignator=C87
Change Component Designator: OldDesignator=C90 NewDesignator=C88
Change Component Designator: OldDesignator=C91 NewDesignator=C89
Change Component Designator: OldDesignator=C92 NewDesignator=C90
Change Component Designator: OldDesignator=C93 NewDesignator=C91
Change Component Designator: OldDesignator=C94 NewDesignator=C92
Change Component Designator: OldDesignator=C95 NewDesignator=C93
Change Component Designator: OldDesignator=C96 NewDesignator=C94
Change Component Designator: OldDesignator=C97 NewDesignator=C95
Change Component Designator: OldDesignator=C98 NewDesignator=C96
Change Component Designator: OldDesignator=C99 NewDesignator=C97
Change Component Designator: OldDesignator=C100 NewDesignator=C98
Change Component Designator: OldDesignator=C101 NewDesignator=C99
Change Component Designator: OldDesignator=C102 NewDesignator=C100
Change Component Designator: OldDesignator=C103 NewDesignator=C101
Change Component Designator: OldDesignator=C104 NewDesignator=C102
Change Component Designator: OldDesignator=C105 NewDesignator=C103
Change Component Designator: OldDesignator=C106 NewDesignator=C104
Change Component Designator: OldDesignator=C107 NewDesignator=C105
Change Component Designator: OldDesignator=C108 NewDesignator=C106
Change Component Designator: OldDesignator=C109 NewDesignator=C107
Change Component Designator: OldDesignator=C110 NewDesignator=C108
Change Component Designator: OldDesignator=C111 NewDesignator=C109
Change Component Designator: OldDesignator=C112 NewDesignator=C110
Change Component Designator: OldDesignator=C113 NewDesignator=C111
Change Component Designator: OldDesignator=C114 NewDesignator=C112
Change Component Designator: OldDesignator=C115 NewDesignator=C113
Change Component Designator: OldDesignator=C116 NewDesignator=C114
Change Component Designator: OldDesignator=C117 NewDesignator=C115
Change Component Designator: OldDesignator=C118 NewDesignator=C116
Change Component Designator: OldDesignator=C119 NewDesignator=C117
Change Component Designator: OldDesignator=C120 NewDesignator=C118
Change Component Designator: OldDesignator=C121 NewDesignator=C119
Change Component Designator: OldDesignator=C122 NewDesignator=C120
Change Component Designator: OldDesignator=C123 NewDesignator=C121
Change Component Designator: OldDesignator=C124 NewDesignator=C122
Change Component Designator: OldDesignator=C125 NewDesignator=C123
Change Component Designator: OldDesignator=C126 NewDesignator=C124
Change Component Designator: OldDesignator=C127 NewDesignator=C125
Change Component Designator: OldDesignator=C128 NewDesignator=C126
Change Component Designator: OldDesignator=C129 NewDesignator=C127
Change Component Designator: OldDesignator=C130 NewDesignator=C128
Change Component Designator: OldDesignator=C131 NewDesignator=C129
Change Component Designator: OldDesignator=C132 NewDesignator=C130
Change Component Designator: OldDesignator=C133 NewDesignator=C131
Change Component Designator: OldDesignator=C134 NewDesignator=C132
Change Component Designator: OldDesignator=C135 NewDesignator=C133
Change Component Designator: OldDesignator=C136 NewDesignator=C134
Change Component Designator: OldDesignator=C137 NewDesignator=C135
Change Component Designator: OldDesignator=C138 NewDesignator=C136
Change Component Designator: OldDesignator=C139 NewDesignator=C137
Change Component Designator: OldDesignator=C140 NewDesignator=C138
Change Component Designator: OldDesignator=C141 NewDesignator=C139
Change Component Designator: OldDesignator=C142 NewDesignator=C140
Change Component Designator: OldDesignator=C143 NewDesignator=C141
Change Component Designator: OldDesignator=C144 NewDesignator=C142
Change Component Designator: OldDesignator=C145 NewDesignator=C143
Change Component Designator: OldDesignator=C146 NewDesignator=C144
Change Component Designator: OldDesignator=C147 NewDesignator=C145
Change Component Designator: OldDesignator=C148 NewDesignator=C146
Change Component Designator: OldDesignator=D5 NewDesignator=D13
Change Component Designator: OldDesignator=D6 NewDesignator=D14
Change Component Designator: OldDesignator=D7 NewDesignator=D5
Change Component Designator: OldDesignator=D8 NewDesignator=D6
Change Component Designator: OldDesignator=D9 NewDesignator=D7
Change Component Designator: OldDesignator=D10 NewDesignator=D8
Change Component Designator: OldDesignator=D11 NewDesignator=D9
Change Component Designator: OldDesignator=D12 NewDesignator=D10
Change Component Designator: OldDesignator=D13 NewDesignator=D11
Change Component Designator: OldDesignator=D14 NewDesignator=D12
Change Component Designator: OldDesignator=R58 NewDesignator=R56
Change Component Designator: OldDesignator=R59 NewDesignator=R57
Change Component Designator: OldDesignator=R60 NewDesignator=R58
Change Component Designator: OldDesignator=R61 NewDesignator=R59
Change Component Designator: OldDesignator=R62 NewDesignator=R60
Change Component Designator: OldDesignator=R63 NewDesignator=R61
Change Component Designator: OldDesignator=R64 NewDesignator=R62
Change Component Designator: OldDesignator=R65 NewDesignator=R63
Change Component Designator: OldDesignator=R66 NewDesignator=R64
Change Component Designator: OldDesignator=R67 NewDesignator=R65
Change Component Designator: OldDesignator=R68 NewDesignator=R66
Change Component Designator: OldDesignator=R69 NewDesignator=R67
Change Component Designator: OldDesignator=R70 NewDesignator=R68
Change Component Designator: OldDesignator=R71 NewDesignator=R69
Change Component Designator: OldDesignator=R72 NewDesignator=R70
Change Component Designator: OldDesignator=R73 NewDesignator=R71
Change Component Designator: OldDesignator=R74 NewDesignator=R72
Change Component Designator: OldDesignator=R75 NewDesignator=R73
Change Component Designator: OldDesignator=R76 NewDesignator=R74
Change Component Designator: OldDesignator=R77 NewDesignator=R75
Change Component Designator: OldDesignator=R78 NewDesignator=R76
Change Component Designator: OldDesignator=R79 NewDesignator=R77
Change Component Designator: OldDesignator=R80 NewDesignator=R78
Change Component Designator: OldDesignator=R81 NewDesignator=R79
Change Component Designator: OldDesignator=R82 NewDesignator=R80
Change Component Designator: OldDesignator=R83 NewDesignator=R81
Change Component Designator: OldDesignator=R84 NewDesignator=R82
Change Component Designator: OldDesignator=R85 NewDesignator=R83
Change Component Designator: OldDesignator=R86 NewDesignator=R84
Change Component Designator: OldDesignator=R87 NewDesignator=R85
Change Component Designator: OldDesignator=R88 NewDesignator=R86
Change Component Designator: OldDesignator=R89 NewDesignator=R87
Change Component Designator: OldDesignator=R90 NewDesignator=R88
Change Component Designator: OldDesignator=R91 NewDesignator=R89
Change Component Designator: OldDesignator=R92 NewDesignator=R90
Change Component Designator: OldDesignator=R93 NewDesignator=R91
Change Component Designator: OldDesignator=R94 NewDesignator=R92
Change Component Designator: OldDesignator=R95 NewDesignator=R93
Change Component Designator: OldDesignator=R96 NewDesignator=R94
Change Component Designator: OldDesignator=R97 NewDesignator=R95
Change Component Designator: OldDesignator=R98 NewDesignator=R96
Change Component Designator: OldDesignator=R99 NewDesignator=R97
Change Component Designator: OldDesignator=R100 NewDesignator=R98
Change Component Designator: OldDesignator=R101 NewDesignator=R99
Change Component Designator: OldDesignator=R102 NewDesignator=R100
Change Component Designator: OldDesignator=R103 NewDesignator=R101
Change Component Designator: OldDesignator=R104 NewDesignator=R102
Change Component Designator: OldDesignator=R105 NewDesignator=R103
Change Component Designator: OldDesignator=R106 NewDesignator=R104
Change Component Designator: OldDesignator=R107 NewDesignator=R105
Change Component Designator: OldDesignator=R108 NewDesignator=R106
Change Component Designator: OldDesignator=R109 NewDesignator=R107
Change Component Designator: OldDesignator=R110 NewDesignator=R108
Change Component Designator: OldDesignator=R111 NewDesignator=R109
Change Component Designator: OldDesignator=R112 NewDesignator=R110
Change Component Designator: OldDesignator=R113 NewDesignator=R111
Change Component Designator: OldDesignator=R114 NewDesignator=R112
Change Component Designator: OldDesignator=R115 NewDesignator=R113
Change Component Designator: OldDesignator=R116 NewDesignator=R114
Change Component Designator: OldDesignator=R117 NewDesignator=R115
Change Component Designator: OldDesignator=R118 NewDesignator=R116
Change Component Designator: OldDesignator=R119 NewDesignator=R117
Change Component Designator: OldDesignator=R120 NewDesignator=R118
Change Component Designator: OldDesignator=R121 NewDesignator=R119
Change Component Designator: OldDesignator=R122 NewDesignator=R120
Change Component Designator: OldDesignator=R123 NewDesignator=R121
Change Component Designator: OldDesignator=R124 NewDesignator=R122
Change Component Designator: OldDesignator=R125 NewDesignator=R123
Change Component Designator: OldDesignator=R126 NewDesignator=R124
Change Component Designator: OldDesignator=R127 NewDesignator=R125
Change Component Designator: OldDesignator=R128 NewDesignator=R126
Change Component Designator: OldDesignator=R129 NewDesignator=R127
Change Component Designator: OldDesignator=R130 NewDesignator=R128
Change Component Designator: OldDesignator=R131 NewDesignator=R129
Change Component Designator: OldDesignator=R132 NewDesignator=R130
Change Component Designator: OldDesignator=R133 NewDesignator=R131
Change Component Designator: OldDesignator=R134 NewDesignator=R132
Change Component Designator: OldDesignator=R135 NewDesignator=R133
Change Component Designator: OldDesignator=R136 NewDesignator=R134
Change Component Designator: OldDesignator=R137 NewDesignator=R135
Change Component Designator: OldDesignator=R138 NewDesignator=R136
Change Component Designator: OldDesignator=R139 NewDesignator=R137
Change Component Designator: OldDesignator=X1 NewDesignator=X6
Change Component Designator: OldDesignator=X2 NewDesignator=X7
Change Component Designator: OldDesignator=X3 NewDesignator=X1
Change Component Designator: OldDesignator=X4 NewDesignator=X2
Change Component Designator: OldDesignator=X5 NewDesignator=X3
Change Component Designator: OldDesignator=X6 NewDesignator=X4
Change Component Designator: OldDesignator=X7 NewDesignator=X5
Change Component Description : Designator=X6 Old Description=6-pin Edge-Connect™ connector to 6-pin 0.1" pitch female IDC. New Description=6-pin Edge-Connect™ connector to 6-pin 0.1" pitch female IDC.
Change Component Description : Designator=X7 Old Description=6-pin Edge-Connect™ connector to 6-pin 0.1" pitch female IDC. New Description=6-pin Edge-Connect™ connector to 6-pin 0.1" pitch female IDC.
Change Net Name : Old Net Name=NetC17_1 New Net Name=NetC15_1
Change Net Name : Old Net Name=NetC20_1 New Net Name=NetC18_1
Change Net Name : Old Net Name=NetC21_1 New Net Name=NetC19_1
Change Net Name : Old Net Name=NetC28_2 New Net Name=NetC26_2
Change Net Name : Old Net Name=NetC29_2 New Net Name=NetC27_2
Change Net Name : Old Net Name=NetC30_2 New Net Name=NetC28_2
Change Net Name : Old Net Name=NetC31_2 New Net Name=NetC29_2
Change Net Name : Old Net Name=NetC32_2 New Net Name=NetC30_2
Change Net Name : Old Net Name=NetC47_2 New Net Name=NetC45_2
Change Net Name : Old Net Name=NetC52_2 New Net Name=NetC50_2
Change Net Name : Old Net Name=NetC69_2 New Net Name=NetC67_2
Change Net Name : Old Net Name=NetC71_1 New Net Name=NetC69_1
Change Net Name : Old Net Name=NetC72_2 New Net Name=NetC70_2
Change Net Name : Old Net Name=NetC73_2 New Net Name=NetC71_2
Change Net Name : Old Net Name=NetC76_2 New Net Name=NetC74_2
Change Net Name : Old Net Name=NetC77_2 New Net Name=NetC75_2
Change Net Name : Old Net Name=NetC78_1 New Net Name=NetC76_1
Change Net Name : Old Net Name=NetC78_2 New Net Name=NetC76_2
Change Net Name : Old Net Name=NetC87_1 New Net Name=NetC85_1
Change Net Name : Old Net Name=NetC87_2 New Net Name=NetC85_2
Change Net Name : Old Net Name=NetC90_1 New Net Name=NetC88_1
Change Net Name : Old Net Name=NetC98_2 New Net Name=NetC96_2
Change Net Name : Old Net Name=NetC99_2 New Net Name=NetC97_2
Change Net Name : Old Net Name=NetC118_2 New Net Name=NetC116_2
Change Net Name : Old Net Name=NetC124_1 New Net Name=NetC122_1
Change Net Name : Old Net Name=NetC128_1 New Net Name=NetC126_1
Change Net Name : Old Net Name=NetC131_2 New Net Name=NetC129_2
Change Net Name : Old Net Name=NetC136_2 New Net Name=NetC134_2
Change Net Name : Old Net Name=NetC138_1 New Net Name=NetC136_1
Change Net Name : Old Net Name=NetC138_2 New Net Name=NetC136_2
Change Net Name : Old Net Name=NetC141_2 New Net Name=NetC139_2
Change Net Name : Old Net Name=NetC142_2 New Net Name=NetC140_2
Change Net Name : Old Net Name=NetC146_1 New Net Name=NetC144_1
Change Net Name : Old Net Name=NetD8_1 New Net Name=NetD6_1
Change Net Name : Old Net Name=NetR62_2 New Net Name=NetR60_2
Change Net Name : Old Net Name=NetR63_2 New Net Name=NetR61_2
Change Net Name : Old Net Name=NetR64_2 New Net Name=NetR62_2
Change Net Name : Old Net Name=NetR73_2 New Net Name=NetR71_2
Change Net Name : Old Net Name=NetR79_2 New Net Name=NetR77_2
Change Net Name : Old Net Name=NetR80_2 New Net Name=NetR78_2
Change Net Name : Old Net Name=NetR82_2 New Net Name=NetR80_2
Change Net Name : Old Net Name=NetR104_2 New Net Name=NetR102_2
Change Net Name : Old Net Name=NetR107_1 New Net Name=NetR105_1
Change Net Name : Old Net Name=NetR114_1 New Net Name=NetR112_1
Change Net Name : Old Net Name=NetR115_1 New Net Name=NetR113_1
Change Net Name : Old Net Name=NetR116_1 New Net Name=NetR114_1
Change Net Name : Old Net Name=NetR117_1 New Net Name=NetR115_1
Change Net Name : Old Net Name=NetR128_1 New Net Name=NetR126_1
Change Net Name : Old Net Name=NetR136_2 New Net Name=NetR134_2
Added Member To Class: ClassName=BG95_PWR Member=Wire NetC18_1
Added Member To Class: ClassName=BG95_PWR Member=Wire NetC19_1
Change Rule Scope 1 : Old Scope=InNet('NetC28_2') New Scope=InNet('NetC26_2')
Change Rule Scope 1 : Old Scope=InNet('NetC29_2') New Scope=InNet('NetC27_2')
Change Rule Scope 1 : Old Scope=InNet('NetC30_2') New Scope=InNet('NetC28_2')
Change Rule Scope 1 : Old Scope=InNet('NetC31_2') New Scope=InNet('NetC29_2')
Change Rule Scope 1 : Old Scope=InNet('NetC32_2') New Scope=InNet('NetC30_2')
