Removed Member From Class: ClassName=+1V8_PS Member=C81
Removed Member From Class: ClassName=U_DRV10975 3-ph Sensorless BLDC Motor Driver Member=C83
Removed Member From Class: ClassName=P128 Member=C92
Removed Member From Class: ClassName=CODEC Member=C94
Removed Member From Class: ClassName=FLASH Member=C99
Removed Member From Class: ClassName=MCU Member=C104
Removed Member From Class: ClassName=RTC_XTAL Member=C104
Removed Member From Class: ClassName=STM32G473QETx Member=C105
Removed Member From Class: ClassName=U_TPS22810 2 Member=C117
Removed Member From Class: ClassName=USB-to-UART_Bridge Member=C127
Removed Member From Class: ClassName=DISP_PS Member=C129
Removed Member From Class: ClassName=MIC1 Member=C136
Removed Member From Class: ClassName=+3V3_PS Member=C141
Removed Member From Class: ClassName=P01 Member=C145
Removed Member From Class: ClassName=P02 Member=C145
Added Member To Class: ClassName=P103 Member=Component C80 (C10) CAP CER 22UF 25V X5R 0805
Added Member To Class: ClassName=+1V8_PS Member=Component C84 (C2) CAP CER 2.2UF 6.3V X5R 0402
Added Member To Class: ClassName=U_DRV10975 3-ph Sensorless BLDC Motor Driver Member=Component C90 (C6) CAP CER 10uF X7R 10% 0805
Added Member To Class: ClassName=P128 Member=Component C94 (C2) CAP CER 0.1UF 50V X7R 0402
Added Member To Class: ClassName=CODEC Member=Component C99 (C32) CAP CER 0.1UF 50V X7R 0402
Added Member To Class: ClassName=FLASH Member=Component C104 (C1) CAP CER 0.1UF 50V X7R 0402
Added Member To Class: ClassName=MCU Member=Component C105 (C12) CAP CER 0.1UF 50V X7R 0402
Added Member To Class: ClassName=RTC_XTAL Member=Component C105 (C12) CAP CER 0.1UF 50V X7R 0402
Added Member To Class: ClassName=STM32G473QETx Member=Component C120 (C1) CAP CER 0.1UF 50V X7R 0402
Added Member To Class: ClassName=U_TPS22810 2 Member=Component C123 (C3) CAP CER 2.2UF 35V X5R 0603
Added Member To Class: ClassName=+3V3_AUDIO_PS Member=Component C124 (C1) CAP CER 10UF 16V X5R 0603
Added Member To Class: ClassName=+3V3_AUDIO_PS Member=Component C125 (C2) CAP CER 10UF 16V X5R 0603
Added Member To Class: ClassName=+3V3_AUDIO_PS Member=Component C126 (C3) CAP CER 100PF 50V C0G/NPO 0402
Added Member To Class: ClassName=+3V3_AUDIO_PS Member=Component C127 (C4) CAP CER 10UF 16V X5R 0603
Added Member To Class: ClassName=+3V3_AUDIO_PS Member=Component C128 (C5) CAP CER 10UF 16V X5R 0603
Added Member To Class: ClassName=USB-to-UART_Bridge Member=Component C133 (C5) CAP CER 0.1UF 50V X7R 0402
Added Member To Class: ClassName=DISP_PS Member=Component C138 (C5) CAP CER 10UF 16V X5R 0603
Added Member To Class: ClassName=MIC1 Member=Component C139 (C33) CAP CER 0.1UF 50V X7R 0402
Added Member To Class: ClassName=+3V3_PS Member=Component C146 (C5) CAP CER 10UF 16V X5R 0603
Added Member To Class: ClassName=P01 Member=Component C147 (C1) CAP CER 0.1UF 50V X7R 0402
Added Member To Class: ClassName=P02 Member=Component C148 (C1) CAP CER 0.1UF 50V X7R 0402
Added Member To Class: ClassName=+3V3_AUDIO_PS Member=Component R127 (R1) RES SMD 910K OHM 1% 1/16W 0402
Added Member To Class: ClassName=+3V3_AUDIO_PS Member=Component R128 (R2) RES SMD 390K OHM 1% 1/16W 0402
Added Member To Class: ClassName=+3V3_AUDIO_PS Member=Component R129 (R3) RES SMD 88.7K OHM 1% 1/16W 0402
Added Member To Class: ClassName=+3V3_AUDIO_PS Member=Component U36 (U1) TPSM82822SILR
