Removed Pin From Net: NetName=ROW_1 Pin=U2-1
Removed Pin From Net: NetName=ROW_2 Pin=U2-2
Removed Pin From Net: NetName=ROW_3 Pin=U2-3
Removed Pin From Net: NetName=COL_1 Pin=U2-4
Removed Pin From Net: NetName=DISP_D/C Pin=U4-1
Removed Pin From Net: NetName=DISP_NCS Pin=U4-2
Removed Pin From Net: NetName=DISP_DATA Pin=U4-3
Removed Pin From Net: NetName=DISP_SCK Pin=U4-4
Removed Pin From Net: NetName=PB13 Pin=U4-5
Removed Pin From Net: NetName=NetR34_2 Pin=U4-6
Removed Pin From Net: NetName=PB12 Pin=U4-7
Removed Pin From Net: NetName=PG0 Pin=U4-8
Added Pin To Net: NetName=COL_1 Pin=U2-1
Added Pin To Net: NetName=ROW_3 Pin=U2-2
Added Pin To Net: NetName=ROW_2 Pin=U2-3
Added Pin To Net: NetName=ROW_1 Pin=U2-4
Added Pin To Net: NetName=DISP_SCK Pin=U4-1
Added Pin To Net: NetName=DISP_DATA Pin=U4-2
Added Pin To Net: NetName=DISP_NCS Pin=U4-3
Added Pin To Net: NetName=DISP_D/C Pin=U4-4
Added Pin To Net: NetName=PG0 Pin=U4-5
Added Pin To Net: NetName=PB12 Pin=U4-6
Added Pin To Net: NetName=NetR34_2 Pin=U4-7
Added Pin To Net: NetName=PB13 Pin=U4-8
