Removed Pin From Net: NetName=+3V3 Pin=LD1-A
Removed Pin From Net: NetName=GPIO21 Pin=R100-4
Removed Pin From Net: NetName=UART0.CTS Pin=R100-5
Removed Pin From Net: NetName=\CP2102_RST Pin=R100-8
Removed Pin From Net: NetName=+3V3 Pin=R100-9
Removed Pin From Net: NetName=+3V3 Pin=R100-10
Removed Pin From Net: NetName=+3V3 Pin=R100-11
Removed Pin From Net: NetName=+3V3 Pin=R100-12
Removed Pin From Net: NetName=+3V3 Pin=R100-13
Removed Pin From Net: NetName=+3V3 Pin=R100-14
Removed Pin From Net: NetName=+3V3 Pin=R100-15
Removed Pin From Net: NetName=+3V3 Pin=R100-16
Removed Pin From Net: NetName=\SUSP_B Pin=R103-1
Removed Pin From Net: NetName=GND Pin=R105-1
Removed Pin From Net: NetName=GPIO20 Pin=R105-2
Removed Member From Class: ClassName=U_CP2102N_USB-to-UART_Bridge Member=LD1
Removed Member From Class: ClassName=U_CP2102N_USB-to-UART_Bridge Member=R100
Removed Member From Class: ClassName=U_CP2102N_USB-to-UART_Bridge Member=R101
Removed Member From Class: ClassName=U_CP2102N_USB-to-UART_Bridge Member=R102
Removed Member From Class: ClassName=U_CP2102N_USB-to-UART_Bridge Member=R103
Removed Member From Class: ClassName=U_CP2102N_USB-to-UART_Bridge Member=R105
Change Component Footprint: Designator=C70 Old Footprint=C0603 New Footprint=C0402
Change Component Footprint: Designator=C71 Old Footprint=C0603 New Footprint=C0402
Change Component Comment : Designator=C69 Old Comment=CAP CER 0.1UF 16V X7R 0402 New Comment=CAP CER 0.1UF 50V X7R 0402
Change Component Comment : Designator=C72 Old Comment=CAP CER 0.1UF 16V X7R 0402 New Comment=CAP CER 0.1UF 50V X7R 0402
Change Component Comment : Designator=C70 Old Comment=CAP CER 4.7UF 16V X5R 0603 New Comment=CAP CER 1UF 16V X5R 0402
Change Component Comment : Designator=C71 Old Comment=CAP CER 4.7UF 16V X5R 0603 New Comment=CAP CER 1UF 16V X5R 0402
Change Component Designator: OldDesignator=C51 NewDesignator=C50
Change Component Designator: OldDesignator=C52 NewDesignator=C51
Change Component Designator: OldDesignator=C53 NewDesignator=C52
Change Component Designator: OldDesignator=C54 NewDesignator=C53
Change Component Designator: OldDesignator=C55 NewDesignator=C54
Change Component Designator: OldDesignator=C56 NewDesignator=C55
Change Component Designator: OldDesignator=C57 NewDesignator=C56
Change Component Designator: OldDesignator=C58 NewDesignator=C57
Change Component Designator: OldDesignator=C59 NewDesignator=C58
Change Component Designator: OldDesignator=C60 NewDesignator=C59
Change Component Designator: OldDesignator=C61 NewDesignator=C60
Change Component Designator: OldDesignator=C62 NewDesignator=C61
Change Component Designator: OldDesignator=C63 NewDesignator=C62
Change Component Designator: OldDesignator=C64 NewDesignator=C63
Change Component Designator: OldDesignator=C65 NewDesignator=C64
Change Component Designator: OldDesignator=C66 NewDesignator=C65
Change Component Designator: OldDesignator=C67 NewDesignator=C66
Change Component Designator: OldDesignator=C68 NewDesignator=C67
Change Component Designator: OldDesignator=C69 NewDesignator=C150
Change Component Designator: OldDesignator=C70 NewDesignator=C151
Change Component Designator: OldDesignator=C71 NewDesignator=C152
Change Component Designator: OldDesignator=C72 NewDesignator=C153
Change Component Designator: OldDesignator=C73 NewDesignator=C68
Change Component Designator: OldDesignator=C74 NewDesignator=C69
Change Component Designator: OldDesignator=C75 NewDesignator=C70
Change Component Designator: OldDesignator=C76 NewDesignator=C71
Change Component Designator: OldDesignator=C77 NewDesignator=C72
Change Component Designator: OldDesignator=C78 NewDesignator=C73
Change Component Designator: OldDesignator=C79 NewDesignator=C74
Change Component Designator: OldDesignator=C80 NewDesignator=C75
Change Component Designator: OldDesignator=C81 NewDesignator=C76
Change Component Designator: OldDesignator=C82 NewDesignator=C77
Change Component Designator: OldDesignator=C83 NewDesignator=C78
Change Component Designator: OldDesignator=C84 NewDesignator=C79
Change Component Designator: OldDesignator=C85 NewDesignator=C80
Change Component Designator: OldDesignator=C86 NewDesignator=C81
Change Component Designator: OldDesignator=C87 NewDesignator=C82
Change Component Designator: OldDesignator=C88 NewDesignator=C83
Change Component Designator: OldDesignator=C89 NewDesignator=C84
Change Component Designator: OldDesignator=C90 NewDesignator=C85
Change Component Designator: OldDesignator=C91 NewDesignator=C86
Change Component Designator: OldDesignator=C92 NewDesignator=C87
Change Component Designator: OldDesignator=C93 NewDesignator=C88
Change Component Designator: OldDesignator=C94 NewDesignator=C89
Change Component Designator: OldDesignator=C95 NewDesignator=C90
Change Component Designator: OldDesignator=C96 NewDesignator=C91
Change Component Designator: OldDesignator=C97 NewDesignator=C92
Change Component Designator: OldDesignator=C98 NewDesignator=C93
Change Component Designator: OldDesignator=C99 NewDesignator=C94
Change Component Designator: OldDesignator=C100 NewDesignator=C95
Change Component Designator: OldDesignator=C101 NewDesignator=C96
Change Component Designator: OldDesignator=C102 NewDesignator=C97
Change Component Designator: OldDesignator=C103 NewDesignator=C98
Change Component Designator: OldDesignator=C106 NewDesignator=C99
Change Component Designator: OldDesignator=C107 NewDesignator=C100
Change Component Designator: OldDesignator=C108 NewDesignator=C101
Change Component Designator: OldDesignator=C109 NewDesignator=C102
Change Component Designator: OldDesignator=C110 NewDesignator=C103
Change Component Designator: OldDesignator=C111 NewDesignator=C104
Change Component Designator: OldDesignator=C112 NewDesignator=C105
Change Component Designator: OldDesignator=C113 NewDesignator=C106
Change Component Designator: OldDesignator=C114 NewDesignator=C107
Change Component Designator: OldDesignator=C115 NewDesignator=C108
Change Component Designator: OldDesignator=C116 NewDesignator=C109
Change Component Designator: OldDesignator=C117 NewDesignator=C110
Change Component Designator: OldDesignator=C118 NewDesignator=C111
Change Component Designator: OldDesignator=C119 NewDesignator=C112
Change Component Designator: OldDesignator=C120 NewDesignator=C113
Change Component Designator: OldDesignator=C121 NewDesignator=C114
Change Component Designator: OldDesignator=C122 NewDesignator=C115
Change Component Designator: OldDesignator=C123 NewDesignator=C116
Change Component Designator: OldDesignator=C124 NewDesignator=C117
Change Component Designator: OldDesignator=C125 NewDesignator=C118
Change Component Designator: OldDesignator=C126 NewDesignator=C119
Change Component Designator: OldDesignator=C127 NewDesignator=C120
Change Component Designator: OldDesignator=C128 NewDesignator=C121
Change Component Designator: OldDesignator=C129 NewDesignator=C122
Change Component Designator: OldDesignator=C130 NewDesignator=C123
Change Component Designator: OldDesignator=C131 NewDesignator=C124
Change Component Designator: OldDesignator=C132 NewDesignator=C125
Change Component Designator: OldDesignator=C133 NewDesignator=C126
Change Component Designator: OldDesignator=C134 NewDesignator=C127
Change Component Designator: OldDesignator=C135 NewDesignator=C128
Change Component Designator: OldDesignator=C136 NewDesignator=C129
Change Component Designator: OldDesignator=C137 NewDesignator=C130
Change Component Designator: OldDesignator=C138 NewDesignator=C131
Change Component Designator: OldDesignator=C139 NewDesignator=C132
Change Component Designator: OldDesignator=C140 NewDesignator=C133
Change Component Designator: OldDesignator=C141 NewDesignator=C134
Change Component Designator: OldDesignator=C142 NewDesignator=C135
Change Component Designator: OldDesignator=C143 NewDesignator=C136
Change Component Designator: OldDesignator=C144 NewDesignator=C137
Change Component Designator: OldDesignator=C145 NewDesignator=C138
Change Component Designator: OldDesignator=C146 NewDesignator=C139
Change Component Designator: OldDesignator=C147 NewDesignator=C140
Change Component Designator: OldDesignator=C148 NewDesignator=C141
Change Component Designator: OldDesignator=C149 NewDesignator=C142
Change Component Designator: OldDesignator=C150 NewDesignator=C143
Change Component Designator: OldDesignator=C151 NewDesignator=C144
Change Component Designator: OldDesignator=C152 NewDesignator=C145
Change Component Designator: OldDesignator=C153 NewDesignator=C146
Change Component Designator: OldDesignator=C154 NewDesignator=C147
Change Component Designator: OldDesignator=C155 NewDesignator=C148
Change Component Designator: OldDesignator=D14 NewDesignator=D13
Change Component Designator: OldDesignator=D15 NewDesignator=D14
Change Component Designator: OldDesignator=D16 NewDesignator=D15
Change Component Designator: OldDesignator=D17 NewDesignator=D16
Change Component Designator: OldDesignator=D18 NewDesignator=D17
Change Component Designator: OldDesignator=D19 NewDesignator=D18
Change Component Designator: OldDesignator=D22 NewDesignator=D19
Change Component Designator: OldDesignator=J2 NewDesignator=J1
Change Component Designator: OldDesignator=R94 NewDesignator=R89
Change Component Designator: OldDesignator=R95 NewDesignator=R90
Change Component Designator: OldDesignator=R96 NewDesignator=R91
Change Component Designator: OldDesignator=R97 NewDesignator=R92
Change Component Designator: OldDesignator=R98 NewDesignator=R93
Change Component Designator: OldDesignator=R99 NewDesignator=R153
Change Component Designator: OldDesignator=R104 NewDesignator=R154
Change Component Designator: OldDesignator=R106 NewDesignator=R94
Change Component Designator: OldDesignator=R107 NewDesignator=R95
Change Component Designator: OldDesignator=R108 NewDesignator=R96
Change Component Designator: OldDesignator=R109 NewDesignator=R97
Change Component Designator: OldDesignator=R110 NewDesignator=R98
Change Component Designator: OldDesignator=R111 NewDesignator=R99
Change Component Designator: OldDesignator=R112 NewDesignator=R100
Change Component Designator: OldDesignator=R113 NewDesignator=R101
Change Component Designator: OldDesignator=R114 NewDesignator=R102
Change Component Designator: OldDesignator=R115 NewDesignator=R103
Change Component Designator: OldDesignator=R116 NewDesignator=R104
Change Component Designator: OldDesignator=R117 NewDesignator=R105
Change Component Designator: OldDesignator=R118 NewDesignator=R106
Change Component Designator: OldDesignator=R119 NewDesignator=R107
Change Component Designator: OldDesignator=R120 NewDesignator=R108
Change Component Designator: OldDesignator=R121 NewDesignator=R109
Change Component Designator: OldDesignator=R122 NewDesignator=R110
Change Component Designator: OldDesignator=R123 NewDesignator=R111
Change Component Designator: OldDesignator=R124 NewDesignator=R112
Change Component Designator: OldDesignator=R125 NewDesignator=R113
Change Component Designator: OldDesignator=R126 NewDesignator=R114
Change Component Designator: OldDesignator=R127 NewDesignator=R115
Change Component Designator: OldDesignator=R128 NewDesignator=R116
Change Component Designator: OldDesignator=R129 NewDesignator=R117
Change Component Designator: OldDesignator=R130 NewDesignator=R118
Change Component Designator: OldDesignator=R131 NewDesignator=R119
Change Component Designator: OldDesignator=R132 NewDesignator=R120
Change Component Designator: OldDesignator=R133 NewDesignator=R121
Change Component Designator: OldDesignator=R134 NewDesignator=R122
Change Component Designator: OldDesignator=R135 NewDesignator=R123
Change Component Designator: OldDesignator=R136 NewDesignator=R124
Change Component Designator: OldDesignator=R137 NewDesignator=R125
Change Component Designator: OldDesignator=R138 NewDesignator=R126
Change Component Designator: OldDesignator=R139 NewDesignator=R127
Change Component Designator: OldDesignator=R140 NewDesignator=R128
Change Component Designator: OldDesignator=R141 NewDesignator=R129
Change Component Designator: OldDesignator=R142 NewDesignator=R130
Change Component Designator: OldDesignator=R143 NewDesignator=R131
Change Component Designator: OldDesignator=R144 NewDesignator=R132
Change Component Designator: OldDesignator=R145 NewDesignator=R133
Change Component Designator: OldDesignator=R146 NewDesignator=R134
Change Component Designator: OldDesignator=R147 NewDesignator=R135
Change Component Designator: OldDesignator=R148 NewDesignator=R136
Change Component Designator: OldDesignator=R149 NewDesignator=R137
Change Component Designator: OldDesignator=R150 NewDesignator=R138
Change Component Designator: OldDesignator=R151 NewDesignator=R139
Change Component Designator: OldDesignator=R152 NewDesignator=R140
Change Component Designator: OldDesignator=R153 NewDesignator=R141
Change Component Designator: OldDesignator=R154 NewDesignator=R142
Change Component Designator: OldDesignator=R155 NewDesignator=R143
Change Component Designator: OldDesignator=R156 NewDesignator=R144
Change Component Designator: OldDesignator=R157 NewDesignator=R145
Change Component Designator: OldDesignator=R158 NewDesignator=R146
Change Component Designator: OldDesignator=R159 NewDesignator=R147
Change Component Designator: OldDesignator=R160 NewDesignator=R148
Change Component Designator: OldDesignator=R161 NewDesignator=R149
Change Component Designator: OldDesignator=R162 NewDesignator=R150
Change Component Designator: OldDesignator=R163 NewDesignator=R151
Change Component Designator: OldDesignator=R164 NewDesignator=R152
Change Component Designator: OldDesignator=U23 NewDesignator=U45
Change Component Designator: OldDesignator=U24 NewDesignator=U23
Change Component Designator: OldDesignator=U25 NewDesignator=U24
Change Component Designator: OldDesignator=U26 NewDesignator=U25
Change Component Designator: OldDesignator=U27 NewDesignator=U26
Change Component Designator: OldDesignator=U28 NewDesignator=U27
Change Component Designator: OldDesignator=U29 NewDesignator=U28
Change Component Designator: OldDesignator=U30 NewDesignator=U29
Change Component Designator: OldDesignator=U31 NewDesignator=U30
Change Component Designator: OldDesignator=U32 NewDesignator=U31
Change Component Designator: OldDesignator=U33 NewDesignator=U32
Change Component Designator: OldDesignator=U34 NewDesignator=U33
Change Component Designator: OldDesignator=U35 NewDesignator=U34
Change Component Designator: OldDesignator=U36 NewDesignator=U35
Change Component Designator: OldDesignator=U37 NewDesignator=U36
Change Component Designator: OldDesignator=U38 NewDesignator=U37
Change Component Designator: OldDesignator=U39 NewDesignator=U38
Change Component Designator: OldDesignator=U40 NewDesignator=U39
Change Component Designator: OldDesignator=U41 NewDesignator=U40
Change Component Designator: OldDesignator=U42 NewDesignator=U41
Change Component Designator: OldDesignator=U43 NewDesignator=U42
Change Component Designator: OldDesignator=U45 NewDesignator=U43
Change Component Designator: OldDesignator=U46 NewDesignator=U44
Change Component Designator: OldDesignator=X8 NewDesignator=X7
Change component parameters: Designator = "C151"; Footprint = "C0402"; UniqueID = "\SGENAOIC\LOEQSRMM\JHKXDPEX"
Change component parameters. Clean all parameters for all variants
Change component parameters (AddParameter): Name = "Capacitance"; Value = "1uF"; VariantName = "[No Variations]"
Change component parameters (AddParameter): Name = "Case/Package"; Value = "0402"; VariantName = "[No Variations]"
Change component parameters (AddParameter): Name = "Case Code (Imperial)"; Value = "0402"; VariantName = "[No Variations]"
Change component parameters (AddParameter): Name = "Case Code (Metric)"; Value = "1005"; VariantName = "[No Variations]"
Change component parameters (AddParameter): Name = "ComponentLink1Description"; Value = "http://www.yageo.com/documents/recent/UPY-GPHC_X5R_4V-to-50V_12.pdf?src-supplier=Avnet+Europe"; VariantName = "[No Variations]"
Change component parameters (AddParameter): Name = "ComponentLink1URL"; Value = "http://www.yageo.com/documents/recent/UPY-GPHC_X5R_4V-to-50V_12.pdf?src-supplier=Avnet+Europe"; VariantName = "[No Variations]"
Change component parameters (AddParameter): Name = "Composition"; Value = "Ceramic"; VariantName = "[No Variations]"
Change component parameters (AddParameter): Name = "Depth"; Value = "0.5mm"; VariantName = "[No Variations]"
Change component parameters (AddParameter): Name = "Dielectric"; Value = "X5R"; VariantName = "[No Variations]"
Change component parameters (AddParameter): Name = "Halogen Free"; Value = "Halogen Free"; VariantName = "[No Variations]"
Change component parameters (AddParameter): Name = "Height"; Value = "0.5mm"; VariantName = "[No Variations]"
Change component parameters (AddParameter): Name = "Lead Free"; Value = "Lead Free"; VariantName = "[No Variations]"
Change component parameters (AddParameter): Name = "Length"; Value = "1mm"; VariantName = "[No Variations]"
Change component parameters (AddParameter): Name = "Manufacturer"; Value = "Yageo"; VariantName = "[No Variations]"
Change component parameters (AddParameter): Name = "Manufacturer Part Number"; Value = "CC0402KRX5R7BB105"; VariantName = "[No Variations]"
Change component parameters (AddParameter): Name = "Max Operating Temperature"; Value = "85°C"; VariantName = "[No Variations]"
Change component parameters (AddParameter): Name = "Min Operating Temperature"; Value = "-55°C"; VariantName = "[No Variations]"
Change component parameters (AddParameter): Name = "Mount"; Value = "Surface Mount"; VariantName = "[No Variations]"
Change component parameters (AddParameter): Name = "Packaging"; Value = "Tape and Reel"; VariantName = "[No Variations]"
Change component parameters (AddParameter): Name = "Pricing 1"; Value = "1=0.4, 10=0.278, 100=0.167, 500=0.1253, 1000=0.1058, 2500=0.1002, 5000=0.0947 (USD)"; VariantName = "[No Variations]"
Change component parameters (AddParameter): Name = "Radiation Hardening"; Value = "No"; VariantName = "[No Variations]"
Change component parameters (AddParameter): Name = "Stock 1"; Value = "1114963"; VariantName = "[No Variations]"
Change component parameters (AddParameter): Name = "Supplier 1"; Value = "Digi-Key"; VariantName = "[No Variations]"
Change component parameters (AddParameter): Name = "Supplier Part Number 1"; Value = "311-1691-1-ND"; VariantName = "[No Variations]"
Change component parameters (AddParameter): Name = "Termination"; Value = "SMD/SMT"; VariantName = "[No Variations]"
Change component parameters (AddParameter): Name = "Thickness"; Value = "0.022inch"; VariantName = "[No Variations]"
Change component parameters (AddParameter): Name = "Tolerance"; Value = "10%"; VariantName = "[No Variations]"
Change component parameters (AddParameter): Name = "Voltage Rating"; Value = "16V"; VariantName = "[No Variations]"
Change component parameters (AddParameter): Name = "Voltage Rating (DC)"; Value = "16V"; VariantName = "[No Variations]"
Change component parameters (AddParameter): Name = "Weight"; Value = "2.3E-05oz"; VariantName = "[No Variations]"
Change component parameters (AddParameter): Name = "Width"; Value = "0.02inch"; VariantName = "[No Variations]"
Change component parameters: Designator = "C152"; Footprint = "C0402"; UniqueID = "\SGENAOIC\LOEQSRMM\WDRQGUHM"
Change component parameters. Clean all parameters for all variants
Change component parameters (AddParameter): Name = "Capacitance"; Value = "1uF"; VariantName = "[No Variations]"
Change component parameters (AddParameter): Name = "Case/Package"; Value = "0402"; VariantName = "[No Variations]"
Change component parameters (AddParameter): Name = "Case Code (Imperial)"; Value = "0402"; VariantName = "[No Variations]"
Change component parameters (AddParameter): Name = "Case Code (Metric)"; Value = "1005"; VariantName = "[No Variations]"
Change component parameters (AddParameter): Name = "ComponentLink1Description"; Value = "http://www.yageo.com/documents/recent/UPY-GPHC_X5R_4V-to-50V_12.pdf?src-supplier=Avnet+Europe"; VariantName = "[No Variations]"
Change component parameters (AddParameter): Name = "ComponentLink1URL"; Value = "http://www.yageo.com/documents/recent/UPY-GPHC_X5R_4V-to-50V_12.pdf?src-supplier=Avnet+Europe"; VariantName = "[No Variations]"
Change component parameters (AddParameter): Name = "Composition"; Value = "Ceramic"; VariantName = "[No Variations]"
Change component parameters (AddParameter): Name = "Depth"; Value = "0.5mm"; VariantName = "[No Variations]"
Change component parameters (AddParameter): Name = "Dielectric"; Value = "X5R"; VariantName = "[No Variations]"
Change component parameters (AddParameter): Name = "Halogen Free"; Value = "Halogen Free"; VariantName = "[No Variations]"
Change component parameters (AddParameter): Name = "Height"; Value = "0.5mm"; VariantName = "[No Variations]"
Change component parameters (AddParameter): Name = "Lead Free"; Value = "Lead Free"; VariantName = "[No Variations]"
Change component parameters (AddParameter): Name = "Length"; Value = "1mm"; VariantName = "[No Variations]"
Change component parameters (AddParameter): Name = "Manufacturer"; Value = "Yageo"; VariantName = "[No Variations]"
Change component parameters (AddParameter): Name = "Manufacturer Part Number"; Value = "CC0402KRX5R7BB105"; VariantName = "[No Variations]"
Change component parameters (AddParameter): Name = "Max Operating Temperature"; Value = "85°C"; VariantName = "[No Variations]"
Change component parameters (AddParameter): Name = "Min Operating Temperature"; Value = "-55°C"; VariantName = "[No Variations]"
Change component parameters (AddParameter): Name = "Mount"; Value = "Surface Mount"; VariantName = "[No Variations]"
Change component parameters (AddParameter): Name = "Packaging"; Value = "Tape and Reel"; VariantName = "[No Variations]"
Change component parameters (AddParameter): Name = "Pricing 1"; Value = "1=0.4, 10=0.278, 100=0.167, 500=0.1253, 1000=0.1058, 2500=0.1002, 5000=0.0947 (USD)"; VariantName = "[No Variations]"
Change component parameters (AddParameter): Name = "Radiation Hardening"; Value = "No"; VariantName = "[No Variations]"
Change component parameters (AddParameter): Name = "Stock 1"; Value = "1114963"; VariantName = "[No Variations]"
Change component parameters (AddParameter): Name = "Supplier 1"; Value = "Digi-Key"; VariantName = "[No Variations]"
Change component parameters (AddParameter): Name = "Supplier Part Number 1"; Value = "311-1691-1-ND"; VariantName = "[No Variations]"
Change component parameters (AddParameter): Name = "Termination"; Value = "SMD/SMT"; VariantName = "[No Variations]"
Change component parameters (AddParameter): Name = "Thickness"; Value = "0.022inch"; VariantName = "[No Variations]"
Change component parameters (AddParameter): Name = "Tolerance"; Value = "10%"; VariantName = "[No Variations]"
Change component parameters (AddParameter): Name = "Voltage Rating"; Value = "16V"; VariantName = "[No Variations]"
Change component parameters (AddParameter): Name = "Voltage Rating (DC)"; Value = "16V"; VariantName = "[No Variations]"
Change component parameters (AddParameter): Name = "Weight"; Value = "2.3E-05oz"; VariantName = "[No Variations]"
Change component parameters (AddParameter): Name = "Width"; Value = "0.02inch"; VariantName = "[No Variations]"
Change component parameters: Designator = "C150"; Footprint = "C0402"; UniqueID = "\SGENAOIC\LOEQSRMM\DHDBXRFK"
Change component parameters. Clean all parameters for all variants
Change component parameters (AddParameter): Name = "Capacitance"; Value = "100nF"; VariantName = "[No Variations]"
Change component parameters (AddParameter): Name = "Case/Package"; Value = "0402"; VariantName = "[No Variations]"
Change component parameters (AddParameter): Name = "Case Code (Imperial)"; Value = "0402"; VariantName = "[No Variations]"
Change component parameters (AddParameter): Name = "Case Code (Metric)"; Value = "1005"; VariantName = "[No Variations]"
Change component parameters (AddParameter): Name = "ComponentLink1Description"; Value = "http://product.tdk.com/capacitor/mlcc/en/documents/mlccspec_automotive_general_midvoltage_en.pdf?src-supplier=Future+Electronics"; VariantName = "[No Variations]"
Change component parameters (AddParameter): Name = "ComponentLink1URL"; Value = "http://product.tdk.com/capacitor/mlcc/en/documents/mlccspec_automotive_general_midvoltage_en.pdf?src-supplier=Future+Electronics"; VariantName = "[No Variations]"
Change component parameters (AddParameter): Name = "ComponentLink2Description"; Value = "http://www.farnell.com/datasheets/1807242.pdf?src-supplier=Element14"; VariantName = "[No Variations]"
Change component parameters (AddParameter): Name = "ComponentLink2URL"; Value = "http://www.farnell.com/datasheets/1807242.pdf?src-supplier=Element14"; VariantName = "[No Variations]"
Change component parameters (AddParameter): Name = "ComponentLink3Description"; Value = "http://www.mouser.com/ds/2/400/lcc_automotive_general_en-843974.pdf?src-supplier=Mouser"; VariantName = "[No Variations]"
Change component parameters (AddParameter): Name = "ComponentLink3URL"; Value = "http://www.mouser.com/ds/2/400/lcc_automotive_general_en-843974.pdf?src-supplier=Mouser"; VariantName = "[No Variations]"
Change component parameters (AddParameter): Name = "ComponentLink4Description"; Value = "http://www.farnell.com/datasheets/1936565.pdf?src-supplier=Element14"; VariantName = "[No Variations]"
Change component parameters (AddParameter): Name = "ComponentLink4URL"; Value = "http://www.farnell.com/datasheets/1936565.pdf?src-supplier=Element14"; VariantName = "[No Variations]"
Change component parameters (AddParameter): Name = "ComponentLink5Description"; Value = "http://www.farnell.com/datasheets/1735392.pdf?src-supplier=Element14"; VariantName = "[No Variations]"
Change component parameters (AddParameter): Name = "ComponentLink5URL"; Value = "http://www.farnell.com/datasheets/1735392.pdf?src-supplier=Element14"; VariantName = "[No Variations]"
Change component parameters (AddParameter): Name = "Composition"; Value = "Ceramic"; VariantName = "[No Variations]"
Change component parameters (AddParameter): Name = "Depth"; Value = "0.5mm"; VariantName = "[No Variations]"
Change component parameters (AddParameter): Name = "Dielectric"; Value = "X7R"; VariantName = "[No Variations]"
Change component parameters (AddParameter): Name = "Height"; Value = "0.5mm"; VariantName = "[No Variations]"
Change component parameters (AddParameter): Name = "Lead Free"; Value = "Lead Free"; VariantName = "[No Variations]"
Change component parameters (AddParameter): Name = "Length"; Value = "1mm"; VariantName = "[No Variations]"
Change component parameters (AddParameter): Name = "Manufacturer"; Value = "TDK"; VariantName = "[No Variations]"
Change component parameters (AddParameter): Name = "Manufacturer Part Number"; Value = "CGA2B3X7R1H104K050BB"; VariantName = "[No Variations]"
Change component parameters (AddParameter): Name = "Max Operating Temperature"; Value = "125°C"; VariantName = "[No Variations]"
Change component parameters (AddParameter): Name = "Min Operating Temperature"; Value = "-55°C"; VariantName = "[No Variations]"
Change component parameters (AddParameter): Name = "Mount"; Value = "Surface Mount"; VariantName = "[No Variations]"
Change component parameters (AddParameter): Name = "Package Quantity"; Value = "1"; VariantName = "[No Variations]"
Change component parameters (AddParameter): Name = "Packaging"; Value = "Tape and Reel"; VariantName = "[No Variations]"
Change component parameters (AddParameter): Name = "Pricing 1"; Value = "1=0.17, 10=0.118, 50=0.0668, 100=0.0553, 500=0.0388, 1000=0.0321, 2500=0.0299, 5000=0.0273 (USD)"; VariantName = "[No Variations]"
Change component parameters (AddParameter): Name = "Ratings"; Value = "AEC-Q200"; VariantName = "[No Variations]"
Change component parameters (AddParameter): Name = "REACH SVHC"; Value = "No SVHC"; VariantName = "[No Variations]"
Change component parameters (AddParameter): Name = "Stock 1"; Value = "2925303"; VariantName = "[No Variations]"
Change component parameters (AddParameter): Name = "Supplier 1"; Value = "Digi-Key"; VariantName = "[No Variations]"
Change component parameters (AddParameter): Name = "Supplier Part Number 1"; Value = "445-6899-1-ND"; VariantName = "[No Variations]"
Change component parameters (AddParameter): Name = "Termination"; Value = "SMD/SMT"; VariantName = "[No Variations]"
Change component parameters (AddParameter): Name = "Thickness"; Value = "0.022inch"; VariantName = "[No Variations]"
Change component parameters (AddParameter): Name = "Tolerance"; Value = "10%"; VariantName = "[No Variations]"
Change component parameters (AddParameter): Name = "Voltage"; Value = "50V"; VariantName = "[No Variations]"
Change component parameters (AddParameter): Name = "Voltage Rating"; Value = "50V"; VariantName = "[No Variations]"
Change component parameters (AddParameter): Name = "Voltage Rating (DC)"; Value = "50V"; VariantName = "[No Variations]"
Change component parameters (AddParameter): Name = "Weight"; Value = "2.3E-05oz"; VariantName = "[No Variations]"
Change component parameters (AddParameter): Name = "Width"; Value = "0.02inch"; VariantName = "[No Variations]"
Change component parameters: Designator = "C153"; Footprint = "C0402"; UniqueID = "\SGENAOIC\LOEQSRMM\PHKQGBUN"
Change component parameters. Clean all parameters for all variants
Change component parameters (AddParameter): Name = "Capacitance"; Value = "100nF"; VariantName = "[No Variations]"
Change component parameters (AddParameter): Name = "Case/Package"; Value = "0402"; VariantName = "[No Variations]"
Change component parameters (AddParameter): Name = "Case Code (Imperial)"; Value = "0402"; VariantName = "[No Variations]"
Change component parameters (AddParameter): Name = "Case Code (Metric)"; Value = "1005"; VariantName = "[No Variations]"
Change component parameters (AddParameter): Name = "ComponentLink1Description"; Value = "http://product.tdk.com/capacitor/mlcc/en/documents/mlccspec_automotive_general_midvoltage_en.pdf?src-supplier=Future+Electronics"; VariantName = "[No Variations]"
Change component parameters (AddParameter): Name = "ComponentLink1URL"; Value = "http://product.tdk.com/capacitor/mlcc/en/documents/mlccspec_automotive_general_midvoltage_en.pdf?src-supplier=Future+Electronics"; VariantName = "[No Variations]"
Change component parameters (AddParameter): Name = "ComponentLink2Description"; Value = "http://www.farnell.com/datasheets/1807242.pdf?src-supplier=Element14"; VariantName = "[No Variations]"
Change component parameters (AddParameter): Name = "ComponentLink2URL"; Value = "http://www.farnell.com/datasheets/1807242.pdf?src-supplier=Element14"; VariantName = "[No Variations]"
Change component parameters (AddParameter): Name = "ComponentLink3Description"; Value = "http://www.mouser.com/ds/2/400/lcc_automotive_general_en-843974.pdf?src-supplier=Mouser"; VariantName = "[No Variations]"
Change component parameters (AddParameter): Name = "ComponentLink3URL"; Value = "http://www.mouser.com/ds/2/400/lcc_automotive_general_en-843974.pdf?src-supplier=Mouser"; VariantName = "[No Variations]"
Change component parameters (AddParameter): Name = "ComponentLink4Description"; Value = "http://www.farnell.com/datasheets/1936565.pdf?src-supplier=Element14"; VariantName = "[No Variations]"
Change component parameters (AddParameter): Name = "ComponentLink4URL"; Value = "http://www.farnell.com/datasheets/1936565.pdf?src-supplier=Element14"; VariantName = "[No Variations]"
Change component parameters (AddParameter): Name = "ComponentLink5Description"; Value = "http://www.farnell.com/datasheets/1735392.pdf?src-supplier=Element14"; VariantName = "[No Variations]"
Change component parameters (AddParameter): Name = "ComponentLink5URL"; Value = "http://www.farnell.com/datasheets/1735392.pdf?src-supplier=Element14"; VariantName = "[No Variations]"
Change component parameters (AddParameter): Name = "Composition"; Value = "Ceramic"; VariantName = "[No Variations]"
Change component parameters (AddParameter): Name = "Depth"; Value = "0.5mm"; VariantName = "[No Variations]"
Change component parameters (AddParameter): Name = "Dielectric"; Value = "X7R"; VariantName = "[No Variations]"
Change component parameters (AddParameter): Name = "Height"; Value = "0.5mm"; VariantName = "[No Variations]"
Change component parameters (AddParameter): Name = "Lead Free"; Value = "Lead Free"; VariantName = "[No Variations]"
Change component parameters (AddParameter): Name = "Length"; Value = "1mm"; VariantName = "[No Variations]"
Change component parameters (AddParameter): Name = "Manufacturer"; Value = "TDK"; VariantName = "[No Variations]"
Change component parameters (AddParameter): Name = "Manufacturer Part Number"; Value = "CGA2B3X7R1H104K050BB"; VariantName = "[No Variations]"
Change component parameters (AddParameter): Name = "Max Operating Temperature"; Value = "125°C"; VariantName = "[No Variations]"
Change component parameters (AddParameter): Name = "Min Operating Temperature"; Value = "-55°C"; VariantName = "[No Variations]"
Change component parameters (AddParameter): Name = "Mount"; Value = "Surface Mount"; VariantName = "[No Variations]"
Change component parameters (AddParameter): Name = "Package Quantity"; Value = "1"; VariantName = "[No Variations]"
Change component parameters (AddParameter): Name = "Packaging"; Value = "Tape and Reel"; VariantName = "[No Variations]"
Change component parameters (AddParameter): Name = "Pricing 1"; Value = "1=0.17, 10=0.118, 50=0.0668, 100=0.0553, 500=0.0388, 1000=0.0321, 2500=0.0299, 5000=0.0273 (USD)"; VariantName = "[No Variations]"
Change component parameters (AddParameter): Name = "Ratings"; Value = "AEC-Q200"; VariantName = "[No Variations]"
Change component parameters (AddParameter): Name = "REACH SVHC"; Value = "No SVHC"; VariantName = "[No Variations]"
Change component parameters (AddParameter): Name = "Stock 1"; Value = "2925303"; VariantName = "[No Variations]"
Change component parameters (AddParameter): Name = "Supplier 1"; Value = "Digi-Key"; VariantName = "[No Variations]"
Change component parameters (AddParameter): Name = "Supplier Part Number 1"; Value = "445-6899-1-ND"; VariantName = "[No Variations]"
Change component parameters (AddParameter): Name = "Termination"; Value = "SMD/SMT"; VariantName = "[No Variations]"
Change component parameters (AddParameter): Name = "Thickness"; Value = "0.022inch"; VariantName = "[No Variations]"
Change component parameters (AddParameter): Name = "Tolerance"; Value = "10%"; VariantName = "[No Variations]"
Change component parameters (AddParameter): Name = "Voltage"; Value = "50V"; VariantName = "[No Variations]"
Change component parameters (AddParameter): Name = "Voltage Rating"; Value = "50V"; VariantName = "[No Variations]"
Change component parameters (AddParameter): Name = "Voltage Rating (DC)"; Value = "50V"; VariantName = "[No Variations]"
Change component parameters (AddParameter): Name = "Weight"; Value = "2.3E-05oz"; VariantName = "[No Variations]"
Change component parameters (AddParameter): Name = "Width"; Value = "0.02inch"; VariantName = "[No Variations]"
Added Component: Designator=C149(C0402)
Add component. Clean all parameters for all variants
Add component (AddParameter): Name = "Capacitance"; Value = "1uF"; VariantName = "[No Variations]"
Add component (AddParameter): Name = "Case/Package"; Value = "0402"; VariantName = "[No Variations]"
Add component (AddParameter): Name = "Case Code (Imperial)"; Value = "0402"; VariantName = "[No Variations]"
Add component (AddParameter): Name = "Case Code (Metric)"; Value = "1005"; VariantName = "[No Variations]"
Add component (AddParameter): Name = "ComponentLink1Description"; Value = "http://www.yageo.com/documents/recent/UPY-GPHC_X5R_4V-to-50V_12.pdf?src-supplier=Avnet+Europe"; VariantName = "[No Variations]"
Add component (AddParameter): Name = "ComponentLink1URL"; Value = "http://www.yageo.com/documents/recent/UPY-GPHC_X5R_4V-to-50V_12.pdf?src-supplier=Avnet+Europe"; VariantName = "[No Variations]"
Add component (AddParameter): Name = "Composition"; Value = "Ceramic"; VariantName = "[No Variations]"
Add component (AddParameter): Name = "Depth"; Value = "0.5mm"; VariantName = "[No Variations]"
Add component (AddParameter): Name = "Dielectric"; Value = "X5R"; VariantName = "[No Variations]"
Add component (AddParameter): Name = "Halogen Free"; Value = "Halogen Free"; VariantName = "[No Variations]"
Add component (AddParameter): Name = "Height"; Value = "0.5mm"; VariantName = "[No Variations]"
Add component (AddParameter): Name = "Lead Free"; Value = "Lead Free"; VariantName = "[No Variations]"
Add component (AddParameter): Name = "Length"; Value = "1mm"; VariantName = "[No Variations]"
Add component (AddParameter): Name = "Manufacturer"; Value = "Yageo"; VariantName = "[No Variations]"
Add component (AddParameter): Name = "Manufacturer Part Number"; Value = "CC0402KRX5R7BB105"; VariantName = "[No Variations]"
Add component (AddParameter): Name = "Max Operating Temperature"; Value = "85°C"; VariantName = "[No Variations]"
Add component (AddParameter): Name = "Min Operating Temperature"; Value = "-55°C"; VariantName = "[No Variations]"
Add component (AddParameter): Name = "Mount"; Value = "Surface Mount"; VariantName = "[No Variations]"
Add component (AddParameter): Name = "Packaging"; Value = "Tape and Reel"; VariantName = "[No Variations]"
Add component (AddParameter): Name = "Pricing 1"; Value = "1=0.4, 10=0.278, 100=0.167, 500=0.1253, 1000=0.1058, 2500=0.1002, 5000=0.0947 (USD)"; VariantName = "[No Variations]"
Add component (AddParameter): Name = "Radiation Hardening"; Value = "No"; VariantName = "[No Variations]"
Add component (AddParameter): Name = "Stock 1"; Value = "1114963"; VariantName = "[No Variations]"
Add component (AddParameter): Name = "Supplier 1"; Value = "Digi-Key"; VariantName = "[No Variations]"
Add component (AddParameter): Name = "Supplier Part Number 1"; Value = "311-1691-1-ND"; VariantName = "[No Variations]"
Add component (AddParameter): Name = "Termination"; Value = "SMD/SMT"; VariantName = "[No Variations]"
Add component (AddParameter): Name = "Thickness"; Value = "0.022inch"; VariantName = "[No Variations]"
Add component (AddParameter): Name = "Tolerance"; Value = "10%"; VariantName = "[No Variations]"
Add component (AddParameter): Name = "Voltage Rating"; Value = "16V"; VariantName = "[No Variations]"
Add component (AddParameter): Name = "Voltage Rating (DC)"; Value = "16V"; VariantName = "[No Variations]"
Add component (AddParameter): Name = "Weight"; Value = "2.3E-05oz"; VariantName = "[No Variations]"
Add component (AddParameter): Name = "Width"; Value = "0.02inch"; VariantName = "[No Variations]"
Added Component: Designator=R155(R0402)
Add component. Clean all parameters for all variants
Add component (AddParameter): Name = "Case/Package"; Value = "0402"; VariantName = "[No Variations]"
Add component (AddParameter): Name = "Case Code (Imperial)"; Value = "0402"; VariantName = "[No Variations]"
Add component (AddParameter): Name = "Case Code (Metric)"; Value = "1005"; VariantName = "[No Variations]"
Add component (AddParameter): Name = "ComponentLink1Description"; Value = "http://www.mouser.com/ds/2/447/PYu-RC0402_51_RoHS_L_6_r-8721.pdf?src-supplier=Mouser"; VariantName = "[No Variations]"
Add component (AddParameter): Name = "ComponentLink1URL"; Value = "http://www.mouser.com/ds/2/447/PYu-RC0402_51_RoHS_L_6_r-8721.pdf?src-supplier=Mouser"; VariantName = "[No Variations]"
Add component (AddParameter): Name = "ComponentLink2Description"; Value = "http://documents.rs-components.com/techlib://itc_doclist_GB.htm?stockno=6186122&src-supplier=RSComponents"; VariantName = "[No Variations]"
Add component (AddParameter): Name = "ComponentLink2URL"; Value = "http://documents.rs-components.com/techlib://itc_doclist_GB.htm?stockno=6186122&src-supplier=RSComponents"; VariantName = "[No Variations]"
Add component (AddParameter): Name = "ComponentLink3Description"; Value = "http://www.farnell.com/datasheets/1018594.pdf?src-supplier=Element14"; VariantName = "[No Variations]"
Add component (AddParameter): Name = "ComponentLink3URL"; Value = "http://www.farnell.com/datasheets/1018594.pdf?src-supplier=Element14"; VariantName = "[No Variations]"
Add component (AddParameter): Name = "ComponentLink4Description"; Value = "http://www.yageo.com/documents/recent/PYu-RC0402_51_RoHS_L_6_r.pdf?src-supplier=Future+Electronics"; VariantName = "[No Variations]"
Add component (AddParameter): Name = "ComponentLink4URL"; Value = "http://www.yageo.com/documents/recent/PYu-RC0402_51_RoHS_L_6_r.pdf?src-supplier=Future+Electronics"; VariantName = "[No Variations]"
Add component (AddParameter): Name = "ComponentLink5Description"; Value = "http://www.farnell.com/datasheets/2167052.pdf?src-supplier=Element14"; VariantName = "[No Variations]"
Add component (AddParameter): Name = "ComponentLink5URL"; Value = "http://www.farnell.com/datasheets/2167052.pdf?src-supplier=Element14"; VariantName = "[No Variations]"
Add component (AddParameter): Name = "Composition"; Value = "Thick Film"; VariantName = "[No Variations]"
Add component (AddParameter): Name = "Depth"; Value = "0.5mm"; VariantName = "[No Variations]"
Add component (AddParameter): Name = "Height"; Value = "0.32mm"; VariantName = "[No Variations]"
Add component (AddParameter): Name = "Lead Free"; Value = "Lead Free"; VariantName = "[No Variations]"
Add component (AddParameter): Name = "Length"; Value = "1mm"; VariantName = "[No Variations]"
Add component (AddParameter): Name = "Manufacturer"; Value = "Yageo"; VariantName = "[No Variations]"
Add component (AddParameter): Name = "Manufacturer Part Number"; Value = "RC0402FR-071KL"; VariantName = "[No Variations]"
Add component (AddParameter): Name = "Max Operating Temperature"; Value = "155°C"; VariantName = "[No Variations]"
Add component (AddParameter): Name = "Military Standard"; Value = "Not"; VariantName = "[No Variations]"
Add component (AddParameter): Name = "Min Operating Temperature"; Value = "-55°C"; VariantName = "[No Variations]"
Add component (AddParameter): Name = "Number of Pins"; Value = "2"; VariantName = "[No Variations]"
Add component (AddParameter): Name = "Packaging"; Value = "Tape and Reel"; VariantName = "[No Variations]"
Add component (AddParameter): Name = "Power Rating"; Value = "62.5mW"; VariantName = "[No Variations]"
Add component (AddParameter): Name = "Pricing 1"; Value = "1=0.1, 10=0.015, 100=0.0062, 1000=0.0028, 2500=0.0024, 5000=0.002 (USD)"; VariantName = "[No Variations]"
Add component (AddParameter): Name = "REACH SVHC"; Value = "Unknown"; VariantName = "[No Variations]"
Add component (AddParameter): Name = "Resistance"; Value = "1kR"; VariantName = "[No Variations]"
Add component (AddParameter): Name = "Stock 1"; Value = "9574509"; VariantName = "[No Variations]"
Add component (AddParameter): Name = "Supplier 1"; Value = "Digi-Key"; VariantName = "[No Variations]"
Add component (AddParameter): Name = "Supplier Part Number 1"; Value = "311-1.00KLRCT-ND"; VariantName = "[No Variations]"
Add component (AddParameter): Name = "Temperature Coefficient"; Value = "100ppm/°C"; VariantName = "[No Variations]"
Add component (AddParameter): Name = "Termination"; Value = "SMD/SMT"; VariantName = "[No Variations]"
Add component (AddParameter): Name = "Tolerance"; Value = "1%"; VariantName = "[No Variations]"
Add component (AddParameter): Name = "Voltage Rating"; Value = "50V"; VariantName = "[No Variations]"
Add component (AddParameter): Name = "Voltage Rating (DC)"; Value = "50V"; VariantName = "[No Variations]"
Add component (AddParameter): Name = "Width"; Value = "0.5mm"; VariantName = "[No Variations]"
Added Pin To Net: NetName=GND Pin=C149-1
Added Pin To Net: NetName=VBUS_IN Pin=C149-2
Added Pin To Net: NetName=+3V3 Pin=R155-1
Added Pin To Net: NetName=\CP2102_RST Pin=R155-2
Change Net Name : Old Net Name=DTR New Net Name=UART0.DTR
Change Net Name : Old Net Name=NetC53_2 New Net Name=NetC52_2
Change Net Name : Old Net Name=NetC57_2 New Net Name=NetC56_2
Change Net Name : Old Net Name=NetC67_1 New Net Name=NetC66_1
Change Net Name : Old Net Name=NetC74_2 New Net Name=NetC69_2
Change Net Name : Old Net Name=NetC75_2 New Net Name=NetC70_2
Change Net Name : Old Net Name=NetC77_1 New Net Name=NetC72_1
Change Net Name : Old Net Name=NetC77_2 New Net Name=NetC72_2
Change Net Name : Old Net Name=NetC88_2 New Net Name=NetC83_2
Change Net Name : Old Net Name=NetC90_1 New Net Name=NetC85_1
Change Net Name : Old Net Name=NetC91_2 New Net Name=NetC86_2
Change Net Name : Old Net Name=NetC92_2 New Net Name=NetC87_2
Change Net Name : Old Net Name=NetC95_2 New Net Name=NetC90_2
Change Net Name : Old Net Name=NetC96_2 New Net Name=NetC91_2
Change Net Name : Old Net Name=NetC97_1 New Net Name=NetC92_1
Change Net Name : Old Net Name=NetC97_2 New Net Name=NetC92_2
Change Net Name : Old Net Name=NetC110_1 New Net Name=NetC103_1
Change Net Name : Old Net Name=NetC110_2 New Net Name=NetC103_2
Change Net Name : Old Net Name=NetC113_1 New Net Name=NetC106_1
Change Net Name : Old Net Name=NetC121_2 New Net Name=NetC114_2
Change Net Name : Old Net Name=NetC122_2 New Net Name=NetC115_2
Change Net Name : Old Net Name=NetC129_2 New Net Name=NetC122_2
Change Net Name : Old Net Name=NetC130_2 New Net Name=NetC123_2
Change Net Name : Old Net Name=NetC143_2 New Net Name=NetC136_2
Change Net Name : Old Net Name=NetC149_1 New Net Name=NetC142_1
Change Net Name : Old Net Name=NetC153_1 New Net Name=NetC146_1
Change Net Name : Old Net Name=NetD14_2 New Net Name=NetD13_2
Change Net Name : Old Net Name=NetD18_1 New Net Name=NetD17_1
Change Net Name : Old Net Name=NetJ2_2 New Net Name=NetJ1_2
Change Net Name : Old Net Name=NetR95_2 New Net Name=NetR90_2
Change Net Name : Old Net Name=NetR97_2 New Net Name=NetR92_2
Change Net Name : Old Net Name=NetR115_2 New Net Name=NetR103_2
Change Net Name : Old Net Name=NetR120_2 New Net Name=NetR108_2
Change Net Name : Old Net Name=NetR121_2 New Net Name=NetR109_2
Change Net Name : Old Net Name=NetR123_1 New Net Name=NetR111_1
Change Net Name : Old Net Name=NetR135_2 New Net Name=NetR123_2
Change Net Name : Old Net Name=NetR138_1 New Net Name=NetR126_1
Change Net Name : Old Net Name=NetR145_1 New Net Name=NetR133_1
Change Net Name : Old Net Name=NetR146_1 New Net Name=NetR134_1
Change Net Name : Old Net Name=NetR147_1 New Net Name=NetR135_1
Change Net Name : Old Net Name=NetR148_1 New Net Name=NetR136_1
Change Net Name : Old Net Name=NetR154_2 New Net Name=NetR142_2
Change Net Name : Old Net Name=NetR155_2 New Net Name=NetR143_2
Change Net Name : Old Net Name=NetR161_1 New Net Name=NetR149_1
Change Net Name : Old Net Name=NetU24_19 New Net Name=NetU23_19
Change Net Name : Old Net Name=NetU24_20 New Net Name=NetU23_20
Change Net Name : Old Net Name=NetU33_2 New Net Name=NetU32_2
Change Net Name : Old Net Name=NetU33_3 New Net Name=NetU32_3
Change Net Name : Old Net Name=NetU37_2 New Net Name=NetU36_2
Change Net Name : Old Net Name=NetU37_3 New Net Name=NetU36_3
Change Net Name : Old Net Name=NetU37_9 New Net Name=NetU36_9
Change Net Name : Old Net Name=NetU37_10 New Net Name=NetU36_10
Change Net Name : Old Net Name=NetU37_11 New Net Name=NetU36_11
Change Net Name : Old Net Name=NetU38_1 New Net Name=NetU37_1
Change Net Name : Old Net Name=NetU38_23 New Net Name=NetU37_23
Change Net Name : Old Net Name=VBUS_IN New Net Name=NetC149_2
Change Class Name : Old Net Name=U_CP2102N_USB-to-UART_Bridge New Net Name=USB-to-UART_Bridge
Added Member To Class: ClassName=USB-to-UART_Bridge Member=Component C149 (C1) CAP CER 1UF 16V X5R 0402
Added Member To Class: ClassName=USB-to-UART_Bridge Member=Component R155 (R3) RES SMD 1K OHM 1% 1/16W 0402
Change Room Name: Old Name=PCB_Stackup New Name=USB-to-UART_Bridge
Change Room Scope: Old Scope=False New Scope=InComponentClass('USB-to-UART_Bridge')
