Removed Member From Class: ClassName=STM32G473CETx Member=C61
Removed Member From Class: ClassName=P26 Member=C62
Removed Member From Class: ClassName=STM32G473CETx Member=C62
Removed Member From Class: ClassName=P105 Member=C64
Removed Member From Class: ClassName=P26 Member=C65
Removed Member From Class: ClassName=P103 Member=C65
Removed Member From Class: ClassName=P103 Member=C68
Removed Member From Class: ClassName=P103 Member=C70
Removed Member From Class: ClassName=P103 Member=C71
Removed Member From Class: ClassName=U_DRV10975 3-ph Sensorless BLDC Motor Driver Member=C79
Removed Member From Class: ClassName=U_DRV10975 3-ph Sensorless BLDC Motor Driver Member=C84
Removed Member From Class: ClassName=U_DRV10975 3-ph Sensorless BLDC Motor Driver Member=C87
Removed Member From Class: ClassName=U_DRV10975 3-ph Sensorless BLDC Motor Driver Member=C88
Removed Member From Class: ClassName=P128 Member=C91
Removed Member From Class: ClassName=P128 Member=C92
Removed Member From Class: ClassName=CODEC Member=C93
Removed Member From Class: ClassName=CODEC Member=C94
Removed Member From Class: ClassName=CODEC Member=C97
Removed Member From Class: ClassName=MCU Member=C103
Removed Member From Class: ClassName=RTC_XTAL Member=C103
Removed Member From Class: ClassName=STM32G473QETx Member=C103
Removed Member From Class: ClassName=STM32G473QETx Member=C104
Removed Member From Class: ClassName=STM32G473QETx Member=C105
Removed Member From Class: ClassName=STM32G473QETx Member=C106
Removed Member From Class: ClassName=+3V3_AUDIO_PS Member=C119
Removed Member From Class: ClassName=+3V3_AUDIO_PS Member=C121
Removed Member From Class: ClassName=USB-to-UART_Bridge Member=C121
Removed Member From Class: ClassName=+3V3_AUDIO_PS Member=C122
Removed Member From Class: ClassName=USB-to-UART_Bridge Member=C122
Removed Member From Class: ClassName=DISP_PS Member=C124
Removed Member From Class: ClassName=USB-to-UART_Bridge Member=C124
Removed Member From Class: ClassName=+3V3_AUDIO_PS Member=C126
Removed Member From Class: ClassName=USB-to-UART_Bridge Member=C131
Removed Member From Class: ClassName=TCPP Member=C135
Removed Member From Class: ClassName=+3V3_PS Member=C136
Removed Member From Class: ClassName=DISP_PS Member=C136
Removed Member From Class: ClassName=MIC1 Member=C137
Removed Member From Class: ClassName=+3V3_PS Member=C138
Removed Member From Class: ClassName=TCPP Member=C138
Removed Member From Class: ClassName=+3V3_PS Member=C141
Removed Member From Class: ClassName=+3V3_PS Member=C143
Removed Member From Class: ClassName=U_DRV10975 3-ph Sensorless BLDC Motor Driver Member=D11
Removed Member From Class: ClassName=DISP_PS Member=D12
Removed Member From Class: ClassName=DISP_PS Member=D13
Removed Member From Class: ClassName=DISP_PS Member=FB6
Removed Member From Class: ClassName=U_DRV10975 3-ph Sensorless BLDC Motor Driver Member=J1
Removed Member From Class: ClassName=USB_MUX Member=R88
Removed Member From Class: ClassName=STM32G473CETx Member=R89
Removed Member From Class: ClassName=USB_MUX Member=R89
Removed Member From Class: ClassName=STM32G473CETx Member=R92
Removed Member From Class: ClassName=P26 Member=R98
Removed Member From Class: ClassName=P26 Member=R99
Removed Member From Class: ClassName=P103 Member=R102
Removed Member From Class: ClassName=P103 Member=R103
Removed Member From Class: ClassName=U_DRV10975 3-ph Sensorless BLDC Motor Driver Member=R108
Removed Member From Class: ClassName=U_DRV10975 3-ph Sensorless BLDC Motor Driver Member=R109
Removed Member From Class: ClassName=U_DRV10975 3-ph Sensorless BLDC Motor Driver Member=R111
Removed Member From Class: ClassName=U_DRV10975 3-ph Sensorless BLDC Motor Driver Member=R112
Removed Member From Class: ClassName=+3V3_PS Member=R113
Removed Member From Class: ClassName=CODEC Member=R117
Removed Member From Class: ClassName=CODEC Member=R118
Removed Member From Class: ClassName=FLASH Member=R123
Removed Member From Class: ClassName=STM32G473QETx Member=R124
Removed Member From Class: ClassName=+3V3_AUDIO_PS Member=R125
Removed Member From Class: ClassName=+3V3_AUDIO_PS Member=R129
Removed Member From Class: ClassName=USB-to-UART_Bridge Member=R132
Removed Member From Class: ClassName=+3V3_PS Member=R133
Removed Member From Class: ClassName=MIC1 Member=R134
Removed Member From Class: ClassName=+3V3_PS Member=R136
Removed Member From Class: ClassName=+1V8_VLT1 Member=U18
Removed Member From Class: ClassName=P105 Member=U20
Removed Member From Class: ClassName=P26 Member=U22
Removed Member From Class: ClassName=P103 Member=U23
Removed Member From Class: ClassName=P128 Member=U29
Removed Member From Class: ClassName=CODEC Member=U30
Removed Member From Class: ClassName=FLASH Member=U30
Removed Member From Class: ClassName=MCU Member=U32
Removed Member From Class: ClassName=RTC_XTAL Member=U32
Removed Member From Class: ClassName=STM32G473QETx Member=U33
Removed Member From Class: ClassName=USB-to-UART_Bridge Member=U35
Removed Member From Class: ClassName=MIC1 Member=U37
Removed Member From Class: ClassName=TCPP Member=U39
Change Class Name : Old Net Name=+3V3_AUDIO_PS New Net Name=U_TPS22810 2
Change Class Name : Old Net Name=CODEC New Net Name=U_DRV10975 3-ph Sensorless BLDC Motor Driver
Change Class Name : Old Net Name=DISP_PS New Net Name=USB-to-UART_Bridge
Change Class Name : Old Net Name=FLASH New Net Name=CODEC
Change Class Name : Old Net Name=U_DRV10975 3-ph Sensorless BLDC Motor Driver New Net Name=+1V8_PS
Change Class Name : Old Net Name=USB-to-UART_Bridge New Net Name=+3V3_AUDIO_PS
Added Class: Name=DISP_PS
Added Class: Name=FLASH
Added Member To Class: ClassName=+1V8_VLT2 Member=Component C56 (C28) CAP CER 0.1UF 50V X7R 0402
Added Member To Class: ClassName=+1V8_VLT2 Member=Component C57 (C30) CAP CER 0.1UF 50V X7R 0402
Added Member To Class: ClassName=+1V8_VLT1 Member=Component C58 (C28) CAP CER 0.1UF 50V X7R 0402
Added Member To Class: ClassName=+1V8_VLT1 Member=Component C59 (C30) CAP CER 0.1UF 50V X7R 0402
Added Member To Class: ClassName=TCPP Member=Component C62 (C1) CAP CER 220PF 50V X7R 0402
Added Member To Class: ClassName=TCPP Member=Component C64 (C3) CAP CER 220PF 50V X7R 0402
Added Member To Class: ClassName=STM32G473CETx Member=Component C65 (C13) CAP CER 0.1UF 50V X7R 0402
Added Member To Class: ClassName=STM32G473CETx Member=Component C66 (C14) CAP CER 0.1UF 50V X7R 0402
Added Member To Class: ClassName=STM32G473CETx Member=Component C67 (C15) CAP CER 0.1UF 50V X7R 0402
Added Member To Class: ClassName=P105 Member=Component C68 (C1) CAP CER 0.1UF 50V X7R 0402
Added Member To Class: ClassName=P26 Member=Component C69 (C1) CAP CER 0.1UF 16V X7R 0402
Added Member To Class: ClassName=P26 Member=Component C70 (C2) CAP CER 0.1UF 16V X7R 0402
Added Member To Class: ClassName=P26 Member=Component C71 (C3) CAP 11MF 3.3V SURFACE MNT
Added Member To Class: ClassName=P103 Member=Component C79 (C8) CAP CER 10UF 16V X7R 0805
Added Member To Class: ClassName=P103 Member=Component C80 (C9) CAP CER 22UF 25V X5R 0805
Added Member To Class: ClassName=P103 Member=Component C81 (C10) CAP CER 22UF 25V X5R 0805
Added Member To Class: ClassName=P103 Member=Component C82 (C11) CAP CER 22UF 25V X5R 0805
Added Member To Class: ClassName=U_DRV10975 3-ph Sensorless BLDC Motor Driver Member=Component C87 (C1) CAP CER 0.1UF 50V X7R 0402
Added Member To Class: ClassName=U_DRV10975 3-ph Sensorless BLDC Motor Driver Member=Component C88 (C2) CAP CER 1UF 6.3V X5R 0402
Added Member To Class: ClassName=U_DRV10975 3-ph Sensorless BLDC Motor Driver Member=Component C89 (C3) CAP CER 1UF 6.3V X5R 0402
Added Member To Class: ClassName=U_DRV10975 3-ph Sensorless BLDC Motor Driver Member=Component C90 (C4) CAP CER 0.1UF 50V X7R 0402
Added Member To Class: ClassName=P128 Member=Component C95 (C1) CAP CER 0.1UF 50V X7R 0402
Added Member To Class: ClassName=P128 Member=Component C96 (C2) CAP CER 0.1UF 50V X7R 0402
Added Member To Class: ClassName=CODEC Member=Component C97 (C28) CAP CER 10nF 25V X7R 10% 0402
Added Member To Class: ClassName=CODEC Member=Component C99 (C30) C 100pF 50V C0G, NP0 0402
Added Member To Class: ClassName=CODEC Member=Component C100 (C31) CAP CER 10nF 25V X7R 10% 0402
Added Member To Class: ClassName=CODEC Member=Component C101 (C32) CAP CER 0.1UF 50V X7R 0402
Added Member To Class: ClassName=MCU Member=Component C107 (C12) CAP CER 0.1UF 50V X7R 0402
Added Member To Class: ClassName=RTC_XTAL Member=Component C107 (C12) CAP CER 0.1UF 50V X7R 0402
Added Member To Class: ClassName=STM32G473QETx Member=Component C119 (C13) CAP CER 1UF 16V X5R 0402
Added Member To Class: ClassName=STM32G473QETx Member=Component C120 (C14) CAP CER 0.1UF 50V X7R 0402
Added Member To Class: ClassName=STM32G473QETx Member=Component C121 (C15) CAP CER 1UF 16V X5R 0402
Added Member To Class: ClassName=STM32G473QETx Member=Component C122 (C1) CAP CER 0.1UF 50V X7R 0402
Added Member To Class: ClassName=U_TPS22810 2 Member=Component C123 (C1) CAP CER 2.2UF 35V X5R 0603
Added Member To Class: ClassName=U_TPS22810 2 Member=Component C125 (C3) CAP CER 2.2UF 35V X5R 0603
Added Member To Class: ClassName=+3V3_AUDIO_PS Member=Component C126 (C1) CAP CER 10UF 16V X5R 0603
Added Member To Class: ClassName=+3V3_AUDIO_PS Member=Component C128 (C3) CAP CER 100PF 50V C0G/NPO 0402
Added Member To Class: ClassName=+3V3_AUDIO_PS Member=Component C129 (C4) CAP CER 10UF 16V X5R 0603
Added Member To Class: ClassName=+3V3_AUDIO_PS Member=Component C130 (C5) CAP CER 10UF 16V X5R 0603
Added Member To Class: ClassName=USB-to-UART_Bridge Member=Component C131 (C1) CAP CER 1UF 16V X5R 0402
Added Member To Class: ClassName=USB-to-UART_Bridge Member=Component C132 (C2) CAP CER 0.1UF 50V X7R 0402
Added Member To Class: ClassName=MIC1 Member=Component C141 (C33) CAP CER 0.1UF 50V X7R 0402
Added Member To Class: ClassName=TCPP Member=Component C142 (C2) CAP CER 0.1UF 50V X7R 0402
Added Member To Class: ClassName=TCPP Member=Component C143 (C1) CAP CER 1UF 16V X5R 0402
Added Member To Class: ClassName=+3V3_PS Member=Component C144 (C1) CAP CER 10UF 16V X5R 0603
Added Member To Class: ClassName=+3V3_PS Member=Component C145 (C2) CAP CER 10UF 16V X5R 0603
Added Member To Class: ClassName=+3V3_PS Member=Component C146 (C3) CAP CER 100PF 50V C0G/NPO 0402
Added Member To Class: ClassName=+3V3_PS Member=Component C147 (C4) CAP CER 10UF 16V X5R 0603
Added Member To Class: ClassName=P103 Member=Component D11 (D1) PMEG4050EP,115
Added Member To Class: ClassName=U_DRV10975 3-ph Sensorless BLDC Motor Driver Member=Component D12 (D1) Zener Diode 6.2V 2.5W ±5% Surface Mount SOD-123FL
Added Member To Class: ClassName=U_DRV10975 3-ph Sensorless BLDC Motor Driver Member=Component J1 Net Tie
Added Member To Class: ClassName=P103 Member=Component L3 (L1A) FIXED IND COUIPLED 2.2UH 3.2A 22 MOHM SMD
Added Member To Class: ClassName=TCPP Member=Component R84 (R3) RES SMD 100K OHM 1% 1/16W 0402
Added Member To Class: ClassName=TCPP Member=Component R85 (R4) RES SMD 100K OHM 1% 1/16W 0402
Added Member To Class: ClassName=USB_MUX Member=Component R91 (R10) RES SMD 10K OHM 1% 1/16W 0402
Added Member To Class: ClassName=USB_MUX Member=Component R92 (R11) RES SMD 10K OHM 1% 1/16W 0402
Added Member To Class: ClassName=STM32G473CETx Member=Component R99 (R43) RES SMD 27K OHM 1% 1/16W 0402
Added Member To Class: ClassName=STM32G473CETx Member=Component R100 (R44) RES SMD 75K OHM 1% 1/16W 0402
Added Member To Class: ClassName=P26 Member=Component R102 (R2) RES SMD 402 OHM 1% 1/16W 0402
Added Member To Class: ClassName=P26 Member=Component R103 (R3) RES SMD 10K OHM 1% 1/16W 0402
Added Member To Class: ClassName=P103 Member=Component R109 (R6) RES SMD 44.2K OHM 1% 1/16W 0402
Added Member To Class: ClassName=P103 Member=Component R110 (R7) RES SMD 11K OHM 1% 1/16W 0402
Added Member To Class: ClassName=U_DRV10975 3-ph Sensorless BLDC Motor Driver Member=Component R111 (R2) DNP*
Added Member To Class: ClassName=U_DRV10975 3-ph Sensorless BLDC Motor Driver Member=Component R112 (R3) DNP*
Added Member To Class: ClassName=U_DRV10975 3-ph Sensorless BLDC Motor Driver Member=Component R113 (R4) RES SMD 4.75K OHM 1% 1/16W 0402
Added Member To Class: ClassName=+3V3_PS Member=Component R115 (R1) RES SMD 0 OHM JUMPER 1/16W 0402
Added Member To Class: ClassName=+1V8_PS Member=Component R116 (R2) RES SMD 0 OHM JUMPER 1/16W 0402
Added Member To Class: ClassName=CODEC Member=Component R120 (R62) RES SMD 100K OHM 1% 1/16W 0402
Added Member To Class: ClassName=STM32G473QETx Member=Component R126 (R1) RES SMD 100 OHM 1% 1/16W 0402
Added Member To Class: ClassName=U_TPS22810 2 Member=Component R127 (R1) RES SMD 10K OHM 1% 1/16W 0402
Added Member To Class: ClassName=+3V3_AUDIO_PS Member=Component R131 (R3) RES SMD 88.7K OHM 1% 1/16W 0402
Added Member To Class: ClassName=USB-to-UART_Bridge Member=Component R132 (R1) RES SMD 23.7K OHM 1% 1/16W 0402
Added Member To Class: ClassName=USB-to-UART_Bridge Member=Component R134 (R3) RES SMD 1K OHM 1% 1/16W 0402
Added Member To Class: ClassName=MIC1 Member=Component R136 (R63) RES SMD 100 OHM 1% 1/16W 0402
Added Member To Class: ClassName=+3V3_PS Member=Component R137 (R1) RES SMD 910K OHM 1% 1/16W 0402
Added Member To Class: ClassName=+3V3_PS Member=Component R138 (R2) RES SMD 390K OHM 1% 1/16W 0402
Added Member To Class: ClassName=+1V8_VLT2 Member=Component U18 (U9) TXB0108DQSR
Added Member To Class: ClassName=+1V8_VLT1 Member=Component U19 (U9) TXB0108DQSR
Added Member To Class: ClassName=P105 Member=Component U22 (U1) 24LC00T-I/OT
Added Member To Class: ClassName=P26 Member=Component U23 (U1) RV-3028-C7 32.768KHZ 1PPM-TA-QC
Added Member To Class: ClassName=P103 Member=Component U25 (U2) OPA171AIDBVR
Added Member To Class: ClassName=U_DRV10975 3-ph Sensorless BLDC Motor Driver Member=Component U28 (U1) DRV10975ZRHFR
Added Member To Class: ClassName=P128 Member=Component U30 (U1) BMI270
Added Member To Class: ClassName=CODEC Member=Component U31 (U7) CMX655DQ6
Added Member To Class: ClassName=MCU Member=Component U33 (U3) IC SIT1533AI-H4-DCC-32.768E MEMS OSC XO 32.7680KHZ LVCMOS
Added Member To Class: ClassName=RTC_XTAL Member=Component U33 (U3) IC SIT1533AI-H4-DCC-32.768E MEMS OSC XO 32.7680KHZ LVCMOS
Added Member To Class: ClassName=STM32G473QETx Member=Component U34 (U1A) STM32G473QET6
Added Member To Class: ClassName=+3V3_AUDIO_PS Member=Component U36 (U1) TPSM82822SILR
Added Member To Class: ClassName=MIC1 Member=Component U39 (U8) IM69D130V01XTSA1
Added Member To Class: ClassName=TCPP Member=Component U40 (U1) TPD4S311YBFR
