Removed Pin From Net: NetName=GND Pin=C97-1
Removed Pin From Net: NetName=+3V3 Pin=C97-2
Removed Pin From Net: NetName=GND Pin=C98-1
Removed Pin From Net: NetName=+3V3 Pin=C98-2
Removed Pin From Net: NetName=A1_2 Pin=Q2-1
Removed Pin From Net: NetName=GND Pin=Q2-2
Removed Pin From Net: NetName=A1_1 Pin=Q3-1
Removed Pin From Net: NetName=GND Pin=Q3-2
Removed Pin From Net: NetName=A1_7 Pin=Q4-1
Removed Pin From Net: NetName=GND Pin=Q4-2
Removed Pin From Net: NetName=GND Pin=Q5-2
Removed Pin From Net: NetName=VSYS Pin=R35-2
Removed Pin From Net: NetName=VSYS Pin=R36-2
Removed Pin From Net: NetName=VSYS Pin=R37-2
Removed Pin From Net: NetName=VSYS Pin=R38-2
Removed Pin From Net: NetName=VSYS Pin=R46-2
Removed Pin From Net: NetName=VSYS Pin=R47-2
Removed Pin From Net: NetName=VSYS Pin=R48-1
Removed Pin From Net: NetName=VSYS Pin=R49-2
Removed Pin From Net: NetName=LCD_BL_A Pin=R96-1
Removed Pin From Net: NetName=LCD_BL_K Pin=R96-2
Removed Pin From Net: NetName=GND Pin=U31-5
Removed Pin From Net: NetName=PC8 Pin=U31-6
Removed Pin From Net: NetName=PC9 Pin=U31-7
Removed Pin From Net: NetName=+3V3 Pin=U31-8
Removed Pin From Net: NetName=GND Pin=U31-9
Removed Member From Class: ClassName=P109 Member=D10
Removed Member From Class: ClassName=P109 Member=D11
Removed Member From Class: ClassName=P109 Member=D12
Removed Member From Class: ClassName=P109 Member=Q5
Removed Member From Class: ClassName=P109 Member=Q6
Removed Member From Class: ClassName=P109 Member=Q7
Removed Member From Class: ClassName=P109 Member=Q8
Removed Member From Class: ClassName=P109 Member=R48
Removed Member From Class: ClassName=P109 Member=R49
Removed Member From Class: ClassName=P109 Member=R54
Removed Member From Class: ClassName=P109 Member=R55
Removed Member From Class: ClassName=DISP_PS Member=R96
Change Component Footprint: Designator=U40 Old Footprint=W-PDFN-8_8X6_P127 New Footprint=U-PDFN-8_8X6_P127
Change Component Designator: OldDesignator=C99 NewDesignator=C97
Change Component Designator: OldDesignator=C100 NewDesignator=C98
Change Component Designator: OldDesignator=C101 NewDesignator=C99
Change Component Designator: OldDesignator=C102 NewDesignator=C100
Change Component Designator: OldDesignator=C103 NewDesignator=C101
Change Component Designator: OldDesignator=C104 NewDesignator=C102
Change Component Designator: OldDesignator=C105 NewDesignator=C103
Change Component Designator: OldDesignator=C106 NewDesignator=C104
Change Component Designator: OldDesignator=C107 NewDesignator=C105
Change Component Designator: OldDesignator=C108 NewDesignator=C106
Change Component Designator: OldDesignator=C109 NewDesignator=C107
Change Component Designator: OldDesignator=C110 NewDesignator=C108
Change Component Designator: OldDesignator=C111 NewDesignator=C109
Change Component Designator: OldDesignator=C112 NewDesignator=C110
Change Component Designator: OldDesignator=C113 NewDesignator=C111
Change Component Designator: OldDesignator=C114 NewDesignator=C112
Change Component Designator: OldDesignator=C115 NewDesignator=C113
Change Component Designator: OldDesignator=C116 NewDesignator=C114
Change Component Designator: OldDesignator=C117 NewDesignator=C115
Change Component Designator: OldDesignator=C118 NewDesignator=C116
Change Component Designator: OldDesignator=C119 NewDesignator=C117
Change Component Designator: OldDesignator=C120 NewDesignator=C118
Change Component Designator: OldDesignator=C121 NewDesignator=C119
Change Component Designator: OldDesignator=C122 NewDesignator=C120
Change Component Designator: OldDesignator=C123 NewDesignator=C121
Change Component Designator: OldDesignator=C124 NewDesignator=C122
Change Component Designator: OldDesignator=C125 NewDesignator=C123
Change Component Designator: OldDesignator=C126 NewDesignator=C124
Change Component Designator: OldDesignator=C127 NewDesignator=C125
Change Component Designator: OldDesignator=C128 NewDesignator=C126
Change Component Designator: OldDesignator=C129 NewDesignator=C127
Change Component Designator: OldDesignator=C130 NewDesignator=C128
Change Component Designator: OldDesignator=C131 NewDesignator=C129
Change Component Designator: OldDesignator=C132 NewDesignator=C130
Change Component Designator: OldDesignator=C133 NewDesignator=C131
Change Component Designator: OldDesignator=C134 NewDesignator=C132
Change Component Designator: OldDesignator=C135 NewDesignator=C133
Change Component Designator: OldDesignator=C136 NewDesignator=C134
Change Component Designator: OldDesignator=C137 NewDesignator=C135
Change Component Designator: OldDesignator=C138 NewDesignator=C136
Change Component Designator: OldDesignator=C139 NewDesignator=C137
Change Component Designator: OldDesignator=C140 NewDesignator=C138
Change Component Designator: OldDesignator=C141 NewDesignator=C139
Change Component Designator: OldDesignator=C142 NewDesignator=C140
Change Component Designator: OldDesignator=C143 NewDesignator=C141
Change Component Designator: OldDesignator=C144 NewDesignator=C142
Change Component Designator: OldDesignator=C145 NewDesignator=C143
Change Component Designator: OldDesignator=C146 NewDesignator=C144
Change Component Designator: OldDesignator=C147 NewDesignator=C145
Change Component Designator: OldDesignator=C148 NewDesignator=C146
Change Component Designator: OldDesignator=C149 NewDesignator=C147
Change Component Designator: OldDesignator=C150 NewDesignator=C148
Change Component Designator: OldDesignator=C151 NewDesignator=C149
Change Component Designator: OldDesignator=C152 NewDesignator=C150
Change Component Designator: OldDesignator=C153 NewDesignator=C151
Change Component Designator: OldDesignator=D9 NewDesignator=D8
Change Component Designator: OldDesignator=D13 NewDesignator=D9
Change Component Designator: OldDesignator=D14 NewDesignator=D10
Change Component Designator: OldDesignator=D15 NewDesignator=D11
Change Component Designator: OldDesignator=D16 NewDesignator=D12
Change Component Designator: OldDesignator=D17 NewDesignator=D13
Change Component Designator: OldDesignator=D18 NewDesignator=D14
Change Component Designator: OldDesignator=D19 NewDesignator=D15
Change Component Designator: OldDesignator=D20 NewDesignator=D16
Change Component Designator: OldDesignator=Q6 NewDesignator=Q2
Change Component Designator: OldDesignator=Q7 NewDesignator=Q3
Change Component Designator: OldDesignator=Q8 NewDesignator=Q4
Change Component Designator: OldDesignator=Q9 NewDesignator=Q5
Change Component Designator: OldDesignator=Q10 NewDesignator=Q6
Change Component Designator: OldDesignator=Q11 NewDesignator=Q7
Change Component Designator: OldDesignator=Q12 NewDesignator=Q8
Change Component Designator: OldDesignator=Q13 NewDesignator=Q9
Change Component Designator: OldDesignator=R39 NewDesignator=R35
Change Component Designator: OldDesignator=R40 NewDesignator=R36
Change Component Designator: OldDesignator=R41 NewDesignator=R37
Change Component Designator: OldDesignator=R42 NewDesignator=R38
Change Component Designator: OldDesignator=R43 NewDesignator=R39
Change Component Designator: OldDesignator=R44 NewDesignator=R40
Change Component Designator: OldDesignator=R45 NewDesignator=R41
Change Component Designator: OldDesignator=R50 NewDesignator=R42
Change Component Designator: OldDesignator=R51 NewDesignator=R43
Change Component Designator: OldDesignator=R52 NewDesignator=R44
Change Component Designator: OldDesignator=R53 NewDesignator=R45
Change Component Designator: OldDesignator=R54 NewDesignator=R46
Change Component Designator: OldDesignator=R55 NewDesignator=R47
Change Component Designator: OldDesignator=R56 NewDesignator=R48
Change Component Designator: OldDesignator=R57 NewDesignator=R49
Change Component Designator: OldDesignator=R58 NewDesignator=R50
Change Component Designator: OldDesignator=R59 NewDesignator=R51
Change Component Designator: OldDesignator=R60 NewDesignator=R52
Change Component Designator: OldDesignator=R61 NewDesignator=R53
Change Component Designator: OldDesignator=R62 NewDesignator=R54
Change Component Designator: OldDesignator=R63 NewDesignator=R55
Change Component Designator: OldDesignator=R64 NewDesignator=R56
Change Component Designator: OldDesignator=R65 NewDesignator=R57
Change Component Designator: OldDesignator=R66 NewDesignator=R58
Change Component Designator: OldDesignator=R67 NewDesignator=R59
Change Component Designator: OldDesignator=R68 NewDesignator=R60
Change Component Designator: OldDesignator=R69 NewDesignator=R61
Change Component Designator: OldDesignator=R70 NewDesignator=R62
Change Component Designator: OldDesignator=R71 NewDesignator=R63
Change Component Designator: OldDesignator=R72 NewDesignator=R64
Change Component Designator: OldDesignator=R73 NewDesignator=R65
Change Component Designator: OldDesignator=R74 NewDesignator=R66
Change Component Designator: OldDesignator=R75 NewDesignator=R67
Change Component Designator: OldDesignator=R76 NewDesignator=R68
Change Component Designator: OldDesignator=R77 NewDesignator=R69
Change Component Designator: OldDesignator=R78 NewDesignator=R70
Change Component Designator: OldDesignator=R79 NewDesignator=R71
Change Component Designator: OldDesignator=R80 NewDesignator=R72
Change Component Designator: OldDesignator=R81 NewDesignator=R73
Change Component Designator: OldDesignator=R82 NewDesignator=R74
Change Component Designator: OldDesignator=R83 NewDesignator=R75
Change Component Designator: OldDesignator=R84 NewDesignator=R76
Change Component Designator: OldDesignator=R85 NewDesignator=R77
Change Component Designator: OldDesignator=R86 NewDesignator=R78
Change Component Designator: OldDesignator=R87 NewDesignator=R79
Change Component Designator: OldDesignator=R88 NewDesignator=R80
Change Component Designator: OldDesignator=R89 NewDesignator=R81
Change Component Designator: OldDesignator=R90 NewDesignator=R82
Change Component Designator: OldDesignator=R91 NewDesignator=R83
Change Component Designator: OldDesignator=R92 NewDesignator=R84
Change Component Designator: OldDesignator=R93 NewDesignator=R85
Change Component Designator: OldDesignator=R94 NewDesignator=R86
Change Component Designator: OldDesignator=R95 NewDesignator=R87
Change Component Designator: OldDesignator=R97 NewDesignator=R89
Change Component Designator: OldDesignator=R98 NewDesignator=R90
Change Component Designator: OldDesignator=R99 NewDesignator=R91
Change Component Designator: OldDesignator=R100 NewDesignator=R92
Change Component Designator: OldDesignator=R101 NewDesignator=R93
Change Component Designator: OldDesignator=R102 NewDesignator=R94
Change Component Designator: OldDesignator=R103 NewDesignator=R95
Change Component Designator: OldDesignator=R104 NewDesignator=R96
Change Component Designator: OldDesignator=R105 NewDesignator=R97
Change Component Designator: OldDesignator=R106 NewDesignator=R98
Change Component Designator: OldDesignator=R107 NewDesignator=R99
Change Component Designator: OldDesignator=R108 NewDesignator=R100
Change Component Designator: OldDesignator=R109 NewDesignator=R101
Change Component Designator: OldDesignator=R110 NewDesignator=R102
Change Component Designator: OldDesignator=R111 NewDesignator=R103
Change Component Designator: OldDesignator=R112 NewDesignator=R104
Change Component Designator: OldDesignator=R113 NewDesignator=R105
Change Component Designator: OldDesignator=R114 NewDesignator=R106
Change Component Designator: OldDesignator=R115 NewDesignator=R107
Change Component Designator: OldDesignator=R116 NewDesignator=R108
Change Component Designator: OldDesignator=R117 NewDesignator=R109
Change Component Designator: OldDesignator=R118 NewDesignator=R110
Change Component Designator: OldDesignator=R119 NewDesignator=R111
Change Component Designator: OldDesignator=R120 NewDesignator=R112
Change Component Designator: OldDesignator=R121 NewDesignator=R113
Change Component Designator: OldDesignator=R122 NewDesignator=R114
Change Component Designator: OldDesignator=R123 NewDesignator=R115
Change Component Designator: OldDesignator=R124 NewDesignator=R116
Change Component Designator: OldDesignator=R125 NewDesignator=R117
Change Component Designator: OldDesignator=R126 NewDesignator=R118
Change Component Designator: OldDesignator=R127 NewDesignator=R119
Change Component Designator: OldDesignator=R128 NewDesignator=R120
Change Component Designator: OldDesignator=R129 NewDesignator=R121
Change Component Designator: OldDesignator=R130 NewDesignator=R122
Change Component Designator: OldDesignator=R131 NewDesignator=R123
Change Component Designator: OldDesignator=R132 NewDesignator=R124
Change Component Designator: OldDesignator=R133 NewDesignator=R125
Change Component Designator: OldDesignator=R134 NewDesignator=R126
Change Component Designator: OldDesignator=R135 NewDesignator=R127
Change Component Designator: OldDesignator=R136 NewDesignator=R128
Change Component Designator: OldDesignator=R137 NewDesignator=R129
Change Component Designator: OldDesignator=R138 NewDesignator=R130
Change Component Designator: OldDesignator=R139 NewDesignator=R131
Change Component Designator: OldDesignator=R140 NewDesignator=R132
Change Component Designator: OldDesignator=R141 NewDesignator=R133
Change Component Designator: OldDesignator=R142 NewDesignator=R134
Change Component Designator: OldDesignator=R143 NewDesignator=R135
Change Component Designator: OldDesignator=R144 NewDesignator=R136
Change Component Designator: OldDesignator=R145 NewDesignator=R137
Change Component Designator: OldDesignator=R146 NewDesignator=R138
Change Component Designator: OldDesignator=R147 NewDesignator=R139
Change Component Designator: OldDesignator=R148 NewDesignator=R140
Change Component Designator: OldDesignator=R149 NewDesignator=R141
Change Component Designator: OldDesignator=R150 NewDesignator=R142
Change Component Designator: OldDesignator=R151 NewDesignator=R143
Change Component Designator: OldDesignator=R152 NewDesignator=R144
Change Component Designator: OldDesignator=R153 NewDesignator=R145
Change Component Designator: OldDesignator=R154 NewDesignator=R146
Change Component Designator: OldDesignator=R155 NewDesignator=R147
Change Component Designator: OldDesignator=R156 NewDesignator=R148
Change Component Designator: OldDesignator=U32 NewDesignator=U31
Change Component Designator: OldDesignator=U33 NewDesignator=U32
Change Component Designator: OldDesignator=U34 NewDesignator=U33
Change Component Designator: OldDesignator=U35 NewDesignator=U34
Change Component Designator: OldDesignator=U36 NewDesignator=U35
Change Component Designator: OldDesignator=U37 NewDesignator=U36
Change Component Designator: OldDesignator=U38 NewDesignator=U37
Change Component Designator: OldDesignator=U39 NewDesignator=U38
Change Component Designator: OldDesignator=U40 NewDesignator=U39
Change Component Designator: OldDesignator=U41 NewDesignator=U40
Change Component Designator: OldDesignator=U42 NewDesignator=U41
Change Component Designator: OldDesignator=U43 NewDesignator=U42
Change Component Designator: OldDesignator=U44 NewDesignator=U43
Change Component Designator: OldDesignator=U45 NewDesignator=U44
Change Net Name : Old Net Name=NetC103_1 New Net Name=NetC101_1
Change Net Name : Old Net Name=NetC103_2 New Net Name=NetC101_2
Change Net Name : Old Net Name=NetC106_1 New Net Name=NetC104_1
Change Net Name : Old Net Name=NetC114_2 New Net Name=NetC112_2
Change Net Name : Old Net Name=NetC115_2 New Net Name=NetC113_2
Change Net Name : Old Net Name=NetC122_2 New Net Name=NetC120_2
Change Net Name : Old Net Name=NetC123_2 New Net Name=NetC121_2
Change Net Name : Old Net Name=NetC136_2 New Net Name=NetC134_2
Change Net Name : Old Net Name=NetC142_1 New Net Name=NetC140_1
Change Net Name : Old Net Name=NetC146_1 New Net Name=NetC144_1
Change Net Name : Old Net Name=NetC149_2 New Net Name=NetC147_2
Change Net Name : Old Net Name=NetD9_1 New Net Name=NetD8_1
Change Net Name : Old Net Name=NetD14_2 New Net Name=NetD10_2
Change Net Name : Old Net Name=NetD18_1 New Net Name=NetD14_1
Change Net Name : Old Net Name=NetQ9_1 New Net Name=NetQ5_1
Change Net Name : Old Net Name=NetQ10_1 New Net Name=NetQ6_1
Change Net Name : Old Net Name=NetQ12_3 New Net Name=NetQ8_3
Change Net Name : Old Net Name=NetQ12_5 New Net Name=NetQ8_5
Change Net Name : Old Net Name=NetQ13_2 New Net Name=NetQ9_2
Change Net Name : Old Net Name=NetQ13_3 New Net Name=NetQ9_3
Change Net Name : Old Net Name=NetR39_2 New Net Name=NetR35_2
Change Net Name : Old Net Name=NetR43_2 New Net Name=NetR39_2
Change Net Name : Old Net Name=NetR44_2 New Net Name=NetR40_2
Change Net Name : Old Net Name=NetR50_1 New Net Name=NetR42_1
Change Net Name : Old Net Name=NetR51_2 New Net Name=NetR43_2
Change Net Name : Old Net Name=NetR52_1 New Net Name=NetR44_1
Change Net Name : Old Net Name=NetR52_2 New Net Name=NetR44_2
Change Net Name : Old Net Name=NetR53_1 New Net Name=NetR45_1
Change Net Name : Old Net Name=NetR53_2 New Net Name=NetR45_2
Change Net Name : Old Net Name=NetR56_2 New Net Name=NetR48_2
Change Net Name : Old Net Name=NetR62_1 New Net Name=NetR54_1
Change Net Name : Old Net Name=NetR71_2 New Net Name=NetR63_2
Change Net Name : Old Net Name=NetR72_2 New Net Name=NetR64_2
Change Net Name : Old Net Name=NetR73_2 New Net Name=NetR65_2
Change Net Name : Old Net Name=NetR82_2 New Net Name=NetR74_2
Change Net Name : Old Net Name=NetR88_2 New Net Name=NetR80_2
Change Net Name : Old Net Name=NetR89_2 New Net Name=NetR81_2
Change Net Name : Old Net Name=NetR91_2 New Net Name=NetR83_2
Change Net Name : Old Net Name=NetR93_2 New Net Name=NetR85_2
Change Net Name : Old Net Name=NetR104_2 New Net Name=NetR96_2
Change Net Name : Old Net Name=NetR109_2 New Net Name=NetR101_2
Change Net Name : Old Net Name=NetR110_2 New Net Name=NetR102_2
Change Net Name : Old Net Name=NetR112_1 New Net Name=NetR104_1
Change Net Name : Old Net Name=NetR124_2 New Net Name=NetR116_2
Change Net Name : Old Net Name=NetR127_1 New Net Name=NetR119_1
Change Net Name : Old Net Name=NetR134_1 New Net Name=NetR126_1
Change Net Name : Old Net Name=NetR135_1 New Net Name=NetR127_1
Change Net Name : Old Net Name=NetR136_1 New Net Name=NetR128_1
Change Net Name : Old Net Name=NetR137_1 New Net Name=NetR129_1
Change Net Name : Old Net Name=NetR143_2 New Net Name=NetR135_2
Change Net Name : Old Net Name=NetR144_2 New Net Name=NetR136_2
Change Net Name : Old Net Name=NetR150_1 New Net Name=NetR142_1
Change Net Name : Old Net Name=NetU32_2 New Net Name=NetU31_2
Change Net Name : Old Net Name=NetU32_3 New Net Name=NetU31_3
Change Net Name : Old Net Name=NetU36_2 New Net Name=NetU35_2
Change Net Name : Old Net Name=NetU36_3 New Net Name=NetU35_3
Change Net Name : Old Net Name=NetU36_9 New Net Name=NetU35_9
Change Net Name : Old Net Name=NetU36_10 New Net Name=NetU35_10
Change Net Name : Old Net Name=NetU36_11 New Net Name=NetU35_11
Change Net Name : Old Net Name=NetU37_1 New Net Name=NetU36_1
Change Net Name : Old Net Name=NetU37_23 New Net Name=NetU36_23
Added Pin To Net: NetName=NetQ9_1 Pin=Q9-1
Added Pin To Net: NetName=NetQ9_1 Pin=U30-1
Added Pin To Net: NetName=NetQ9_1 Pin=U30-1
Added Pin To Net: NetName=NetQ9_1 Pin=U30-1
Added Pin To Net: NetName=NetQ9_1 Pin=U30-1
Added Net: Name=NetQ9_1
