Removed Member From Class: ClassName=BG95_PWR Member=NetC18_1
Change Component Designator: OldDesignator=C16 NewDesignator=C17
Change Component Designator: OldDesignator=C17 NewDesignator=C18
Change Component Designator: OldDesignator=C18 NewDesignator=C19
Change Component Designator: OldDesignator=C19 NewDesignator=C20
Change Component Designator: OldDesignator=C20 NewDesignator=C21
Change Component Designator: OldDesignator=C21 NewDesignator=C22
Change Component Designator: OldDesignator=C22 NewDesignator=C23
Change Component Designator: OldDesignator=C23 NewDesignator=C24
Change Component Designator: OldDesignator=C24 NewDesignator=C25
Change Component Designator: OldDesignator=C25 NewDesignator=C26
Change Component Designator: OldDesignator=C26 NewDesignator=C27
Change Component Designator: OldDesignator=C27 NewDesignator=C28
Change Component Designator: OldDesignator=C28 NewDesignator=C29
Change Component Designator: OldDesignator=C29 NewDesignator=C30
Change Component Designator: OldDesignator=C30 NewDesignator=C31
Change Component Designator: OldDesignator=C31 NewDesignator=C32
Change Component Designator: OldDesignator=C32 NewDesignator=C33
Change Component Designator: OldDesignator=C33 NewDesignator=C34
Change Component Designator: OldDesignator=C34 NewDesignator=C35
Change Component Designator: OldDesignator=C35 NewDesignator=C36
Change Component Designator: OldDesignator=C36 NewDesignator=C37
Change Component Designator: OldDesignator=C37 NewDesignator=C38
Change Component Designator: OldDesignator=C38 NewDesignator=C39
Change Component Designator: OldDesignator=C39 NewDesignator=C40
Change Component Designator: OldDesignator=C40 NewDesignator=C41
Change Component Designator: OldDesignator=C41 NewDesignator=C42
Change Component Designator: OldDesignator=C42 NewDesignator=C43
Change Component Designator: OldDesignator=C43 NewDesignator=C44
Change Component Designator: OldDesignator=C44 NewDesignator=C45
Change Component Designator: OldDesignator=C45 NewDesignator=C46
Change Component Designator: OldDesignator=C46 NewDesignator=C47
Change Component Designator: OldDesignator=C47 NewDesignator=C48
Change Component Designator: OldDesignator=C48 NewDesignator=C49
Change Component Designator: OldDesignator=C49 NewDesignator=C50
Change Component Designator: OldDesignator=C50 NewDesignator=C51
Change Component Designator: OldDesignator=C51 NewDesignator=C52
Change Component Designator: OldDesignator=C52 NewDesignator=C53
Change Component Designator: OldDesignator=C53 NewDesignator=C54
Change Component Designator: OldDesignator=C54 NewDesignator=C55
Change Component Designator: OldDesignator=C55 NewDesignator=C56
Change Component Designator: OldDesignator=C56 NewDesignator=C57
Change Component Designator: OldDesignator=C57 NewDesignator=C58
Change Component Designator: OldDesignator=C58 NewDesignator=C59
Change Component Designator: OldDesignator=C59 NewDesignator=C60
Change Component Designator: OldDesignator=C60 NewDesignator=C61
Change Component Designator: OldDesignator=C61 NewDesignator=C62
Change Component Designator: OldDesignator=C62 NewDesignator=C63
Change Component Designator: OldDesignator=C63 NewDesignator=C64
Change Component Designator: OldDesignator=C64 NewDesignator=C65
Change Component Designator: OldDesignator=C65 NewDesignator=C66
Change Component Designator: OldDesignator=C66 NewDesignator=C67
Change Component Designator: OldDesignator=C67 NewDesignator=C68
Change Component Designator: OldDesignator=C68 NewDesignator=C69
Change Component Designator: OldDesignator=C69 NewDesignator=C70
Change Component Designator: OldDesignator=C70 NewDesignator=C71
Change Component Designator: OldDesignator=C71 NewDesignator=C72
Change Component Designator: OldDesignator=C72 NewDesignator=C73
Change Component Designator: OldDesignator=C73 NewDesignator=C74
Change Component Designator: OldDesignator=C74 NewDesignator=C75
Change Component Designator: OldDesignator=C75 NewDesignator=C76
Change Component Designator: OldDesignator=C76 NewDesignator=C77
Change Component Designator: OldDesignator=C77 NewDesignator=C78
Change Component Designator: OldDesignator=C78 NewDesignator=C79
Change Component Designator: OldDesignator=C79 NewDesignator=C80
Change Component Designator: OldDesignator=C80 NewDesignator=C81
Change Component Designator: OldDesignator=C81 NewDesignator=C82
Change Component Designator: OldDesignator=C82 NewDesignator=C83
Change Component Designator: OldDesignator=C83 NewDesignator=C84
Change Component Designator: OldDesignator=C84 NewDesignator=C85
Change Component Designator: OldDesignator=C85 NewDesignator=C86
Change Component Designator: OldDesignator=C86 NewDesignator=C87
Change Component Designator: OldDesignator=C87 NewDesignator=C88
Change Component Designator: OldDesignator=C88 NewDesignator=C89
Change Component Designator: OldDesignator=C89 NewDesignator=C90
Change Component Designator: OldDesignator=C90 NewDesignator=C91
Change Component Designator: OldDesignator=C91 NewDesignator=C92
Change Component Designator: OldDesignator=C92 NewDesignator=C93
Change Component Designator: OldDesignator=C93 NewDesignator=C94
Change Component Designator: OldDesignator=C94 NewDesignator=C95
Change Component Designator: OldDesignator=C95 NewDesignator=C96
Change Component Designator: OldDesignator=C96 NewDesignator=C97
Change Component Designator: OldDesignator=C97 NewDesignator=C98
Change Component Designator: OldDesignator=C98 NewDesignator=C99
Change Component Designator: OldDesignator=C99 NewDesignator=C100
Change Component Designator: OldDesignator=C100 NewDesignator=C101
Change Component Designator: OldDesignator=C101 NewDesignator=C102
Change Component Designator: OldDesignator=C102 NewDesignator=C103
Change Component Designator: OldDesignator=C103 NewDesignator=C104
Change Component Designator: OldDesignator=C104 NewDesignator=C105
Change Component Designator: OldDesignator=C105 NewDesignator=C106
Change Component Designator: OldDesignator=C106 NewDesignator=C107
Change Component Designator: OldDesignator=C107 NewDesignator=C108
Change Component Designator: OldDesignator=C108 NewDesignator=C109
Change Component Designator: OldDesignator=C109 NewDesignator=C110
Change Component Designator: OldDesignator=C110 NewDesignator=C111
Change Component Designator: OldDesignator=C111 NewDesignator=C112
Change Component Designator: OldDesignator=C112 NewDesignator=C113
Change Component Designator: OldDesignator=C113 NewDesignator=C114
Change Component Designator: OldDesignator=C114 NewDesignator=C115
Change Component Designator: OldDesignator=C115 NewDesignator=C116
Change Component Designator: OldDesignator=C116 NewDesignator=C117
Change Component Designator: OldDesignator=C117 NewDesignator=C118
Change Component Designator: OldDesignator=C118 NewDesignator=C119
Change Component Designator: OldDesignator=C119 NewDesignator=C120
Change Component Designator: OldDesignator=C120 NewDesignator=C121
Change Component Designator: OldDesignator=C121 NewDesignator=C122
Change Component Designator: OldDesignator=C122 NewDesignator=C123
Change Component Designator: OldDesignator=C123 NewDesignator=C124
Change Component Designator: OldDesignator=C124 NewDesignator=C125
Change Component Designator: OldDesignator=C125 NewDesignator=C126
Change Component Designator: OldDesignator=C126 NewDesignator=C127
Change Component Designator: OldDesignator=C127 NewDesignator=C128
Change Component Designator: OldDesignator=C128 NewDesignator=C129
Change Component Designator: OldDesignator=C129 NewDesignator=C130
Change Component Designator: OldDesignator=C130 NewDesignator=C131
Change Component Designator: OldDesignator=C131 NewDesignator=C132
Change Component Designator: OldDesignator=C132 NewDesignator=C133
Change Component Designator: OldDesignator=C133 NewDesignator=C134
Change Component Designator: OldDesignator=C134 NewDesignator=C135
Change Component Designator: OldDesignator=C135 NewDesignator=C136
Change Component Designator: OldDesignator=C136 NewDesignator=C137
Change Component Designator: OldDesignator=C137 NewDesignator=C138
Change Component Designator: OldDesignator=C138 NewDesignator=C139
Change Component Designator: OldDesignator=C139 NewDesignator=C140
Change Component Designator: OldDesignator=C140 NewDesignator=C141
Change Component Designator: OldDesignator=C141 NewDesignator=C142
Change Component Designator: OldDesignator=C142 NewDesignator=C143
Change Component Designator: OldDesignator=C143 NewDesignator=C144
Change Component Designator: OldDesignator=C144 NewDesignator=C145
Change Component Designator: OldDesignator=C145 NewDesignator=C146
Change Component Designator: OldDesignator=C146 NewDesignator=C147
Change Component Designator: OldDesignator=C147 NewDesignator=C148
Change Component Designator: OldDesignator=C148 NewDesignator=C149
Added Component: Designator=C16(C0402)
Add component. Clean all parameters for all variants
Add component (AddParameter): Name = "Capacitance"; Value = "100nF"; VariantName = "[No Variations]"
Add component (AddParameter): Name = "Case/Package"; Value = "0402"; VariantName = "[No Variations]"
Add component (AddParameter): Name = "Case Code (Imperial)"; Value = "0402"; VariantName = "[No Variations]"
Add component (AddParameter): Name = "Case Code (Metric)"; Value = "1005"; VariantName = "[No Variations]"
Add component (AddParameter): Name = "ComponentLink1Description"; Value = "http://product.tdk.com/capacitor/mlcc/en/documents/mlccspec_automotive_general_midvoltage_en.pdf?src-supplier=Future+Electronics"; VariantName = "[No Variations]"
Add component (AddParameter): Name = "ComponentLink1URL"; Value = "http://product.tdk.com/capacitor/mlcc/en/documents/mlccspec_automotive_general_midvoltage_en.pdf?src-supplier=Future+Electronics"; VariantName = "[No Variations]"
Add component (AddParameter): Name = "ComponentLink2Description"; Value = "http://www.farnell.com/datasheets/1807242.pdf?src-supplier=Element14"; VariantName = "[No Variations]"
Add component (AddParameter): Name = "ComponentLink2URL"; Value = "http://www.farnell.com/datasheets/1807242.pdf?src-supplier=Element14"; VariantName = "[No Variations]"
Add component (AddParameter): Name = "ComponentLink3Description"; Value = "http://www.mouser.com/ds/2/400/lcc_automotive_general_en-843974.pdf?src-supplier=Mouser"; VariantName = "[No Variations]"
Add component (AddParameter): Name = "ComponentLink3URL"; Value = "http://www.mouser.com/ds/2/400/lcc_automotive_general_en-843974.pdf?src-supplier=Mouser"; VariantName = "[No Variations]"
Add component (AddParameter): Name = "ComponentLink4Description"; Value = "http://www.farnell.com/datasheets/1936565.pdf?src-supplier=Element14"; VariantName = "[No Variations]"
Add component (AddParameter): Name = "ComponentLink4URL"; Value = "http://www.farnell.com/datasheets/1936565.pdf?src-supplier=Element14"; VariantName = "[No Variations]"
Add component (AddParameter): Name = "ComponentLink5Description"; Value = "http://www.farnell.com/datasheets/1735392.pdf?src-supplier=Element14"; VariantName = "[No Variations]"
Add component (AddParameter): Name = "ComponentLink5URL"; Value = "http://www.farnell.com/datasheets/1735392.pdf?src-supplier=Element14"; VariantName = "[No Variations]"
Add component (AddParameter): Name = "Composition"; Value = "Ceramic"; VariantName = "[No Variations]"
Add component (AddParameter): Name = "Depth"; Value = "0.5mm"; VariantName = "[No Variations]"
Add component (AddParameter): Name = "Dielectric"; Value = "X7R"; VariantName = "[No Variations]"
Add component (AddParameter): Name = "Height"; Value = "0.5mm"; VariantName = "[No Variations]"
Add component (AddParameter): Name = "Lead Free"; Value = "Lead Free"; VariantName = "[No Variations]"
Add component (AddParameter): Name = "Length"; Value = "1mm"; VariantName = "[No Variations]"
Add component (AddParameter): Name = "Manufacturer"; Value = "TDK"; VariantName = "[No Variations]"
Add component (AddParameter): Name = "Manufacturer Part Number"; Value = "CGA2B3X7R1H104K050BB"; VariantName = "[No Variations]"
Add component (AddParameter): Name = "Max Operating Temperature"; Value = "125°C"; VariantName = "[No Variations]"
Add component (AddParameter): Name = "Min Operating Temperature"; Value = "-55°C"; VariantName = "[No Variations]"
Add component (AddParameter): Name = "Mount"; Value = "Surface Mount"; VariantName = "[No Variations]"
Add component (AddParameter): Name = "Package Quantity"; Value = "1"; VariantName = "[No Variations]"
Add component (AddParameter): Name = "Packaging"; Value = "Tape and Reel"; VariantName = "[No Variations]"
Add component (AddParameter): Name = "Pricing 1"; Value = "1=0.17, 10=0.118, 50=0.0668, 100=0.0553, 500=0.0388, 1000=0.0321, 2500=0.0299, 5000=0.0273 (USD)"; VariantName = "[No Variations]"
Add component (AddParameter): Name = "Ratings"; Value = "AEC-Q200"; VariantName = "[No Variations]"
Add component (AddParameter): Name = "REACH SVHC"; Value = "No SVHC"; VariantName = "[No Variations]"
Add component (AddParameter): Name = "Stock 1"; Value = "2925303"; VariantName = "[No Variations]"
Add component (AddParameter): Name = "Supplier 1"; Value = "Digi-Key"; VariantName = "[No Variations]"
Add component (AddParameter): Name = "Supplier Part Number 1"; Value = "445-6899-1-ND"; VariantName = "[No Variations]"
Add component (AddParameter): Name = "Termination"; Value = "SMD/SMT"; VariantName = "[No Variations]"
Add component (AddParameter): Name = "Thickness"; Value = "0.022inch"; VariantName = "[No Variations]"
Add component (AddParameter): Name = "Tolerance"; Value = "10%"; VariantName = "[No Variations]"
Add component (AddParameter): Name = "Voltage"; Value = "50V"; VariantName = "[No Variations]"
Add component (AddParameter): Name = "Voltage Rating"; Value = "50V"; VariantName = "[No Variations]"
Add component (AddParameter): Name = "Voltage Rating (DC)"; Value = "50V"; VariantName = "[No Variations]"
Add component (AddParameter): Name = "Weight"; Value = "2.3E-05oz"; VariantName = "[No Variations]"
Add component (AddParameter): Name = "Width"; Value = "0.02inch"; VariantName = "[No Variations]"
Added Pin To Net: NetName=USIM_VDD Pin=C16-1
Added Pin To Net: NetName=GND Pin=C16-2
Change Net Name : Old Net Name=NetC18_1 New Net Name=NetC19_1
Change Net Name : Old Net Name=NetC19_1 New Net Name=NetC20_1
Change Net Name : Old Net Name=NetC26_2 New Net Name=NetC27_2
Change Net Name : Old Net Name=NetC27_2 New Net Name=NetC28_2
Change Net Name : Old Net Name=NetC28_2 New Net Name=NetC29_2
Change Net Name : Old Net Name=NetC29_2 New Net Name=NetC30_2
Change Net Name : Old Net Name=NetC30_2 New Net Name=NetC31_2
Change Net Name : Old Net Name=NetC45_2 New Net Name=NetC46_2
Change Net Name : Old Net Name=NetC50_2 New Net Name=NetC51_2
Change Net Name : Old Net Name=NetC67_2 New Net Name=NetC68_2
Change Net Name : Old Net Name=NetC69_1 New Net Name=NetC70_1
Change Net Name : Old Net Name=NetC70_2 New Net Name=NetC71_2
Change Net Name : Old Net Name=NetC71_2 New Net Name=NetC72_2
Change Net Name : Old Net Name=NetC74_2 New Net Name=NetC75_2
Change Net Name : Old Net Name=NetC75_2 New Net Name=NetC76_2
Change Net Name : Old Net Name=NetC76_1 New Net Name=NetC77_1
Change Net Name : Old Net Name=NetC76_2 New Net Name=NetC77_2
Change Net Name : Old Net Name=NetC85_1 New Net Name=NetC86_1
Change Net Name : Old Net Name=NetC85_2 New Net Name=NetC86_2
Change Net Name : Old Net Name=NetC88_1 New Net Name=NetC89_1
Change Net Name : Old Net Name=NetC96_2 New Net Name=NetC97_2
Change Net Name : Old Net Name=NetC97_2 New Net Name=NetC98_2
Change Net Name : Old Net Name=NetC116_2 New Net Name=NetC117_2
Change Net Name : Old Net Name=NetC122_1 New Net Name=NetC123_1
Change Net Name : Old Net Name=NetC126_1 New Net Name=NetC127_1
Change Net Name : Old Net Name=NetC129_2 New Net Name=NetC130_2
Change Net Name : Old Net Name=NetC134_2 New Net Name=NetC135_2
Change Net Name : Old Net Name=NetC136_1 New Net Name=NetC137_1
Change Net Name : Old Net Name=NetC136_2 New Net Name=NetC137_2
Change Net Name : Old Net Name=NetC139_2 New Net Name=NetC140_2
Change Net Name : Old Net Name=NetC140_2 New Net Name=NetC141_2
Change Net Name : Old Net Name=NetC144_1 New Net Name=NetC145_1
Added Member To Class: ClassName=BG95_PWR Member=Wire NetC20_1
Change Rule Scope 1 : Old Scope=InNet('NetC26_2') New Scope=InNet('NetC27_2')
Change Rule Scope 1 : Old Scope=InNet('NetC27_2') New Scope=InNet('NetC28_2')
Change Rule Scope 1 : Old Scope=InNet('NetC28_2') New Scope=InNet('NetC29_2')
Change Rule Scope 1 : Old Scope=InNet('NetC29_2') New Scope=InNet('NetC30_2')
Change Rule Scope 1 : Old Scope=InNet('NetC30_2') New Scope=InNet('NetC31_2')
