Removed Pin From Net: NetName=\STM32_RST Pin=D11-1
Removed Pin From Net: NetName=GND Pin=D11-3
Removed Pin From Net: NetName=PA13 Pin=D11-4
Removed Pin From Net: NetName=PA14 Pin=D11-5
Removed Pin From Net: NetName=PIN#6_P01 Pin=D11-6
Removed Pin From Net: NetName=PC4 Pin=D12-1
Removed Pin From Net: NetName=GND Pin=D12-3
Removed Pin From Net: NetName=DEBUG.CTS/TMS Pin=D12-4
Removed Pin From Net: NetName=PC5 Pin=D12-5
Removed Pin From Net: NetName=DEBUG.RTS/TDO Pin=D12-6
Added Pin To Net: NetName=PA14 Pin=D11-1
Added Pin To Net: NetName=PIN#6_P01 Pin=D11-3
Added Pin To Net: NetName=GND Pin=D11-4
Added Pin To Net: NetName=PA13 Pin=D11-5
Added Pin To Net: NetName=\STM32_RST Pin=D11-6
Added Pin To Net: NetName=PC5 Pin=D12-1
Added Pin To Net: NetName=DEBUG.RTS/TDO Pin=D12-3
Added Pin To Net: NetName=GND Pin=D12-4
Added Pin To Net: NetName=DEBUG.CTS/TMS Pin=D12-5
Added Pin To Net: NetName=PC4 Pin=D12-6
