Change Component Physical Designator: Old Designator=C1 New Designator=C145
Change Component Physical Designator: Old Designator=C1 New Designator=C152
Change Component Physical Designator: Old Designator=C2 New Designator=C146
Change Component Physical Designator: Old Designator=C2 New Designator=C153
Change Component Physical Designator: Old Designator=C3 New Designator=C147
Change Component Physical Designator: Old Designator=C4 New Designator=C148
Change Component Physical Designator: Old Designator=C5 New Designator=C149
Change Component Physical Designator: Old Designator=C6 New Designator=C150
Change Component Physical Designator: Old Designator=C19 New Designator=C16
Change Component Physical Designator: Old Designator=C20 New Designator=C17
Change Component Physical Designator: Old Designator=C21 New Designator=C18
Change Component Physical Designator: Old Designator=C22 New Designator=C19
Change Component Physical Designator: Old Designator=C23 New Designator=C20
Change Component Physical Designator: Old Designator=C24 New Designator=C21
Change Component Physical Designator: Old Designator=C25 New Designator=C22
Change Component Physical Designator: Old Designator=C26 New Designator=C23
Change Component Physical Designator: Old Designator=C27 New Designator=C24
Change Component Physical Designator: Old Designator=C28 New Designator=C25
Change Component Physical Designator: Old Designator=C29 New Designator=C26
Change Component Physical Designator: Old Designator=C30 New Designator=C27
Change Component Physical Designator: Old Designator=C31 New Designator=C28
Change Component Physical Designator: Old Designator=C32 New Designator=C29
Change Component Physical Designator: Old Designator=C33 New Designator=C30
Change Component Physical Designator: Old Designator=C34 New Designator=C31
Change Component Physical Designator: Old Designator=C35 New Designator=C32
Change Component Physical Designator: Old Designator=C36 New Designator=C33
Change Component Physical Designator: Old Designator=C37 New Designator=C34
Change Component Physical Designator: Old Designator=C38 New Designator=C35
Change Component Physical Designator: Old Designator=C39 New Designator=C36
Change Component Physical Designator: Old Designator=C40 New Designator=C37
Change Component Physical Designator: Old Designator=C41 New Designator=C38
Change Component Physical Designator: Old Designator=C42 New Designator=C39
Change Component Physical Designator: Old Designator=C43 New Designator=C40
Change Component Physical Designator: Old Designator=C44 New Designator=C41
Change Component Physical Designator: Old Designator=C45 New Designator=C42
Change Component Physical Designator: Old Designator=C46 New Designator=C43
Change Component Physical Designator: Old Designator=C47 New Designator=C44
Change Component Physical Designator: Old Designator=C48 New Designator=C45
Change Component Physical Designator: Old Designator=C49 New Designator=C46
Change Component Physical Designator: Old Designator=C50 New Designator=C47
Change Component Physical Designator: Old Designator=C51 New Designator=C48
Change Component Physical Designator: Old Designator=C52 New Designator=C49
Change Component Physical Designator: Old Designator=C53 New Designator=C50
Change Component Physical Designator: Old Designator=C54 New Designator=C51
Change Component Physical Designator: Old Designator=C55 New Designator=C52
Change Component Physical Designator: Old Designator=C56 New Designator=C53
Change Component Physical Designator: Old Designator=C57 New Designator=C54
Change Component Physical Designator: Old Designator=C58 New Designator=C55
Change Component Physical Designator: Old Designator=C59 New Designator=C56
Change Component Physical Designator: Old Designator=C60 New Designator=C57
Change Component Physical Designator: Old Designator=C61 New Designator=C58
Change Component Physical Designator: Old Designator=C62 New Designator=C59
Change Component Physical Designator: Old Designator=C63 New Designator=C60
Change Component Physical Designator: Old Designator=C64 New Designator=C61
Change Component Physical Designator: Old Designator=C65 New Designator=C62
Change Component Physical Designator: Old Designator=C66 New Designator=C63
Change Component Physical Designator: Old Designator=C67 New Designator=C64
Change Component Physical Designator: Old Designator=C68 New Designator=C65
Change Component Physical Designator: Old Designator=C69 New Designator=C66
Change Component Physical Designator: Old Designator=C70 New Designator=C67
Change Component Physical Designator: Old Designator=C71 New Designator=C68
Change Component Physical Designator: Old Designator=C72 New Designator=C69
Change Component Physical Designator: Old Designator=C73 New Designator=C70
Change Component Physical Designator: Old Designator=C74 New Designator=C71
Change Component Physical Designator: Old Designator=C75 New Designator=C72
Change Component Physical Designator: Old Designator=C76 New Designator=C73
Change Component Physical Designator: Old Designator=C77 New Designator=C74
Change Component Physical Designator: Old Designator=C78 New Designator=C75
Change Component Physical Designator: Old Designator=C79 New Designator=C76
Change Component Physical Designator: Old Designator=C80 New Designator=C77
Change Component Physical Designator: Old Designator=C81 New Designator=C78
Change Component Physical Designator: Old Designator=C82 New Designator=C79
Change Component Physical Designator: Old Designator=C83 New Designator=C80
Change Component Physical Designator: Old Designator=C84 New Designator=C81
Change Component Physical Designator: Old Designator=C85 New Designator=C82
Change Component Physical Designator: Old Designator=C86 New Designator=C83
Change Component Physical Designator: Old Designator=C87 New Designator=C84
Change Component Physical Designator: Old Designator=C88 New Designator=C85
Change Component Physical Designator: Old Designator=C89 New Designator=C86
Change Component Physical Designator: Old Designator=C90 New Designator=C87
Change Component Physical Designator: Old Designator=C91 New Designator=C88
Change Component Physical Designator: Old Designator=C92 New Designator=C89
Change Component Physical Designator: Old Designator=C93 New Designator=C90
Change Component Physical Designator: Old Designator=C94 New Designator=C91
Change Component Physical Designator: Old Designator=C95 New Designator=C92
Change Component Physical Designator: Old Designator=C96 New Designator=C93
Change Component Physical Designator: Old Designator=C97 New Designator=C94
Change Component Physical Designator: Old Designator=C98 New Designator=C95
Change Component Physical Designator: Old Designator=C99 New Designator=C96
Change Component Physical Designator: Old Designator=C100 New Designator=C97
Change Component Physical Designator: Old Designator=C101 New Designator=C98
Change Component Physical Designator: Old Designator=C102 New Designator=C99
Change Component Physical Designator: Old Designator=C103 New Designator=C100
Change Component Physical Designator: Old Designator=C104 New Designator=C101
Change Component Physical Designator: Old Designator=C105 New Designator=C102
Change Component Physical Designator: Old Designator=C106 New Designator=C103
Change Component Physical Designator: Old Designator=C107 New Designator=C104
Change Component Physical Designator: Old Designator=C108 New Designator=C105
Change Component Physical Designator: Old Designator=C109 New Designator=C106
Change Component Physical Designator: Old Designator=C110 New Designator=C107
Change Component Physical Designator: Old Designator=C111 New Designator=C108
Change Component Physical Designator: Old Designator=C112 New Designator=C109
Change Component Physical Designator: Old Designator=C113 New Designator=C110
Change Component Physical Designator: Old Designator=C114 New Designator=C111
Change Component Physical Designator: Old Designator=C115 New Designator=C112
Change Component Physical Designator: Old Designator=C116 New Designator=C113
Change Component Physical Designator: Old Designator=C117 New Designator=C114
Change Component Physical Designator: Old Designator=C118 New Designator=C115
Change Component Physical Designator: Old Designator=C119 New Designator=C151
Change Component Physical Designator: Old Designator=C120 New Designator=C116
Change Component Physical Designator: Old Designator=C121 New Designator=C117
Change Component Physical Designator: Old Designator=C122 New Designator=C118
Change Component Physical Designator: Old Designator=C123 New Designator=C119
Change Component Physical Designator: Old Designator=C124 New Designator=C120
Change Component Physical Designator: Old Designator=C125 New Designator=C121
Change Component Physical Designator: Old Designator=C126 New Designator=C122
Change Component Physical Designator: Old Designator=C127 New Designator=C123
Change Component Physical Designator: Old Designator=C128 New Designator=C124
Change Component Physical Designator: Old Designator=C129 New Designator=C125
Change Component Physical Designator: Old Designator=C130 New Designator=C126
Change Component Physical Designator: Old Designator=C131 New Designator=C127
Change Component Physical Designator: Old Designator=C132 New Designator=C128
Change Component Physical Designator: Old Designator=C133 New Designator=C129
Change Component Physical Designator: Old Designator=C134 New Designator=C130
Change Component Physical Designator: Old Designator=C135 New Designator=C131
Change Component Physical Designator: Old Designator=C136 New Designator=C132
Change Component Physical Designator: Old Designator=C137 New Designator=C133
Change Component Physical Designator: Old Designator=C138 New Designator=C134
Change Component Physical Designator: Old Designator=C139 New Designator=C135
Change Component Physical Designator: Old Designator=C140 New Designator=C136
Change Component Physical Designator: Old Designator=C141 New Designator=C137
Change Component Physical Designator: Old Designator=C142 New Designator=C138
Change Component Physical Designator: Old Designator=C143 New Designator=C139
Change Component Physical Designator: Old Designator=C144 New Designator=C140
Change Component Physical Designator: Old Designator=C145 New Designator=C141
Change Component Physical Designator: Old Designator=C146 New Designator=C142
Change Component Physical Designator: Old Designator=C147 New Designator=C143
Change Component Physical Designator: Old Designator=C148 New Designator=C144
Change Component Physical Designator: Old Designator=D1 New Designator=D25
Change Component Physical Designator: Old Designator=D8 New Designator=D7
Change Component Physical Designator: Old Designator=D9 New Designator=D8
Change Component Physical Designator: Old Designator=D10 New Designator=D9
Change Component Physical Designator: Old Designator=D11 New Designator=D10
Change Component Physical Designator: Old Designator=D12 New Designator=D11
Change Component Physical Designator: Old Designator=D13 New Designator=D12
Change Component Physical Designator: Old Designator=D14 New Designator=D13
Change Component Physical Designator: Old Designator=D15 New Designator=D14
Change Component Physical Designator: Old Designator=D16 New Designator=D15
Change Component Physical Designator: Old Designator=D17 New Designator=D16
Change Component Physical Designator: Old Designator=D18 New Designator=D17
Change Component Physical Designator: Old Designator=D19 New Designator=D18
Change Component Physical Designator: Old Designator=D20 New Designator=D19
Change Component Physical Designator: Old Designator=D21 New Designator=D20
Change Component Physical Designator: Old Designator=D22 New Designator=D21
Change Component Physical Designator: Old Designator=D23 New Designator=D22
Change Component Physical Designator: Old Designator=D24 New Designator=D23
Change Component Physical Designator: Old Designator=D25 New Designator=D24
Change Component Physical Designator: Old Designator=J1 New Designator=J14
Change Component Physical Designator: Old Designator=P2 New Designator=P1
Change Component Physical Designator: Old Designator=P16 New Designator=P2
Change Component Physical Designator: Old Designator=R2 New Designator=R169
Change Component Physical Designator: Old Designator=R3 New Designator=R170
Change Component Physical Designator: Old Designator=R4 New Designator=R171
Change Component Physical Designator: Old Designator=R5 New Designator=R172
Change Component Physical Designator: Old Designator=TP25 New Designator=TP31
Change Component Physical Designator: Old Designator=TP26 New Designator=TP32
Change Component Physical Designator: Old Designator=TP27 New Designator=TP25
Change Component Physical Designator: Old Designator=TP27 New Designator=TP33
Change Component Physical Designator: Old Designator=TP28 New Designator=TP26
Change Component Physical Designator: Old Designator=TP28 New Designator=TP34
Change Component Physical Designator: Old Designator=TP29 New Designator=TP27
Change Component Physical Designator: Old Designator=TP30 New Designator=TP28
Change Component Physical Designator: Old Designator=TP31 New Designator=TP29
Change Component Physical Designator: Old Designator=TP32 New Designator=TP30
Change Component Physical Designator: Old Designator=U1 New Designator=U40
Change Component Physical Designator: Old Designator=U1 New Designator=U42
Change Component Physical Designator: Old Designator=U3 New Designator=U2
Change Component Physical Designator: Old Designator=U4 New Designator=U3
Change Component Physical Designator: Old Designator=U5 New Designator=U4
Change Component Physical Designator: Old Designator=U6 New Designator=U5
Change Component Physical Designator: Old Designator=U6 New Designator=U5
Change Component Physical Designator: Old Designator=U6 New Designator=U5
Change Component Physical Designator: Old Designator=U6 New Designator=U5
Change Component Physical Designator: Old Designator=U6 New Designator=U5
Change Component Physical Designator: Old Designator=U6 New Designator=U5
Change Component Physical Designator: Old Designator=U7 New Designator=U6
Change Component Physical Designator: Old Designator=U8 New Designator=U7
Change Component Physical Designator: Old Designator=U9 New Designator=U8
Change Component Physical Designator: Old Designator=U10 New Designator=U9
Change Component Physical Designator: Old Designator=U11 New Designator=U10
Change Component Physical Designator: Old Designator=U12 New Designator=U11
Change Component Physical Designator: Old Designator=U13 New Designator=U12
Change Component Physical Designator: Old Designator=U14 New Designator=U13
Change Component Physical Designator: Old Designator=U15 New Designator=U14
Change Component Physical Designator: Old Designator=U16 New Designator=U15
Change Component Physical Designator: Old Designator=U17 New Designator=U16
Change Component Physical Designator: Old Designator=U18 New Designator=U17
Change Component Physical Designator: Old Designator=U19 New Designator=U18
Change Component Physical Designator: Old Designator=U20 New Designator=U19
Change Component Physical Designator: Old Designator=U21 New Designator=U20
Change Component Physical Designator: Old Designator=U22 New Designator=U21
Change Component Physical Designator: Old Designator=U23 New Designator=U22
Change Component Physical Designator: Old Designator=U24 New Designator=U23
Change Component Physical Designator: Old Designator=U25 New Designator=U24
Change Component Physical Designator: Old Designator=U26 New Designator=U25
Change Component Physical Designator: Old Designator=U26 New Designator=U25
Change Component Physical Designator: Old Designator=U27 New Designator=U26
Change Component Physical Designator: Old Designator=U28 New Designator=U27
Change Component Physical Designator: Old Designator=U29 New Designator=U28
Change Component Physical Designator: Old Designator=U30 New Designator=U29
Change Component Physical Designator: Old Designator=U31 New Designator=U41
Change Component Physical Designator: Old Designator=U32 New Designator=U30
Change Component Physical Designator: Old Designator=U33 New Designator=U31
Change Component Physical Designator: Old Designator=U34 New Designator=U32
Change Component Physical Designator: Old Designator=U35 New Designator=U33
Change Component Physical Designator: Old Designator=U36 New Designator=U34
Change Component Physical Designator: Old Designator=U37 New Designator=U35
Change Component Physical Designator: Old Designator=U38 New Designator=U36
Change Component Physical Designator: Old Designator=U39 New Designator=U37
Change Component Physical Designator: Old Designator=U40 New Designator=U38
Change Component Physical Designator: Old Designator=U41 New Designator=U39
